Archive member included to satisfy reference by file (symbol)

C:/ST/STM32CubeIDE_1.16.1/STM32CubeIDE/plugins/com.st.stm32cube.ide.mcu.externaltools.gnu-tools-for-stm32.12.3.rel1.win32_1.0.200.202406191623/tools/bin/../lib/gcc/arm-none-eabi/12.3.1/../../../../arm-none-eabi/lib/thumb/v7e-m+fp/hard\libc_nano.a(libc_a-exit.o)
                              C:/ST/STM32CubeIDE_1.16.1/STM32CubeIDE/plugins/com.st.stm32cube.ide.mcu.externaltools.gnu-tools-for-stm32.12.3.rel1.win32_1.0.200.202406191623/tools/bin/../lib/gcc/arm-none-eabi/12.3.1/../../../../arm-none-eabi/lib/thumb/v7e-m+fp/hard/crt0.o (exit)
C:/ST/STM32CubeIDE_1.16.1/STM32CubeIDE/plugins/com.st.stm32cube.ide.mcu.externaltools.gnu-tools-for-stm32.12.3.rel1.win32_1.0.200.202406191623/tools/bin/../lib/gcc/arm-none-eabi/12.3.1/../../../../arm-none-eabi/lib/thumb/v7e-m+fp/hard\libc_nano.a(libc_a-findfp.o)
                              C:/ST/STM32CubeIDE_1.16.1/STM32CubeIDE/plugins/com.st.stm32cube.ide.mcu.externaltools.gnu-tools-for-stm32.12.3.rel1.win32_1.0.200.202406191623/tools/bin/../lib/gcc/arm-none-eabi/12.3.1/../../../../arm-none-eabi/lib/thumb/v7e-m+fp/hard\libc_nano.a(libc_a-exit.o) (__stdio_exit_handler)
C:/ST/STM32CubeIDE_1.16.1/STM32CubeIDE/plugins/com.st.stm32cube.ide.mcu.externaltools.gnu-tools-for-stm32.12.3.rel1.win32_1.0.200.202406191623/tools/bin/../lib/gcc/arm-none-eabi/12.3.1/../../../../arm-none-eabi/lib/thumb/v7e-m+fp/hard\libc_nano.a(libc_a-fwalk.o)
                              C:/ST/STM32CubeIDE_1.16.1/STM32CubeIDE/plugins/com.st.stm32cube.ide.mcu.externaltools.gnu-tools-for-stm32.12.3.rel1.win32_1.0.200.202406191623/tools/bin/../lib/gcc/arm-none-eabi/12.3.1/../../../../arm-none-eabi/lib/thumb/v7e-m+fp/hard\libc_nano.a(libc_a-findfp.o) (_fwalk_sglue)
C:/ST/STM32CubeIDE_1.16.1/STM32CubeIDE/plugins/com.st.stm32cube.ide.mcu.externaltools.gnu-tools-for-stm32.12.3.rel1.win32_1.0.200.202406191623/tools/bin/../lib/gcc/arm-none-eabi/12.3.1/../../../../arm-none-eabi/lib/thumb/v7e-m+fp/hard\libc_nano.a(libc_a-stdio.o)
                              C:/ST/STM32CubeIDE_1.16.1/STM32CubeIDE/plugins/com.st.stm32cube.ide.mcu.externaltools.gnu-tools-for-stm32.12.3.rel1.win32_1.0.200.202406191623/tools/bin/../lib/gcc/arm-none-eabi/12.3.1/../../../../arm-none-eabi/lib/thumb/v7e-m+fp/hard\libc_nano.a(libc_a-findfp.o) (__sread)
C:/ST/STM32CubeIDE_1.16.1/STM32CubeIDE/plugins/com.st.stm32cube.ide.mcu.externaltools.gnu-tools-for-stm32.12.3.rel1.win32_1.0.200.202406191623/tools/bin/../lib/gcc/arm-none-eabi/12.3.1/../../../../arm-none-eabi/lib/thumb/v7e-m+fp/hard\libc_nano.a(libc_a-memset.o)
                              C:/ST/STM32CubeIDE_1.16.1/STM32CubeIDE/plugins/com.st.stm32cube.ide.mcu.externaltools.gnu-tools-for-stm32.12.3.rel1.win32_1.0.200.202406191623/tools/bin/../lib/gcc/arm-none-eabi/12.3.1/../../../../arm-none-eabi/lib/thumb/v7e-m+fp/hard/crt0.o (memset)
C:/ST/STM32CubeIDE_1.16.1/STM32CubeIDE/plugins/com.st.stm32cube.ide.mcu.externaltools.gnu-tools-for-stm32.12.3.rel1.win32_1.0.200.202406191623/tools/bin/../lib/gcc/arm-none-eabi/12.3.1/../../../../arm-none-eabi/lib/thumb/v7e-m+fp/hard\libc_nano.a(libc_a-closer.o)
                              C:/ST/STM32CubeIDE_1.16.1/STM32CubeIDE/plugins/com.st.stm32cube.ide.mcu.externaltools.gnu-tools-for-stm32.12.3.rel1.win32_1.0.200.202406191623/tools/bin/../lib/gcc/arm-none-eabi/12.3.1/../../../../arm-none-eabi/lib/thumb/v7e-m+fp/hard\libc_nano.a(libc_a-stdio.o) (_close_r)
C:/ST/STM32CubeIDE_1.16.1/STM32CubeIDE/plugins/com.st.stm32cube.ide.mcu.externaltools.gnu-tools-for-stm32.12.3.rel1.win32_1.0.200.202406191623/tools/bin/../lib/gcc/arm-none-eabi/12.3.1/../../../../arm-none-eabi/lib/thumb/v7e-m+fp/hard\libc_nano.a(libc_a-reent.o)
                              C:/ST/STM32CubeIDE_1.16.1/STM32CubeIDE/plugins/com.st.stm32cube.ide.mcu.externaltools.gnu-tools-for-stm32.12.3.rel1.win32_1.0.200.202406191623/tools/bin/../lib/gcc/arm-none-eabi/12.3.1/../../../../arm-none-eabi/lib/thumb/v7e-m+fp/hard\libc_nano.a(libc_a-closer.o) (errno)
C:/ST/STM32CubeIDE_1.16.1/STM32CubeIDE/plugins/com.st.stm32cube.ide.mcu.externaltools.gnu-tools-for-stm32.12.3.rel1.win32_1.0.200.202406191623/tools/bin/../lib/gcc/arm-none-eabi/12.3.1/../../../../arm-none-eabi/lib/thumb/v7e-m+fp/hard\libc_nano.a(libc_a-impure.o)
                              C:/ST/STM32CubeIDE_1.16.1/STM32CubeIDE/plugins/com.st.stm32cube.ide.mcu.externaltools.gnu-tools-for-stm32.12.3.rel1.win32_1.0.200.202406191623/tools/bin/../lib/gcc/arm-none-eabi/12.3.1/../../../../arm-none-eabi/lib/thumb/v7e-m+fp/hard\libc_nano.a(libc_a-reent.o) (_impure_ptr)
C:/ST/STM32CubeIDE_1.16.1/STM32CubeIDE/plugins/com.st.stm32cube.ide.mcu.externaltools.gnu-tools-for-stm32.12.3.rel1.win32_1.0.200.202406191623/tools/bin/../lib/gcc/arm-none-eabi/12.3.1/../../../../arm-none-eabi/lib/thumb/v7e-m+fp/hard\libc_nano.a(libc_a-lseekr.o)
[...]
Memory Configuration

Name             Origin             Length             Attributes
RAM              0x20000000         0x00020000         xrw
FLASH            0x08000000         0x00080000         xr
*default*        0x00000000         0xffffffff

Linker script and memory map

LOAD C:/ST/STM32CubeIDE_1.16.1/STM32CubeIDE/plugins/com.st.stm32cube.ide.mcu.externaltools.gnu-tools-for-stm32.12.3.rel1.win32_1.0.200.202406191623/tools/bin/../lib/gcc/arm-none-eabi/12.3.1/thumb/v7e-m+fp/hard/crti.o
LOAD C:/ST/STM32CubeIDE_1.16.1/STM32CubeIDE/plugins/com.st.stm32cube.ide.mcu.externaltools.gnu-tools-for-stm32.12.3.rel1.win32_1.0.200.202406191623/tools/bin/../lib/gcc/arm-none-eabi/12.3.1/thumb/v7e-m+fp/hard/crtbegin.o
LOAD C:/ST/STM32CubeIDE_1.16.1/STM32CubeIDE/plugins/com.st.stm32cube.ide.mcu.externaltools.gnu-tools-for-stm32.12.3.rel1.win32_1.0.200.202406191623/tools/bin/../lib/gcc/arm-none-eabi/12.3.1/../../../../arm-none-eabi/lib/thumb/v7e-m+fp/hard/crt0.o
LOAD ./Core/Src/main.o
LOAD ./Core/Src/stm32f4xx_hal_msp.o
LOAD ./Core/Src/stm32f4xx_hal_timebase_tim.o
LOAD ./Core/Src/stm32f4xx_it.o
LOAD ./Core/Src/syscalls.o
LOAD ./Core/Src/system_stm32f4xx.o
LOAD ./Core/Startup/startup_stm32f411vetx.o
LOAD ./Drivers/STM32F4xx_HAL_Driver/Src/stm32f4xx_hal.o
LOAD ./Drivers/STM32F4xx_HAL_Driver/Src/stm32f4xx_hal_cortex.o
LOAD ./Drivers/STM32F4xx_HAL_Driver/Src/stm32f4xx_hal_dma.o
LOAD ./Drivers/STM32F4xx_HAL_Driver/Src/stm32f4xx_hal_dma_ex.o
LOAD ./Drivers/STM32F4xx_HAL_Driver/Src/stm32f4xx_hal_exti.o
LOAD ./Drivers/STM32F4xx_HAL_Driver/Src/stm32f4xx_hal_flash.o
LOAD ./Drivers/STM32F4xx_HAL_Driver/Src/stm32f4xx_hal_flash_ex.o
LOAD ./Drivers/STM32F4xx_HAL_Driver/Src/stm32f4xx_hal_flash_ramfunc.o
LOAD ./Drivers/STM32F4xx_HAL_Driver/Src/stm32f4xx_hal_gpio.o
LOAD ./Drivers/STM32F4xx_HAL_Driver/Src/stm32f4xx_hal_i2c.o
LOAD ./Drivers/STM32F4xx_HAL_Driver/Src/stm32f4xx_hal_i2c_ex.o
LOAD ./Drivers/STM32F4xx_HAL_Driver/Src/stm32f4xx_hal_i2s.o
LOAD ./Drivers/STM32F4xx_HAL_Driver/Src/stm32f4xx_hal_i2s_ex.o
LOAD ./Drivers/STM32F4xx_HAL_Driver/Src/stm32f4xx_hal_pcd.o
LOAD ./Drivers/STM32F4xx_HAL_Driver/Src/stm32f4xx_hal_pcd_ex.o
LOAD ./Drivers/STM32F4xx_HAL_Driver/Src/stm32f4xx_hal_pwr.o
LOAD ./Drivers/STM32F4xx_HAL_Driver/Src/stm32f4xx_hal_pwr_ex.o
LOAD ./Drivers/STM32F4xx_HAL_Driver/Src/stm32f4xx_hal_rcc.o
LOAD ./Drivers/STM32F4xx_HAL_Driver/Src/stm32f4xx_hal_rcc_ex.o
LOAD ./Drivers/STM32F4xx_HAL_Driver/Src/stm32f4xx_hal_spi.o
LOAD ./Drivers/STM32F4xx_HAL_Driver/Src/stm32f4xx_hal_tim.o
LOAD ./Drivers/STM32F4xx_HAL_Driver/Src/stm32f4xx_hal_tim_ex.o
LOAD ./Drivers/STM32F4xx_HAL_Driver/Src/stm32f4xx_ll_usb.o
LOAD ./FreeRTOS/Source/croutine.o
LOAD ./FreeRTOS/Source/event_groups.o
LOAD ./FreeRTOS/Source/list.o
LOAD ./FreeRTOS/Source/queue.o
LOAD ./FreeRTOS/Source/stream_buffer.o
LOAD ./FreeRTOS/Source/tasks.o
LOAD ./FreeRTOS/Source/timers.o
LOAD ./FreeRTOS/Source/portable/GCC/ARM_CM4F/port.o
LOAD ./FreeRTOS/Source/portable/MemMang/heap_4.o
LOAD ./Middlewares/ST/STM32_USB_Device_Library/Class/CDC/Src/usbd_cdc.o
LOAD ./Middlewares/ST/STM32_USB_Device_Library/Core/Src/usbd_core.o
LOAD ./Middlewares/ST/STM32_USB_Device_Library/Core/Src/usbd_ctlreq.o
LOAD ./Middlewares/ST/STM32_USB_Device_Library/Core/Src/usbd_ioreq.o
LOAD ./USB_DEVICE/App/usb_device.o
LOAD ./USB_DEVICE/App/usbd_cdc_if.o
LOAD ./USB_DEVICE/App/usbd_desc.o
LOAD ./USB_DEVICE/Target/usbd_conf.o
START GROUP
LOAD C:/ST/STM32CubeIDE_1.16.1/STM32CubeIDE/plugins/com.st.stm32cube.ide.mcu.externaltools.gnu-tools-for-stm32.12.3.rel1.win32_1.0.200.202406191623/tools/bin/../lib/gcc/arm-none-eabi/12.3.1/../../../../arm-none-eabi/lib/thumb/v7e-m+fp/hard\libc_nano.a
LOAD C:/ST/STM32CubeIDE_1.16.1/STM32CubeIDE/plugins/com.st.stm32cube.ide.mcu.externaltools.gnu-tools-for-stm32.12.3.rel1.win32_1.0.200.202406191623/tools/bin/../lib/gcc/arm-none-eabi/12.3.1/../../../../arm-none-eabi/lib/thumb/v7e-m+fp/hard\libm.a
END GROUP
START GROUP
LOAD C:/ST/STM32CubeIDE_1.16.1/STM32CubeIDE/plugins/com.st.stm32cube.ide.mcu.externaltools.gnu-tools-for-stm32.12.3.rel1.win32_1.0.200.202406191623/tools/bin/../lib/gcc/arm-none-eabi/12.3.1/thumb/v7e-m+fp/hard\libgcc.a
LOAD C:/ST/STM32CubeIDE_1.16.1/STM32CubeIDE/plugins/com.st.stm32cube.ide.mcu.externaltools.gnu-tools-for-stm32.12.3.rel1.win32_1.0.200.202406191623/tools/bin/../lib/gcc/arm-none-eabi/12.3.1/../../../../arm-none-eabi/lib/thumb/v7e-m+fp/hard\libc_nano.a
END GROUP
START GROUP
LOAD C:/ST/STM32CubeIDE_1.16.1/STM32CubeIDE/plugins/com.st.stm32cube.ide.mcu.externaltools.gnu-tools-for-stm32.12.3.rel1.win32_1.0.200.202406191623/tools/bin/../lib/gcc/arm-none-eabi/12.3.1/thumb/v7e-m+fp/hard\libgcc.a
LOAD C:/ST/STM32CubeIDE_1.16.1/STM32CubeIDE/plugins/com.st.stm32cube.ide.mcu.externaltools.gnu-tools-for-stm32.12.3.rel1.win32_1.0.200.202406191623/tools/bin/../lib/gcc/arm-none-eabi/12.3.1/../../../../arm-none-eabi/lib/thumb/v7e-m+fp/hard\libc_nano.a
LOAD C:/ST/STM32CubeIDE_1.16.1/STM32CubeIDE/plugins/com.st.stm32cube.ide.mcu.externaltools.gnu-tools-for-stm32.12.3.rel1.win32_1.0.200.202406191623/tools/bin/../lib/gcc/arm-none-eabi/12.3.1/../../../../arm-none-eabi/lib/thumb/v7e-m+fp/hard\libnosys.a
END GROUP
START GROUP
LOAD C:/ST/STM32CubeIDE_1.16.1/STM32CubeIDE/plugins/com.st.stm32cube.ide.mcu.externaltools.gnu-tools-for-stm32.12.3.rel1.win32_1.0.200.202406191623/tools/bin/../lib/gcc/arm-none-eabi/12.3.1/thumb/v7e-m+fp/hard\libgcc.a
LOAD C:/ST/STM32CubeIDE_1.16.1/STM32CubeIDE/plugins/com.st.stm32cube.ide.mcu.externaltools.gnu-tools-for-stm32.12.3.rel1.win32_1.0.200.202406191623/tools/bin/../lib/gcc/arm-none-eabi/12.3.1/../../../../arm-none-eabi/lib/thumb/v7e-m+fp/hard\libc_nano.a
LOAD C:/ST/STM32CubeIDE_1.16.1/STM32CubeIDE/plugins/com.st.stm32cube.ide.mcu.externaltools.gnu-tools-for-stm32.12.3.rel1.win32_1.0.200.202406191623/tools/bin/../lib/gcc/arm-none-eabi/12.3.1/../../../../arm-none-eabi/lib/thumb/v7e-m+fp/hard\libnosys.a
END GROUP
LOAD C:/ST/STM32CubeIDE_1.16.1/STM32CubeIDE/plugins/com.st.stm32cube.ide.mcu.externaltools.gnu-tools-for-stm32.12.3.rel1.win32_1.0.200.202406191623/tools/bin/../lib/gcc/arm-none-eabi/12.3.1/thumb/v7e-m+fp/hard/crtend.o
LOAD C:/ST/STM32CubeIDE_1.16.1/STM32CubeIDE/plugins/com.st.stm32cube.ide.mcu.externaltools.gnu-tools-for-stm32.12.3.rel1.win32_1.0.200.202406191623/tools/bin/../lib/gcc/arm-none-eabi/12.3.1/thumb/v7e-m+fp/hard/crtn.o
                0x20020000                        _estack = (ORIGIN (RAM) + LENGTH (RAM))
                0x00000200                        _Min_Heap_Size = 0x200
                0x00000400                        _Min_Stack_Size = 0x400

.isr_vector     0x08000000      0x198
                0x08000000                        . = ALIGN (0x4)
 *(.isr_vector)
 .isr_vector    0x08000000      0x198 ./Core/Startup/startup_stm32f411vetx.o
                0x08000000                g_pfnVectors
                0x08000198                        . = ALIGN (0x4)

.text           0x080001a0     0xb8fc
                0x080001a0                        . = ALIGN (0x4)
 *(.text)
 .text          0x080001a0       0x40 C:/ST/STM32CubeIDE_1.16.1/STM32CubeIDE/plugins/com.st.stm32cube.ide.mcu.externaltools.gnu-tools-for-stm32.12.3.rel1.win32_1.0.200.202406191623/tools/bin/../lib/gcc/arm-none-eabi/12.3.1/thumb/v7e-m+fp/hard/crtbegin.o
 .text          0x080001e0       0x30 C:/ST/STM32CubeIDE_1.16.1/STM32CubeIDE/plugins/com.st.stm32cube.ide.mcu.externaltools.gnu-tools-for-stm32.12.3.rel1.win32_1.0.200.202406191623/tools/bin/../lib/gcc/arm-none-eabi/12.3.1/thumb/v7e-m+fp/hard\libgcc.a(_aeabi_uldivmod.o)
                0x080001e0                __aeabi_uldivmod
 .text          0x08000210      0x2bc C:/ST/STM32CubeIDE_1.16.1/STM32CubeIDE/plugins/com.st.stm32cube.ide.mcu.externaltools.gnu-tools-for-stm32.12.3.rel1.win32_1.0.200.202406191623/tools/bin/../lib/gcc/arm-none-eabi/12.3.1/thumb/v7e-m+fp/hard\libgcc.a(_udivmoddi4.o)
                0x08000210                __udivmoddi4
 .text          0x080004cc        0x4 C:/ST/STM32CubeIDE_1.16.1/STM32CubeIDE/plugins/com.st.stm32cube.ide.mcu.externaltools.gnu-tools-for-stm32.12.3.rel1.win32_1.0.200.202406191623/tools/bin/../lib/gcc/arm-none-eabi/12.3.1/thumb/v7e-m+fp/hard\libgcc.a(_dvmd_tls.o)
                0x080004cc                __aeabi_idiv0
                0x080004cc                __aeabi_ldiv0
 *(.text*)
 .text.i2c1_pisiRegister
                0x080004d0       0x44 ./Core/Src/main.o
                0x080004d0                i2c1_pisiRegister
 .text.initOrientation
                0x08000514       0x1c ./Core/Src/main.o
                0x08000514                initOrientation
 .text.spi1_beriRegister
                0x08000530       0x58 ./Core/Src/main.o
                0x08000530                spi1_beriRegister
 .text.spi1_pisiRegister
                0x08000588       0x54 ./Core/Src/main.o
                0x08000588                spi1_pisiRegister
 .text.initGyro
                0x080005dc       0x30 ./Core/Src/main.o
                0x080005dc                initGyro
 .text.vTask1   0x0800060c       0x24 ./Core/Src/main.o
                0x0800060c                vTask1
 .text.vTask2   0x08000630       0x24 ./Core/Src/main.o
                0x08000630                vTask2
 .text.main     0x08000654       0xa8 ./Core/Src/main.o
                0x08000654                main
 .text.SystemClock_Config
                0x080006fc       0xd0 ./Core/Src/main.o
                0x080006fc                SystemClock_Config
 .text.PeriphCommonClock_Config
                0x080007cc       0x40 ./Core/Src/main.o
                0x080007cc                PeriphCommonClock_Config
 .text.MX_I2C1_Init
                0x0800080c       0x60 ./Core/Src/main.o
 .text.MX_I2S2_Init
                0x0800086c       0x5c ./Core/Src/main.o
 .text.MX_I2S3_Init
                0x080008c8       0x60 ./Core/Src/main.o
 .text.MX_SPI1_Init
                0x08000928       0x6c ./Core/Src/main.o
 .text.MX_GPIO_Init
                0x08000994      0x1b4 ./Core/Src/main.o
 .text.HAL_TIM_PeriodElapsedCallback
                0x08000b48       0x24 ./Core/Src/main.o
                0x08000b48                HAL_TIM_PeriodElapsedCallback
 .text.Error_Handler
                0x08000b6c        0xc ./Core/Src/main.o
                0x08000b6c                Error_Handler
 .text.HAL_MspInit
                0x08000b78       0x50 ./Core/Src/stm32f4xx_hal_msp.o
                0x08000b78                HAL_MspInit
 .text.HAL_I2C_MspInit
                0x08000bc8       0x90 ./Core/Src/stm32f4xx_hal_msp.o
                0x08000bc8                HAL_I2C_MspInit
 .text.HAL_I2S_MspInit
                0x08000c58      0x19c ./Core/Src/stm32f4xx_hal_msp.o
                0x08000c58                HAL_I2S_MspInit
 .text.HAL_SPI_MspInit
                0x08000df4       0x90 ./Core/Src/stm32f4xx_hal_msp.o
                0x08000df4                HAL_SPI_MspInit
 .text.HAL_InitTick
                0x08000e84       0xf8 ./Core/Src/stm32f4xx_hal_timebase_tim.o
                0x08000e84                HAL_InitTick
 .text.NMI_Handler
                0x08000f7c        0x8 ./Core/Src/stm32f4xx_it.o
                0x08000f7c                NMI_Handler
 .text.HardFault_Handler
                0x08000f84        0x8 ./Core/Src/stm32f4xx_it.o
                0x08000f84                HardFault_Handler
 .text.MemManage_Handler
                0x08000f8c        0x8 ./Core/Src/stm32f4xx_it.o
                0x08000f8c                MemManage_Handler
 .text.BusFault_Handler
                0x08000f94        0x8 ./Core/Src/stm32f4xx_it.o
                0x08000f94                BusFault_Handler
 .text.UsageFault_Handler
                0x08000f9c        0x8 ./Core/Src/stm32f4xx_it.o
                0x08000f9c                UsageFault_Handler
 .text.DebugMon_Handler
                0x08000fa4        0xe ./Core/Src/stm32f4xx_it.o
                0x08000fa4                DebugMon_Handler
 *fill*         0x08000fb2        0x2 
 .text.TIM5_IRQHandler
                0x08000fb4       0x14 ./Core/Src/stm32f4xx_it.o
                0x08000fb4                TIM5_IRQHandler
 .text.OTG_FS_IRQHandler
                0x08000fc8       0x14 ./Core/Src/stm32f4xx_it.o
                0x08000fc8                OTG_FS_IRQHandler
 .text.SystemInit
                0x08000fdc       0x24 ./Core/Src/system_stm32f4xx.o
                0x08000fdc                SystemInit
 .text.Reset_Handler
                0x08001000       0x50 ./Core/Startup/startup_stm32f411vetx.o
                0x08001000                Reset_Handler
 .text.Default_Handler
                0x08001050        0x2 ./Core/Startup/startup_stm32f411vetx.o
                0x08001050                RTC_Alarm_IRQHandler
                0x08001050                EXTI2_IRQHandler
                0x08001050                SPI4_IRQHandler
                0x08001050                TIM1_CC_IRQHandler
                0x08001050                DMA2_Stream5_IRQHandler
                0x08001050                DMA1_Stream5_IRQHandler
                0x08001050                PVD_IRQHandler
                0x08001050                SDIO_IRQHandler
                0x08001050                TAMP_STAMP_IRQHandler
                0x08001050                EXTI3_IRQHandler
                0x08001050                TIM1_UP_TIM10_IRQHandler
                0x08001050                I2C3_ER_IRQHandler
                0x08001050                EXTI0_IRQHandler
                0x08001050                I2C2_EV_IRQHandler
                0x08001050                DMA1_Stream2_IRQHandler
                0x08001050                FPU_IRQHandler
                0x08001050                DMA2_Stream2_IRQHandler
                0x08001050                SPI1_IRQHandler
                0x08001050                TIM1_BRK_TIM9_IRQHandler
                0x08001050                DMA2_Stream3_IRQHandler
                0x08001050                USART6_IRQHandler
                0x08001050                DMA2_Stream0_IRQHandler
                0x08001050                TIM4_IRQHandler
                0x08001050                I2C1_EV_IRQHandler
                0x08001050                DMA1_Stream6_IRQHandler
                0x08001050                DMA1_Stream1_IRQHandler
                0x08001050                TIM3_IRQHandler
                0x08001050                RCC_IRQHandler
                0x08001050                Default_Handler
                0x08001050                EXTI15_10_IRQHandler
                0x08001050                ADC_IRQHandler
                0x08001050                DMA1_Stream7_IRQHandler
                0x08001050                SPI5_IRQHandler
                0x08001050                DMA2_Stream7_IRQHandler
                0x08001050                I2C3_EV_IRQHandler
                0x08001050                EXTI9_5_IRQHandler
                0x08001050                RTC_WKUP_IRQHandler
                0x08001050                SPI2_IRQHandler
                0x08001050                DMA1_Stream0_IRQHandler
                0x08001050                EXTI4_IRQHandler
                0x08001050                WWDG_IRQHandler
                0x08001050                TIM2_IRQHandler
                0x08001050                OTG_FS_WKUP_IRQHandler
                0x08001050                TIM1_TRG_COM_TIM11_IRQHandler
                0x08001050                EXTI1_IRQHandler
                0x08001050                USART2_IRQHandler
                0x08001050                I2C2_ER_IRQHandler
                0x08001050                DMA2_Stream1_IRQHandler
                0x08001050                FLASH_IRQHandler
                0x08001050                DMA2_Stream4_IRQHandler
                0x08001050                USART1_IRQHandler
                0x08001050                SPI3_IRQHandler
                0x08001050                DMA1_Stream4_IRQHandler
                0x08001050                I2C1_ER_IRQHandler
                0x08001050                DMA2_Stream6_IRQHandler
                0x08001050                DMA1_Stream3_IRQHandler
 *fill*         0x08001052        0x2 
 .text.HAL_Init
                0x08001054       0x44 ./Drivers/STM32F4xx_HAL_Driver/Src/stm32f4xx_hal.o
                0x08001054                HAL_Init
 .text.HAL_IncTick
                0x08001098       0x28 ./Drivers/STM32F4xx_HAL_Driver/Src/stm32f4xx_hal.o
                0x08001098                HAL_IncTick
 .text.HAL_GetTick
                0x080010c0       0x18 ./Drivers/STM32F4xx_HAL_Driver/Src/stm32f4xx_hal.o
                0x080010c0                HAL_GetTick
 .text.HAL_Delay
                0x080010d8       0x48 ./Drivers/STM32F4xx_HAL_Driver/Src/stm32f4xx_hal.o
                0x080010d8                HAL_Delay
 .text.__NVIC_SetPriorityGrouping
                0x08001120       0x48 ./Drivers/STM32F4xx_HAL_Driver/Src/stm32f4xx_hal_cortex.o
 .text.__NVIC_GetPriorityGrouping
                0x08001168       0x1c ./Drivers/STM32F4xx_HAL_Driver/Src/stm32f4xx_hal_cortex.o
 .text.__NVIC_EnableIRQ
                0x08001184       0x3c ./Drivers/STM32F4xx_HAL_Driver/Src/stm32f4xx_hal_cortex.o
 .text.__NVIC_SetPriority
                0x080011c0       0x54 ./Drivers/STM32F4xx_HAL_Driver/Src/stm32f4xx_hal_cortex.o
 .text.NVIC_EncodePriority
                0x08001214       0x66 ./Drivers/STM32F4xx_HAL_Driver/Src/stm32f4xx_hal_cortex.o
 .text.HAL_NVIC_SetPriorityGrouping
                0x0800127a       0x16 ./Drivers/STM32F4xx_HAL_Driver/Src/stm32f4xx_hal_cortex.o
                0x0800127a                HAL_NVIC_SetPriorityGrouping
 .text.HAL_NVIC_SetPriority
                0x08001290       0x38 ./Drivers/STM32F4xx_HAL_Driver/Src/stm32f4xx_hal_cortex.o
                0x08001290                HAL_NVIC_SetPriority
 .text.HAL_NVIC_EnableIRQ
                0x080012c8       0x1c ./Drivers/STM32F4xx_HAL_Driver/Src/stm32f4xx_hal_cortex.o
                0x080012c8                HAL_NVIC_EnableIRQ
 .text.HAL_GPIO_Init
                0x080012e4      0x308 ./Drivers/STM32F4xx_HAL_Driver/Src/stm32f4xx_hal_gpio.o
                0x080012e4                HAL_GPIO_Init
 .text.HAL_GPIO_WritePin
                0x080015ec       0x32 ./Drivers/STM32F4xx_HAL_Driver/Src/stm32f4xx_hal_gpio.o
                0x080015ec                HAL_GPIO_WritePin
 .text.HAL_GPIO_TogglePin
                0x0800161e       0x34 ./Drivers/STM32F4xx_HAL_Driver/Src/stm32f4xx_hal_gpio.o
                0x0800161e                HAL_GPIO_TogglePin
 *fill*         0x08001652        0x2 
 .text.HAL_I2C_Init
                0x08001654      0x288 ./Drivers/STM32F4xx_HAL_Driver/Src/stm32f4xx_hal_i2c.o
                0x08001654                HAL_I2C_Init
 .text.HAL_I2C_Mem_Write
                0x080018dc      0x1f4 ./Drivers/STM32F4xx_HAL_Driver/Src/stm32f4xx_hal_i2c.o
                0x080018dc                HAL_I2C_Mem_Write
 .text.I2C_RequestMemoryWrite
                0x08001ad0      0x12c ./Drivers/STM32F4xx_HAL_Driver/Src/stm32f4xx_hal_i2c.o
 .text.I2C_WaitOnFlagUntilTimeout
                0x08001bfc       0xf4 ./Drivers/STM32F4xx_HAL_Driver/Src/stm32f4xx_hal_i2c.o
 .text.I2C_WaitOnMasterAddressFlagUntilTimeout
                0x08001cf0      0x140 ./Drivers/STM32F4xx_HAL_Driver/Src/stm32f4xx_hal_i2c.o
 .text.I2C_WaitOnTXEFlagUntilTimeout
                0x08001e30       0x90 ./Drivers/STM32F4xx_HAL_Driver/Src/stm32f4xx_hal_i2c.o
 .text.I2C_WaitOnBTFFlagUntilTimeout
                0x08001ec0       0x90 ./Drivers/STM32F4xx_HAL_Driver/Src/stm32f4xx_hal_i2c.o
 .text.I2C_IsAcknowledgeFailed
                0x08001f50       0x5e ./Drivers/STM32F4xx_HAL_Driver/Src/stm32f4xx_hal_i2c.o
 *fill*         0x08001fae        0x2 
 .text.HAL_I2S_Init
                0x08001fb0      0x280 ./Drivers/STM32F4xx_HAL_Driver/Src/stm32f4xx_hal_i2s.o
                0x08001fb0                HAL_I2S_Init
 .text.HAL_I2S_TxCpltCallback
                0x08002230       0x14 ./Drivers/STM32F4xx_HAL_Driver/Src/stm32f4xx_hal_i2s.o
                0x08002230                HAL_I2S_TxCpltCallback
 .text.HAL_I2S_RxCpltCallback
                0x08002244       0x14 ./Drivers/STM32F4xx_HAL_Driver/Src/stm32f4xx_hal_i2s.o
                0x08002244                HAL_I2S_RxCpltCallback
 .text.HAL_I2S_ErrorCallback
                0x08002258       0x14 ./Drivers/STM32F4xx_HAL_Driver/Src/stm32f4xx_hal_i2s.o
                0x08002258                HAL_I2S_ErrorCallback
 .text.I2S_Transmit_IT
                0x0800226c       0x5c ./Drivers/STM32F4xx_HAL_Driver/Src/stm32f4xx_hal_i2s.o
 .text.I2S_Receive_IT
                0x080022c8       0x5e ./Drivers/STM32F4xx_HAL_Driver/Src/stm32f4xx_hal_i2s.o
 .text.I2S_IRQHandler
                0x08002326      0x114 ./Drivers/STM32F4xx_HAL_Driver/Src/stm32f4xx_hal_i2s.o
 *fill*         0x0800243a        0x2 
 .text.HAL_I2SEx_FullDuplex_IRQHandler
                0x0800243c      0x2a8 ./Drivers/STM32F4xx_HAL_Driver/Src/stm32f4xx_hal_i2s_ex.o
                0x0800243c                HAL_I2SEx_FullDuplex_IRQHandler
 .text.HAL_I2SEx_TxRxCpltCallback
                0x080026e4       0x14 ./Drivers/STM32F4xx_HAL_Driver/Src/stm32f4xx_hal_i2s_ex.o
                0x080026e4                HAL_I2SEx_TxRxCpltCallback
 .text.I2SEx_TxISR_I2S
                0x080026f8       0x62 ./Drivers/STM32F4xx_HAL_Driver/Src/stm32f4xx_hal_i2s_ex.o
 *fill*         0x0800275a        0x2 
 .text.I2SEx_TxISR_I2SExt
                0x0800275c       0x98 ./Drivers/STM32F4xx_HAL_Driver/Src/stm32f4xx_hal_i2s_ex.o
 .text.I2SEx_RxISR_I2S
                0x080027f4       0x64 ./Drivers/STM32F4xx_HAL_Driver/Src/stm32f4xx_hal_i2s_ex.o
 .text.I2SEx_RxISR_I2SExt
                0x08002858       0x98 ./Drivers/STM32F4xx_HAL_Driver/Src/stm32f4xx_hal_i2s_ex.o
 .text.HAL_PCD_Init
                0x080028f0      0x21e ./Drivers/STM32F4xx_HAL_Driver/Src/stm32f4xx_hal_pcd.o
                0x080028f0                HAL_PCD_Init
 .text.HAL_PCD_Start
                0x08002b0e       0x6a ./Drivers/STM32F4xx_HAL_Driver/Src/stm32f4xx_hal_pcd.o
                0x08002b0e                HAL_PCD_Start
 .text.HAL_PCD_IRQHandler
                0x08002b78      0x942 ./Drivers/STM32F4xx_HAL_Driver/Src/stm32f4xx_hal_pcd.o
                0x08002b78                HAL_PCD_IRQHandler
 .text.HAL_PCD_SetAddress
                0x080034ba       0x48 ./Drivers/STM32F4xx_HAL_Driver/Src/stm32f4xx_hal_pcd.o
                0x080034ba                HAL_PCD_SetAddress
 .text.HAL_PCD_EP_Open
                0x08003502       0xd4 ./Drivers/STM32F4xx_HAL_Driver/Src/stm32f4xx_hal_pcd.o
                0x08003502                HAL_PCD_EP_Open
 .text.HAL_PCD_EP_Close
                0x080035d6       0x94 ./Drivers/STM32F4xx_HAL_Driver/Src/stm32f4xx_hal_pcd.o
                0x080035d6                HAL_PCD_EP_Close
 .text.HAL_PCD_EP_Receive
                0x0800366a       0x76 ./Drivers/STM32F4xx_HAL_Driver/Src/stm32f4xx_hal_pcd.o
                0x0800366a                HAL_PCD_EP_Receive
 .text.HAL_PCD_EP_GetRxCount
                0x080036e0       0x30 ./Drivers/STM32F4xx_HAL_Driver/Src/stm32f4xx_hal_pcd.o
                0x080036e0                HAL_PCD_EP_GetRxCount
 .text.HAL_PCD_EP_Transmit
                0x08003710       0x74 ./Drivers/STM32F4xx_HAL_Driver/Src/stm32f4xx_hal_pcd.o
                0x08003710                HAL_PCD_EP_Transmit
 .text.HAL_PCD_EP_SetStall
                0x08003784       0xc6 ./Drivers/STM32F4xx_HAL_Driver/Src/stm32f4xx_hal_pcd.o
                0x08003784                HAL_PCD_EP_SetStall
 .text.HAL_PCD_EP_ClrStall
                0x0800384a       0xac ./Drivers/STM32F4xx_HAL_Driver/Src/stm32f4xx_hal_pcd.o
                0x0800384a                HAL_PCD_EP_ClrStall
 .text.HAL_PCD_EP_Abort
                0x080038f6       0x62 ./Drivers/STM32F4xx_HAL_Driver/Src/stm32f4xx_hal_pcd.o
                0x080038f6                HAL_PCD_EP_Abort
 .text.PCD_WriteEmptyTxFifo
                0x08003958      0x118 ./Drivers/STM32F4xx_HAL_Driver/Src/stm32f4xx_hal_pcd.o
 .text.PCD_EP_OutXfrComplete_int
                0x08003a70      0x1d0 ./Drivers/STM32F4xx_HAL_Driver/Src/stm32f4xx_hal_pcd.o
 .text.PCD_EP_OutSetupPacket_int
                0x08003c40       0x8c ./Drivers/STM32F4xx_HAL_Driver/Src/stm32f4xx_hal_pcd.o
 .text.HAL_PCDEx_SetTxFiFo
                0x08003ccc       0x8e ./Drivers/STM32F4xx_HAL_Driver/Src/stm32f4xx_hal_pcd_ex.o
                0x08003ccc                HAL_PCDEx_SetTxFiFo
 .text.HAL_PCDEx_SetRxFiFo
                0x08003d5a       0x22 ./Drivers/STM32F4xx_HAL_Driver/Src/stm32f4xx_hal_pcd_ex.o
                0x08003d5a                HAL_PCDEx_SetRxFiFo
 .text.HAL_PCDEx_LPM_Callback
                0x08003d7c       0x18 ./Drivers/STM32F4xx_HAL_Driver/Src/stm32f4xx_hal_pcd_ex.o
                0x08003d7c                HAL_PCDEx_LPM_Callback
 .text.HAL_RCC_OscConfig
                0x08003d94      0x4f0 ./Drivers/STM32F4xx_HAL_Driver/Src/stm32f4xx_hal_rcc.o
                0x08003d94                HAL_RCC_OscConfig
 .text.HAL_RCC_ClockConfig
                0x08004284      0x1cc ./Drivers/STM32F4xx_HAL_Driver/Src/stm32f4xx_hal_rcc.o
                0x08004284                HAL_RCC_ClockConfig
 .text.HAL_RCC_GetSysClockFreq
                0x08004450      0x20c ./Drivers/STM32F4xx_HAL_Driver/Src/stm32f4xx_hal_rcc.o
                0x08004450                HAL_RCC_GetSysClockFreq
 .text.HAL_RCC_GetHCLKFreq
                0x0800465c       0x18 ./Drivers/STM32F4xx_HAL_Driver/Src/stm32f4xx_hal_rcc.o
                0x0800465c                HAL_RCC_GetHCLKFreq
 .text.HAL_RCC_GetPCLK1Freq
                0x08004674       0x28 ./Drivers/STM32F4xx_HAL_Driver/Src/stm32f4xx_hal_rcc.o
                0x08004674                HAL_RCC_GetPCLK1Freq
 .text.HAL_RCC_GetClockConfig
                0x0800469c       0x64 ./Drivers/STM32F4xx_HAL_Driver/Src/stm32f4xx_hal_rcc.o
                0x0800469c                HAL_RCC_GetClockConfig
 .text.HAL_RCCEx_PeriphCLKConfig
                0x08004700      0x1e0 ./Drivers/STM32F4xx_HAL_Driver/Src/stm32f4xx_hal_rcc_ex.o
                0x08004700                HAL_RCCEx_PeriphCLKConfig
 .text.HAL_RCCEx_GetPeriphCLKFreq
                0x080048e0       0xc4 ./Drivers/STM32F4xx_HAL_Driver/Src/stm32f4xx_hal_rcc_ex.o
                0x080048e0                HAL_RCCEx_GetPeriphCLKFreq
 .text.HAL_SPI_Init
                0x080049a4      0x112 ./Drivers/STM32F4xx_HAL_Driver/Src/stm32f4xx_hal_spi.o
                0x080049a4                HAL_SPI_Init
 .text.HAL_SPI_Transmit
                0x08004ab6      0x288 ./Drivers/STM32F4xx_HAL_Driver/Src/stm32f4xx_hal_spi.o
                0x08004ab6                HAL_SPI_Transmit
 .text.HAL_SPI_TransmitReceive
                0x08004d3e      0x352 ./Drivers/STM32F4xx_HAL_Driver/Src/stm32f4xx_hal_spi.o
                0x08004d3e                HAL_SPI_TransmitReceive
 .text.SPI_WaitFlagStateUntilTimeout
                0x08005090      0x110 ./Drivers/STM32F4xx_HAL_Driver/Src/stm32f4xx_hal_spi.o
 .text.SPI_EndRxTxTransaction
                0x080051a0       0xa8 ./Drivers/STM32F4xx_HAL_Driver/Src/stm32f4xx_hal_spi.o
 .text.HAL_TIM_Base_Init
                0x08005248       0x9e ./Drivers/STM32F4xx_HAL_Driver/Src/stm32f4xx_hal_tim.o
                0x08005248                HAL_TIM_Base_Init
 .text.HAL_TIM_Base_MspInit
                0x080052e6       0x14 ./Drivers/STM32F4xx_HAL_Driver/Src/stm32f4xx_hal_tim.o
                0x080052e6                HAL_TIM_Base_MspInit
 *fill*         0x080052fa        0x2 
 .text.HAL_TIM_Base_Start_IT
                0x080052fc       0xc4 ./Drivers/STM32F4xx_HAL_Driver/Src/stm32f4xx_hal_tim.o
                0x080052fc                HAL_TIM_Base_Start_IT
 .text.HAL_TIM_IRQHandler
                0x080053c0      0x1e0 ./Drivers/STM32F4xx_HAL_Driver/Src/stm32f4xx_hal_tim.o
                0x080053c0                HAL_TIM_IRQHandler
 .text.HAL_TIM_OC_DelayElapsedCallback
                0x080055a0       0x14 ./Drivers/STM32F4xx_HAL_Driver/Src/stm32f4xx_hal_tim.o
                0x080055a0                HAL_TIM_OC_DelayElapsedCallback
 .text.HAL_TIM_IC_CaptureCallback
                0x080055b4       0x14 ./Drivers/STM32F4xx_HAL_Driver/Src/stm32f4xx_hal_tim.o
                0x080055b4                HAL_TIM_IC_CaptureCallback
 .text.HAL_TIM_PWM_PulseFinishedCallback
                0x080055c8       0x14 ./Drivers/STM32F4xx_HAL_Driver/Src/stm32f4xx_hal_tim.o
                0x080055c8                HAL_TIM_PWM_PulseFinishedCallback
 .text.HAL_TIM_TriggerCallback
                0x080055dc       0x14 ./Drivers/STM32F4xx_HAL_Driver/Src/stm32f4xx_hal_tim.o
                0x080055dc                HAL_TIM_TriggerCallback
 .text.TIM_Base_SetConfig
                0x080055f0      0x118 ./Drivers/STM32F4xx_HAL_Driver/Src/stm32f4xx_hal_tim.o
                0x080055f0                TIM_Base_SetConfig
 .text.HAL_TIMEx_CommutCallback
                0x08005708       0x14 ./Drivers/STM32F4xx_HAL_Driver/Src/stm32f4xx_hal_tim_ex.o
                0x08005708                HAL_TIMEx_CommutCallback
 .text.HAL_TIMEx_BreakCallback
                0x0800571c       0x14 ./Drivers/STM32F4xx_HAL_Driver/Src/stm32f4xx_hal_tim_ex.o
                0x0800571c                HAL_TIMEx_BreakCallback
 .text.USB_CoreInit
                0x08005730       0xc8 ./Drivers/STM32F4xx_HAL_Driver/Src/stm32f4xx_ll_usb.o
                0x08005730                USB_CoreInit
 .text.USB_SetTurnaroundTime
                0x080057f8      0x144 ./Drivers/STM32F4xx_HAL_Driver/Src/stm32f4xx_ll_usb.o
                0x080057f8                USB_SetTurnaroundTime
 .text.USB_EnableGlobalInt
                0x0800593c       0x22 ./Drivers/STM32F4xx_HAL_Driver/Src/stm32f4xx_ll_usb.o
                0x0800593c                USB_EnableGlobalInt
 .text.USB_DisableGlobalInt
                0x0800595e       0x22 ./Drivers/STM32F4xx_HAL_Driver/Src/stm32f4xx_ll_usb.o
                0x0800595e                USB_DisableGlobalInt
 .text.USB_SetCurrentMode
                0x08005980       0x98 ./Drivers/STM32F4xx_HAL_Driver/Src/stm32f4xx_ll_usb.o
                0x08005980                USB_SetCurrentMode
 .text.USB_DevInit
                0x08005a18      0x2c8 ./Drivers/STM32F4xx_HAL_Driver/Src/stm32f4xx_ll_usb.o
                0x08005a18                USB_DevInit
 .text.USB_FlushTxFifo
                0x08005ce0       0x64 ./Drivers/STM32F4xx_HAL_Driver/Src/stm32f4xx_ll_usb.o
                0x08005ce0                USB_FlushTxFifo
 .text.USB_FlushRxFifo
                0x08005d44       0x5c ./Drivers/STM32F4xx_HAL_Driver/Src/stm32f4xx_ll_usb.o
                0x08005d44                USB_FlushRxFifo
 .text.USB_SetDevSpeed
                0x08005da0       0x32 ./Drivers/STM32F4xx_HAL_Driver/Src/stm32f4xx_ll_usb.o
                0x08005da0                USB_SetDevSpeed
 .text.USB_GetDevSpeed
                0x08005dd2       0x4a ./Drivers/STM32F4xx_HAL_Driver/Src/stm32f4xx_ll_usb.o
                0x08005dd2                USB_GetDevSpeed
 .text.USB_ActivateEndpoint
                0x08005e1c      0x10e ./Drivers/STM32F4xx_HAL_Driver/Src/stm32f4xx_ll_usb.o
                0x08005e1c                USB_ActivateEndpoint
 *fill*         0x08005f2a        0x2 
 .text.USB_DeactivateEndpoint
                0x08005f2c      0x1b8 ./Drivers/STM32F4xx_HAL_Driver/Src/stm32f4xx_ll_usb.o
                0x08005f2c                USB_DeactivateEndpoint
 .text.USB_EPStartXfer
                0x080060e4      0x53c ./Drivers/STM32F4xx_HAL_Driver/Src/stm32f4xx_ll_usb.o
                0x080060e4                USB_EPStartXfer
 .text.USB_EPStopXfer
                0x08006620      0x154 ./Drivers/STM32F4xx_HAL_Driver/Src/stm32f4xx_ll_usb.o
                0x08006620                USB_EPStopXfer
 .text.USB_WritePacket
                0x08006774       0x7c ./Drivers/STM32F4xx_HAL_Driver/Src/stm32f4xx_ll_usb.o
                0x08006774                USB_WritePacket
 .text.USB_ReadPacket
                0x080067f0       0xb0 ./Drivers/STM32F4xx_HAL_Driver/Src/stm32f4xx_ll_usb.o
                0x080067f0                USB_ReadPacket
 .text.USB_EPSetStall
                0x080068a0       0xdc ./Drivers/STM32F4xx_HAL_Driver/Src/stm32f4xx_ll_usb.o
                0x080068a0                USB_EPSetStall
 .text.USB_EPClearStall
                0x0800697c       0xcc ./Drivers/STM32F4xx_HAL_Driver/Src/stm32f4xx_ll_usb.o
                0x0800697c                USB_EPClearStall
 .text.USB_SetDevAddress
                0x08006a48       0x4c ./Drivers/STM32F4xx_HAL_Driver/Src/stm32f4xx_ll_usb.o
                0x08006a48                USB_SetDevAddress
 .text.USB_DevConnect
                0x08006a94       0x42 ./Drivers/STM32F4xx_HAL_Driver/Src/stm32f4xx_ll_usb.o
                0x08006a94                USB_DevConnect
 .text.USB_DevDisconnect
                0x08006ad6       0x42 ./Drivers/STM32F4xx_HAL_Driver/Src/stm32f4xx_ll_usb.o
                0x08006ad6                USB_DevDisconnect
 .text.USB_ReadInterrupts
                0x08006b18       0x26 ./Drivers/STM32F4xx_HAL_Driver/Src/stm32f4xx_ll_usb.o
                0x08006b18                USB_ReadInterrupts
 .text.USB_ReadDevAllOutEpInterrupt
                0x08006b3e       0x34 ./Drivers/STM32F4xx_HAL_Driver/Src/stm32f4xx_ll_usb.o
                0x08006b3e                USB_ReadDevAllOutEpInterrupt
 .text.USB_ReadDevAllInEpInterrupt
                0x08006b72       0x34 ./Drivers/STM32F4xx_HAL_Driver/Src/stm32f4xx_ll_usb.o
                0x08006b72                USB_ReadDevAllInEpInterrupt
 .text.USB_ReadDevOutEPInterrupt
                0x08006ba6       0x3c ./Drivers/STM32F4xx_HAL_Driver/Src/stm32f4xx_ll_usb.o
                0x08006ba6                USB_ReadDevOutEPInterrupt
 .text.USB_ReadDevInEPInterrupt
                0x08006be2       0x5c ./Drivers/STM32F4xx_HAL_Driver/Src/stm32f4xx_ll_usb.o
                0x08006be2                USB_ReadDevInEPInterrupt
 .text.USB_GetMode
                0x08006c3e       0x1c ./Drivers/STM32F4xx_HAL_Driver/Src/stm32f4xx_ll_usb.o
                0x08006c3e                USB_GetMode
 .text.USB_ActivateSetup
                0x08006c5a       0x46 ./Drivers/STM32F4xx_HAL_Driver/Src/stm32f4xx_ll_usb.o
                0x08006c5a                USB_ActivateSetup
 .text.USB_EP0_OutStart
                0x08006ca0       0xbc ./Drivers/STM32F4xx_HAL_Driver/Src/stm32f4xx_ll_usb.o
                0x08006ca0                USB_EP0_OutStart
 .text.USB_CoreReset
                0x08006d5c       0x62 ./Drivers/STM32F4xx_HAL_Driver/Src/stm32f4xx_ll_usb.o
 .text.vListInitialise
                0x08006dbe       0x40 ./FreeRTOS/Source/list.o
                0x08006dbe                vListInitialise
 .text.vListInitialiseItem
                0x08006dfe       0x1a ./FreeRTOS/Source/list.o
                0x08006dfe                vListInitialiseItem
 .text.vListInsert
                0x08006e18       0x72 ./FreeRTOS/Source/list.o
                0x08006e18                vListInsert
 .text.uxListRemove
                0x08006e8a       0x54 ./FreeRTOS/Source/list.o
                0x08006e8a                uxListRemove
 *fill*         0x08006ede        0x2 
 .text.xQueueGenericReset
                0x08006ee0      0x124 ./FreeRTOS/Source/queue.o
                0x08006ee0                xQueueGenericReset
 .text.xQueueGenericCreate
                0x08007004       0x9e ./FreeRTOS/Source/queue.o
                0x08007004                xQueueGenericCreate
 .text.prvInitialiseNewQueue
                0x080070a2       0x46 ./FreeRTOS/Source/queue.o
 .text.xQueueReceive
                0x080070e8      0x1c4 ./FreeRTOS/Source/queue.o
                0x080070e8                xQueueReceive
 .text.prvCopyDataFromQueue
                0x080072ac       0x4c ./FreeRTOS/Source/queue.o
 .text.prvUnlockQueue
                0x080072f8       0xa4 ./FreeRTOS/Source/queue.o
 .text.prvIsQueueEmpty
                0x0800739c       0x2c ./FreeRTOS/Source/queue.o
 .text.vQueueAddToRegistry
                0x080073c8       0xa0 ./FreeRTOS/Source/queue.o
                0x080073c8                vQueueAddToRegistry
 .text.vQueueWaitForMessageRestricted
                0x08007468       0x68 ./FreeRTOS/Source/queue.o
                0x08007468                vQueueWaitForMessageRestricted
 .text.xTaskCreate
                0x080074d0       0x8c ./FreeRTOS/Source/tasks.o
                0x080074d0                xTaskCreate
 .text.prvInitialiseNewTask
                0x0800755c      0x120 ./FreeRTOS/Source/tasks.o
 .text.prvAddNewTaskToReadyList
                0x0800767c      0x12c ./FreeRTOS/Source/tasks.o
 .text.vTaskDelay
                0x080077a8       0x6c ./FreeRTOS/Source/tasks.o
                0x080077a8                vTaskDelay
 .text.vTaskStartScheduler
                0x08007814       0xa4 ./FreeRTOS/Source/tasks.o
                0x08007814                vTaskStartScheduler
 .text.vTaskSuspendAll
                0x080078b8       0x1c ./FreeRTOS/Source/tasks.o
                0x080078b8                vTaskSuspendAll
 .text.xTaskResumeAll
                0x080078d4      0x1f8 ./FreeRTOS/Source/tasks.o
                0x080078d4                xTaskResumeAll
 .text.xTaskGetTickCount
                0x08007acc       0x20 ./FreeRTOS/Source/tasks.o
                0x08007acc                xTaskGetTickCount
 .text.xTaskIncrementTick
                0x08007aec      0x230 ./FreeRTOS/Source/tasks.o
                0x08007aec                xTaskIncrementTick
 .text.vTaskSwitchContext
                0x08007d1c       0xb8 ./FreeRTOS/Source/tasks.o
                0x08007d1c                vTaskSwitchContext
 .text.vTaskPlaceOnEventList
                0x08007dd4       0x4c ./FreeRTOS/Source/tasks.o
                0x08007dd4                vTaskPlaceOnEventList
 .text.vTaskPlaceOnEventListRestricted
                0x08007e20       0x8c ./FreeRTOS/Source/tasks.o
                0x08007e20                vTaskPlaceOnEventListRestricted
 .text.xTaskRemoveFromEventList
                0x08007eac      0x1b0 ./FreeRTOS/Source/tasks.o
                0x08007eac                xTaskRemoveFromEventList
 .text.vTaskInternalSetTimeOutState
                0x0800805c       0x2c ./FreeRTOS/Source/tasks.o
                0x0800805c                vTaskInternalSetTimeOutState
 .text.xTaskCheckForTimeOut
                0x08008088       0xd0 ./FreeRTOS/Source/tasks.o
                0x08008088                xTaskCheckForTimeOut
 .text.vTaskMissedYield
                0x08008158       0x18 ./FreeRTOS/Source/tasks.o
                0x08008158                vTaskMissedYield
 .text.prvIdleTask
                0x08008170       0x30 ./FreeRTOS/Source/tasks.o
 .text.prvInitialiseTaskLists
                0x080081a0       0x80 ./FreeRTOS/Source/tasks.o
 .text.prvCheckTasksWaitingTermination
                0x08008220       0x5c ./FreeRTOS/Source/tasks.o
 .text.prvDeleteTCB
                0x0800827c       0x20 ./FreeRTOS/Source/tasks.o
 .text.prvResetNextTaskUnblockTime
                0x0800829c       0x38 ./FreeRTOS/Source/tasks.o
 .text.xTaskGetSchedulerState
                0x080082d4       0x3c ./FreeRTOS/Source/tasks.o
                0x080082d4                xTaskGetSchedulerState
 .text.prvAddCurrentTaskToDelayedList
                0x08008310      0x100 ./FreeRTOS/Source/tasks.o
 .text.xTimerCreateTimerTask
                0x08008410       0x68 ./FreeRTOS/Source/timers.o
                0x08008410                xTimerCreateTimerTask
 .text.prvReloadTimer
                0x08008478       0x42 ./FreeRTOS/Source/timers.o
 *fill*         0x080084ba        0x2 
 .text.prvProcessExpiredTimer
                0x080084bc       0x60 ./FreeRTOS/Source/timers.o
 .text.prvTimerTask
                0x0800851c       0x26 ./FreeRTOS/Source/timers.o
 *fill*         0x08008542        0x2 
 .text.prvProcessTimerOrBlockTask
                0x08008544       0x9c ./FreeRTOS/Source/timers.o
 .text.prvGetNextExpireTime
                0x080085e0       0x48 ./FreeRTOS/Source/timers.o
 .text.prvSampleTimeNow
                0x08008628       0x40 ./FreeRTOS/Source/timers.o
 .text.prvInsertTimerInActiveList
                0x08008668       0x84 ./FreeRTOS/Source/timers.o
 .text.prvProcessReceivedCommands
                0x080086ec      0x184 ./FreeRTOS/Source/timers.o
 .text.prvSwitchTimerLists
                0x08008870       0x4c ./FreeRTOS/Source/timers.o
 .text.prvCheckForValidListAndQueue
                0x080088bc       0x6c ./FreeRTOS/Source/timers.o
 .text.pxPortInitialiseStack
                0x08008928       0x68 ./FreeRTOS/Source/portable/GCC/ARM_CM4F/port.o
                0x08008928                pxPortInitialiseStack
 .text.prvTaskExitError
                0x08008990       0x5c ./FreeRTOS/Source/portable/GCC/ARM_CM4F/port.o
 *fill*         0x080089ec        0x4 
 .text.SVC_Handler
                0x080089f0       0x28 ./FreeRTOS/Source/portable/GCC/ARM_CM4F/port.o
                0x080089f0                SVC_Handler
 .text.prvPortStartFirstTask
                0x08008a18       0x2c ./FreeRTOS/Source/portable/GCC/ARM_CM4F/port.o
 .text.xPortStartScheduler
                0x08008a44      0x148 ./FreeRTOS/Source/portable/GCC/ARM_CM4F/port.o
                0x08008a44                xPortStartScheduler
 .text.vPortEnterCritical
                0x08008b8c       0x64 ./FreeRTOS/Source/portable/GCC/ARM_CM4F/port.o
                0x08008b8c                vPortEnterCritical
 .text.vPortExitCritical
                0x08008bf0       0x54 ./FreeRTOS/Source/portable/GCC/ARM_CM4F/port.o
                0x08008bf0                vPortExitCritical
 *fill*         0x08008c44        0xc 
 .text.PendSV_Handler
                0x08008c50       0x68 ./FreeRTOS/Source/portable/GCC/ARM_CM4F/port.o
                0x08008c50                PendSV_Handler
 .text.SysTick_Handler
                0x08008cb8       0x44 ./FreeRTOS/Source/portable/GCC/ARM_CM4F/port.o
                0x08008cb8                SysTick_Handler
 .text.vPortSetupTimerInterrupt
                0x08008cfc       0x48 ./FreeRTOS/Source/portable/GCC/ARM_CM4F/port.o
                0x08008cfc                vPortSetupTimerInterrupt
 .text.vPortEnableVFP
                0x08008d44       0x18 ./FreeRTOS/Source/portable/GCC/ARM_CM4F/port.o
 .text.pvPortMalloc
                0x08008d5c      0x178 ./FreeRTOS/Source/portable/MemMang/heap_4.o
                0x08008d5c                pvPortMalloc
 .text.vPortFree
                0x08008ed4       0xbc ./FreeRTOS/Source/portable/MemMang/heap_4.o
                0x08008ed4                vPortFree
 .text.prvHeapInit
                0x08008f90       0xb8 ./FreeRTOS/Source/portable/MemMang/heap_4.o
 .text.prvInsertBlockIntoFreeList
                0x08009048       0xb4 ./FreeRTOS/Source/portable/MemMang/heap_4.o
 .text.USBD_CDC_Init
                0x080090fc      0x1f0 ./Middlewares/ST/STM32_USB_Device_Library/Class/CDC/Src/usbd_cdc.o
 .text.USBD_CDC_DeInit
                0x080092ec      0x104 ./Middlewares/ST/STM32_USB_Device_Library/Class/CDC/Src/usbd_cdc.o
 .text.USBD_CDC_Setup
                0x080093f0      0x1b8 ./Middlewares/ST/STM32_USB_Device_Library/Class/CDC/Src/usbd_cdc.o
 .text.USBD_CDC_DataIn
                0x080095a8       0xfe ./Middlewares/ST/STM32_USB_Device_Library/Class/CDC/Src/usbd_cdc.o
 .text.USBD_CDC_DataOut
                0x080096a6       0x70 ./Middlewares/ST/STM32_USB_Device_Library/Class/CDC/Src/usbd_cdc.o
 .text.USBD_CDC_EP0_RxReady
                0x08009716       0x74 ./Middlewares/ST/STM32_USB_Device_Library/Class/CDC/Src/usbd_cdc.o
 *fill*         0x0800978a        0x2 
 .text.USBD_CDC_GetFSCfgDesc
                0x0800978c       0x70 ./Middlewares/ST/STM32_USB_Device_Library/Class/CDC/Src/usbd_cdc.o
 .text.USBD_CDC_GetHSCfgDesc
                0x080097fc       0x70 ./Middlewares/ST/STM32_USB_Device_Library/Class/CDC/Src/usbd_cdc.o
 .text.USBD_CDC_GetOtherSpeedCfgDesc
                0x0800986c       0x70 ./Middlewares/ST/STM32_USB_Device_Library/Class/CDC/Src/usbd_cdc.o
 .text.USBD_CDC_GetDeviceQualifierDescriptor
                0x080098dc       0x20 ./Middlewares/ST/STM32_USB_Device_Library/Class/CDC/Src/usbd_cdc.o
                0x080098dc                USBD_CDC_GetDeviceQualifierDescriptor
 .text.USBD_CDC_RegisterInterface
                0x080098fc       0x34 ./Middlewares/ST/STM32_USB_Device_Library/Class/CDC/Src/usbd_cdc.o
                0x080098fc                USBD_CDC_RegisterInterface
 .text.USBD_CDC_SetTxBuffer
                0x08009930       0x44 ./Middlewares/ST/STM32_USB_Device_Library/Class/CDC/Src/usbd_cdc.o
                0x08009930                USBD_CDC_SetTxBuffer
 .text.USBD_CDC_SetRxBuffer
                0x08009974       0x3a ./Middlewares/ST/STM32_USB_Device_Library/Class/CDC/Src/usbd_cdc.o
                0x08009974                USBD_CDC_SetRxBuffer
 *fill*         0x080099ae        0x2 
 .text.USBD_CDC_ReceivePacket
                0x080099b0       0x6c ./Middlewares/ST/STM32_USB_Device_Library/Class/CDC/Src/usbd_cdc.o
                0x080099b0                USBD_CDC_ReceivePacket
 .text.USBD_Init
                0x08009a1c       0x60 ./Middlewares/ST/STM32_USB_Device_Library/Core/Src/usbd_core.o
                0x08009a1c                USBD_Init
 .text.USBD_RegisterClass
                0x08009a7c       0x6c ./Middlewares/ST/STM32_USB_Device_Library/Core/Src/usbd_core.o
                0x08009a7c                USBD_RegisterClass
 .text.USBD_Start
                0x08009ae8       0x18 ./Middlewares/ST/STM32_USB_Device_Library/Core/Src/usbd_core.o
                0x08009ae8                USBD_Start
 .text.USBD_RunTestMode
                0x08009b00       0x16 ./Middlewares/ST/STM32_USB_Device_Library/Core/Src/usbd_core.o
                0x08009b00                USBD_RunTestMode
 .text.USBD_SetClassConfig
                0x08009b16       0x38 ./Middlewares/ST/STM32_USB_Device_Library/Core/Src/usbd_core.o
                0x08009b16                USBD_SetClassConfig
 .text.USBD_ClrClassConfig
                0x08009b4e       0x34 ./Middlewares/ST/STM32_USB_Device_Library/Core/Src/usbd_core.o
                0x08009b4e                USBD_ClrClassConfig
 .text.USBD_LL_SetupStage
                0x08009b82       0xaa ./Middlewares/ST/STM32_USB_Device_Library/Core/Src/usbd_core.o
                0x08009b82                USBD_LL_SetupStage
 .text.USBD_LL_DataOutStage
                0x08009c2c      0x166 ./Middlewares/ST/STM32_USB_Device_Library/Core/Src/usbd_core.o
                0x08009c2c                USBD_LL_DataOutStage
 .text.USBD_LL_DataInStage
                0x08009d92      0x164 ./Middlewares/ST/STM32_USB_Device_Library/Core/Src/usbd_core.o
                0x08009d92                USBD_LL_DataInStage
 .text.USBD_LL_Reset
                0x08009ef6       0xa4 ./Middlewares/ST/STM32_USB_Device_Library/Core/Src/usbd_core.o
                0x08009ef6                USBD_LL_Reset
 .text.USBD_LL_SetSpeed
                0x08009f9a       0x20 ./Middlewares/ST/STM32_USB_Device_Library/Core/Src/usbd_core.o
                0x08009f9a                USBD_LL_SetSpeed
 .text.USBD_LL_Suspend
                0x08009fba       0x38 ./Middlewares/ST/STM32_USB_Device_Library/Core/Src/usbd_core.o
                0x08009fba                USBD_LL_Suspend
 .text.USBD_LL_Resume
                0x08009ff2       0x30 ./Middlewares/ST/STM32_USB_Device_Library/Core/Src/usbd_core.o
                0x08009ff2                USBD_LL_Resume
 .text.USBD_LL_SOF
                0x0800a022       0x40 ./Middlewares/ST/STM32_USB_Device_Library/Core/Src/usbd_core.o
                0x0800a022                USBD_LL_SOF
 .text.USBD_LL_IsoINIncomplete
                0x0800a062       0x64 ./Middlewares/ST/STM32_USB_Device_Library/Core/Src/usbd_core.o
                0x0800a062                USBD_LL_IsoINIncomplete
 .text.USBD_LL_IsoOUTIncomplete
                0x0800a0c6       0x64 ./Middlewares/ST/STM32_USB_Device_Library/Core/Src/usbd_core.o
                0x0800a0c6                USBD_LL_IsoOUTIncomplete
 .text.USBD_LL_DevConnected
                0x0800a12a       0x16 ./Middlewares/ST/STM32_USB_Device_Library/Core/Src/usbd_core.o
                0x0800a12a                USBD_LL_DevConnected
 .text.USBD_LL_DevDisconnected
                0x0800a140       0x46 ./Middlewares/ST/STM32_USB_Device_Library/Core/Src/usbd_core.o
                0x0800a140                USBD_LL_DevDisconnected
 .text.USBD_CoreFindIF
                0x0800a186       0x1a ./Middlewares/ST/STM32_USB_Device_Library/Core/Src/usbd_core.o
                0x0800a186                USBD_CoreFindIF
 .text.USBD_CoreFindEP
                0x0800a1a0       0x1a ./Middlewares/ST/STM32_USB_Device_Library/Core/Src/usbd_core.o
                0x0800a1a0                USBD_CoreFindEP
 .text.USBD_GetEpDesc
                0x0800a1ba       0x70 ./Middlewares/ST/STM32_USB_Device_Library/Core/Src/usbd_core.o
                0x0800a1ba                USBD_GetEpDesc
 .text.USBD_GetNextDesc
                0x0800a22a       0x38 ./Middlewares/ST/STM32_USB_Device_Library/Core/Src/usbd_core.o
                0x0800a22a                USBD_GetNextDesc
 .text.SWAPBYTE
                0x0800a262       0x3c ./Middlewares/ST/STM32_USB_Device_Library/Core/Src/usbd_ctlreq.o
 *fill*         0x0800a29e        0x2 
 .text.USBD_StdDevReq
                0x0800a2a0       0xe4 ./Middlewares/ST/STM32_USB_Device_Library/Core/Src/usbd_ctlreq.o
                0x0800a2a0                USBD_StdDevReq
 .text.USBD_StdItfReq
                0x0800a384       0xd8 ./Middlewares/ST/STM32_USB_Device_Library/Core/Src/usbd_ctlreq.o
                0x0800a384                USBD_StdItfReq
 .text.USBD_StdEPReq
                0x0800a45c      0x33a ./Middlewares/ST/STM32_USB_Device_Library/Core/Src/usbd_ctlreq.o
                0x0800a45c                USBD_StdEPReq
 *fill*         0x0800a796        0x2 
 .text.USBD_GetDescriptor
                0x0800a798      0x2d4 ./Middlewares/ST/STM32_USB_Device_Library/Core/Src/usbd_ctlreq.o
 .text.USBD_SetAddress
                0x0800aa6c       0x88 ./Middlewares/ST/STM32_USB_Device_Library/Core/Src/usbd_ctlreq.o
 .text.USBD_SetConfig
                0x0800aaf4      0x154 ./Middlewares/ST/STM32_USB_Device_Library/Core/Src/usbd_ctlreq.o
 .text.USBD_GetConfig
                0x0800ac48       0x6c ./Middlewares/ST/STM32_USB_Device_Library/Core/Src/usbd_ctlreq.o
 .text.USBD_GetStatus
                0x0800acb4       0x68 ./Middlewares/ST/STM32_USB_Device_Library/Core/Src/usbd_ctlreq.o
 .text.USBD_SetFeature
                0x0800ad1c       0x52 ./Middlewares/ST/STM32_USB_Device_Library/Core/Src/usbd_ctlreq.o
 .text.USBD_ClrFeature
                0x0800ad6e       0x44 ./Middlewares/ST/STM32_USB_Device_Library/Core/Src/usbd_ctlreq.o
 .text.USBD_ParseSetupRequest
                0x0800adb2       0x74 ./Middlewares/ST/STM32_USB_Device_Library/Core/Src/usbd_ctlreq.o
                0x0800adb2                USBD_ParseSetupRequest
 .text.USBD_CtlError
                0x0800ae26       0x22 ./Middlewares/ST/STM32_USB_Device_Library/Core/Src/usbd_ctlreq.o
                0x0800ae26                USBD_CtlError
 .text.USBD_GetString
                0x0800ae48       0xa4 ./Middlewares/ST/STM32_USB_Device_Library/Core/Src/usbd_ctlreq.o
                0x0800ae48                USBD_GetString
 .text.USBD_GetLen
                0x0800aeec       0x34 ./Middlewares/ST/STM32_USB_Device_Library/Core/Src/usbd_ctlreq.o
 .text.USBD_CtlSendData
                0x0800af20       0x36 ./Middlewares/ST/STM32_USB_Device_Library/Core/Src/usbd_ioreq.o
                0x0800af20                USBD_CtlSendData
 .text.USBD_CtlContinueSendData
                0x0800af56       0x22 ./Middlewares/ST/STM32_USB_Device_Library/Core/Src/usbd_ioreq.o
                0x0800af56                USBD_CtlContinueSendData
 .text.USBD_CtlPrepareRx
                0x0800af78       0x3a ./Middlewares/ST/STM32_USB_Device_Library/Core/Src/usbd_ioreq.o
                0x0800af78                USBD_CtlPrepareRx
 .text.USBD_CtlContinueRx
                0x0800afb2       0x22 ./Middlewares/ST/STM32_USB_Device_Library/Core/Src/usbd_ioreq.o
                0x0800afb2                USBD_CtlContinueRx
 .text.USBD_CtlSendStatus
                0x0800afd4       0x26 ./Middlewares/ST/STM32_USB_Device_Library/Core/Src/usbd_ioreq.o
                0x0800afd4                USBD_CtlSendStatus
 .text.USBD_CtlReceiveStatus
                0x0800affa       0x26 ./Middlewares/ST/STM32_USB_Device_Library/Core/Src/usbd_ioreq.o
                0x0800affa                USBD_CtlReceiveStatus
 .text.MX_USB_DEVICE_Init
                0x0800b020       0x60 ./USB_DEVICE/App/usb_device.o
                0x0800b020                MX_USB_DEVICE_Init
 .text.CDC_Init_FS
                0x0800b080       0x28 ./USB_DEVICE/App/usbd_cdc_if.o
 .text.CDC_DeInit_FS
                0x0800b0a8       0x10 ./USB_DEVICE/App/usbd_cdc_if.o
 .text.CDC_Control_FS
                0x0800b0b8       0xbc ./USB_DEVICE/App/usbd_cdc_if.o
 .text.CDC_Receive_FS
                0x0800b174       0x28 ./USB_DEVICE/App/usbd_cdc_if.o
 .text.CDC_TransmitCplt_FS
                0x0800b19c       0x22 ./USB_DEVICE/App/usbd_cdc_if.o
 *fill*         0x0800b1be        0x2 
 .text.USBD_FS_DeviceDescriptor
                0x0800b1c0       0x24 ./USB_DEVICE/App/usbd_desc.o
                0x0800b1c0                USBD_FS_DeviceDescriptor
 .text.USBD_FS_LangIDStrDescriptor
                0x0800b1e4       0x24 ./USB_DEVICE/App/usbd_desc.o
                0x0800b1e4                USBD_FS_LangIDStrDescriptor
 .text.USBD_FS_ProductStrDescriptor
                0x0800b208       0x3c ./USB_DEVICE/App/usbd_desc.o
                0x0800b208                USBD_FS_ProductStrDescriptor
 .text.USBD_FS_ManufacturerStrDescriptor
                0x0800b244       0x28 ./USB_DEVICE/App/usbd_desc.o
                0x0800b244                USBD_FS_ManufacturerStrDescriptor
 .text.USBD_FS_SerialStrDescriptor
                0x0800b26c       0x24 ./USB_DEVICE/App/usbd_desc.o
                0x0800b26c                USBD_FS_SerialStrDescriptor
 .text.USBD_FS_ConfigStrDescriptor
                0x0800b290       0x3c ./USB_DEVICE/App/usbd_desc.o
                0x0800b290                USBD_FS_ConfigStrDescriptor
 .text.USBD_FS_InterfaceStrDescriptor
                0x0800b2cc       0x3c ./USB_DEVICE/App/usbd_desc.o
                0x0800b2cc                USBD_FS_InterfaceStrDescriptor
 .text.Get_SerialNum
                0x0800b308       0x58 ./USB_DEVICE/App/usbd_desc.o
 .text.IntToUnicode
                0x0800b360       0x7e ./USB_DEVICE/App/usbd_desc.o
 *fill*         0x0800b3de        0x2 
 .text.HAL_PCD_MspInit
                0x0800b3e0       0xc4 ./USB_DEVICE/Target/usbd_conf.o
                0x0800b3e0                HAL_PCD_MspInit
 .text.HAL_PCD_SetupStageCallback
                0x0800b4a4       0x24 ./USB_DEVICE/Target/usbd_conf.o
                0x0800b4a4                HAL_PCD_SetupStageCallback
 .text.HAL_PCD_DataOutStageCallback
                0x0800b4c8       0x36 ./USB_DEVICE/Target/usbd_conf.o
                0x0800b4c8                HAL_PCD_DataOutStageCallback
 .text.HAL_PCD_DataInStageCallback
                0x0800b4fe       0x34 ./USB_DEVICE/Target/usbd_conf.o
                0x0800b4fe                HAL_PCD_DataInStageCallback
 .text.HAL_PCD_SOFCallback
                0x0800b532       0x1c ./USB_DEVICE/Target/usbd_conf.o
                0x0800b532                HAL_PCD_SOFCallback
 .text.HAL_PCD_ResetCallback
                0x0800b54e       0x3c ./USB_DEVICE/Target/usbd_conf.o
                0x0800b54e                HAL_PCD_ResetCallback
 *fill*         0x0800b58a        0x2 
 .text.HAL_PCD_SuspendCallback
                0x0800b58c       0x4c ./USB_DEVICE/Target/usbd_conf.o
                0x0800b58c                HAL_PCD_SuspendCallback
 .text.HAL_PCD_ResumeCallback
                0x0800b5d8       0x1c ./USB_DEVICE/Target/usbd_conf.o
                0x0800b5d8                HAL_PCD_ResumeCallback
 .text.HAL_PCD_ISOOUTIncompleteCallback
                0x0800b5f4       0x24 ./USB_DEVICE/Target/usbd_conf.o
                0x0800b5f4                HAL_PCD_ISOOUTIncompleteCallback
 .text.HAL_PCD_ISOINIncompleteCallback
                0x0800b618       0x24 ./USB_DEVICE/Target/usbd_conf.o
                0x0800b618                HAL_PCD_ISOINIncompleteCallback
 .text.HAL_PCD_ConnectCallback
                0x0800b63c       0x1c ./USB_DEVICE/Target/usbd_conf.o
                0x0800b63c                HAL_PCD_ConnectCallback
 .text.HAL_PCD_DisconnectCallback
                0x0800b658       0x1c ./USB_DEVICE/Target/usbd_conf.o
                0x0800b658                HAL_PCD_DisconnectCallback
 .text.USBD_LL_Init
                0x0800b674       0x98 ./USB_DEVICE/Target/usbd_conf.o
                0x0800b674                USBD_LL_Init
 .text.USBD_LL_Start
                0x0800b70c       0x36 ./USB_DEVICE/Target/usbd_conf.o
                0x0800b70c                USBD_LL_Start
 .text.USBD_LL_OpenEP
                0x0800b742       0x4c ./USB_DEVICE/Target/usbd_conf.o
                0x0800b742                USBD_LL_OpenEP
 .text.USBD_LL_CloseEP
                0x0800b78e       0x3e ./USB_DEVICE/Target/usbd_conf.o
                0x0800b78e                USBD_LL_CloseEP
 .text.USBD_LL_StallEP
                0x0800b7cc       0x3e ./USB_DEVICE/Target/usbd_conf.o
                0x0800b7cc                USBD_LL_StallEP
 .text.USBD_LL_ClearStallEP
                0x0800b80a       0x3e ./USB_DEVICE/Target/usbd_conf.o
                0x0800b80a                USBD_LL_ClearStallEP
 .text.USBD_LL_IsStallEP
                0x0800b848       0x58 ./USB_DEVICE/Target/usbd_conf.o
                0x0800b848                USBD_LL_IsStallEP
 .text.USBD_LL_SetUSBAddress
                0x0800b8a0       0x3e ./USB_DEVICE/Target/usbd_conf.o
                0x0800b8a0                USBD_LL_SetUSBAddress
 .text.USBD_LL_Transmit
                0x0800b8de       0x42 ./USB_DEVICE/Target/usbd_conf.o
                0x0800b8de                USBD_LL_Transmit
 .text.USBD_LL_PrepareReceive
                0x0800b920       0x42 ./USB_DEVICE/Target/usbd_conf.o
                0x0800b920                USBD_LL_PrepareReceive
 .text.USBD_LL_GetRxDataSize
                0x0800b962       0x26 ./USB_DEVICE/Target/usbd_conf.o
                0x0800b962                USBD_LL_GetRxDataSize
 .text.USBD_static_malloc
                0x0800b988       0x1c ./USB_DEVICE/Target/usbd_conf.o
                0x0800b988                USBD_static_malloc
 .text.USBD_static_free
                0x0800b9a4       0x14 ./USB_DEVICE/Target/usbd_conf.o
                0x0800b9a4                USBD_static_free
 .text.USBD_Get_USB_Status
                0x0800b9b8       0x58 ./USB_DEVICE/Target/usbd_conf.o
                0x0800b9b8                USBD_Get_USB_Status
 .text.memset   0x0800ba10       0x10 C:/ST/STM32CubeIDE_1.16.1/STM32CubeIDE/plugins/com.st.stm32cube.ide.mcu.externaltools.gnu-tools-for-stm32.12.3.rel1.win32_1.0.200.202406191623/tools/bin/../lib/gcc/arm-none-eabi/12.3.1/../../../../arm-none-eabi/lib/thumb/v7e-m+fp/hard\libc_nano.a(libc_a-memset.o)
                0x0800ba10                memset
 .text.__libc_init_array
                0x0800ba20       0x48 C:/ST/STM32CubeIDE_1.16.1/STM32CubeIDE/plugins/com.st.stm32cube.ide.mcu.externaltools.gnu-tools-for-stm32.12.3.rel1.win32_1.0.200.202406191623/tools/bin/../lib/gcc/arm-none-eabi/12.3.1/../../../../arm-none-eabi/lib/thumb/v7e-m+fp/hard\libc_nano.a(libc_a-init.o)
                0x0800ba20                __libc_init_array
 .text.memcpy   0x0800ba68       0x1c C:/ST/STM32CubeIDE_1.16.1/STM32CubeIDE/plugins/com.st.stm32cube.ide.mcu.externaltools.gnu-tools-for-stm32.12.3.rel1.win32_1.0.200.202406191623/tools/bin/../lib/gcc/arm-none-eabi/12.3.1/../../../../arm-none-eabi/lib/thumb/v7e-m+fp/hard\libc_nano.a(libc_a-memcpy-stub.o)
                0x0800ba68                memcpy
 *(.glue_7)
 .glue_7        0x0800ba84        0x0 linker stubs
 *(.glue_7t)
 .glue_7t       0x0800ba84        0x0 linker stubs
 *(.eh_frame)
 .eh_frame      0x0800ba84        0x0 C:/ST/STM32CubeIDE_1.16.1/STM32CubeIDE/plugins/com.st.stm32cube.ide.mcu.externaltools.gnu-tools-for-stm32.12.3.rel1.win32_1.0.200.202406191623/tools/bin/../lib/gcc/arm-none-eabi/12.3.1/thumb/v7e-m+fp/hard/crtbegin.o
 *(.init)
 .init          0x0800ba84        0x4 C:/ST/STM32CubeIDE_1.16.1/STM32CubeIDE/plugins/com.st.stm32cube.ide.mcu.externaltools.gnu-tools-for-stm32.12.3.rel1.win32_1.0.200.202406191623/tools/bin/../lib/gcc/arm-none-eabi/12.3.1/thumb/v7e-m+fp/hard/crti.o
                0x0800ba84                _init
 .init          0x0800ba88        0x8 C:/ST/STM32CubeIDE_1.16.1/STM32CubeIDE/plugins/com.st.stm32cube.ide.mcu.externaltools.gnu-tools-for-stm32.12.3.rel1.win32_1.0.200.202406191623/tools/bin/../lib/gcc/arm-none-eabi/12.3.1/thumb/v7e-m+fp/hard/crtn.o
 *(.fini)
 .fini          0x0800ba90        0x4 C:/ST/STM32CubeIDE_1.16.1/STM32CubeIDE/plugins/com.st.stm32cube.ide.mcu.externaltools.gnu-tools-for-stm32.12.3.rel1.win32_1.0.200.202406191623/tools/bin/../lib/gcc/arm-none-eabi/12.3.1/thumb/v7e-m+fp/hard/crti.o
                0x0800ba90                _fini
 .fini          0x0800ba94        0x8 C:/ST/STM32CubeIDE_1.16.1/STM32CubeIDE/plugins/com.st.stm32cube.ide.mcu.externaltools.gnu-tools-for-stm32.12.3.rel1.win32_1.0.200.202406191623/tools/bin/../lib/gcc/arm-none-eabi/12.3.1/thumb/v7e-m+fp/hard/crtn.o
                0x0800ba9c                        . = ALIGN (0x4)
                0x0800ba9c                        _etext = .

.vfp11_veneer   0x0800ba9c        0x0
 .vfp11_veneer  0x0800ba9c        0x0 linker stubs

.v4_bx          0x0800ba9c        0x0
 .v4_bx         0x0800ba9c        0x0 linker stubs

.iplt           0x0800ba9c        0x0
 .iplt          0x0800ba9c        0x0 C:/ST/STM32CubeIDE_1.16.1/STM32CubeIDE/plugins/com.st.stm32cube.ide.mcu.externaltools.gnu-tools-for-stm32.12.3.rel1.win32_1.0.200.202406191623/tools/bin/../lib/gcc/arm-none-eabi/12.3.1/thumb/v7e-m+fp/hard/crtbegin.o

.rodata         0x0800ba9c       0x80
                0x0800ba9c                        . = ALIGN (0x4)
 *(.rodata)
 .rodata        0x0800ba9c        0xf ./Core/Src/main.o
 *fill*         0x0800baab        0x1 
 .rodata        0x0800baac        0x5 ./FreeRTOS/Source/tasks.o
 *fill*         0x0800bab1        0x3 
 .rodata        0x0800bab4        0xd ./FreeRTOS/Source/timers.o
 *fill*         0x0800bac1        0x3 
 .rodata        0x0800bac4       0x3e ./USB_DEVICE/App/usbd_desc.o
 *(.rodata*)
 *fill*         0x0800bb02        0x2 
 .rodata.AHBPrescTable
                0x0800bb04       0x10 ./Core/Src/system_stm32f4xx.o
                0x0800bb04                AHBPrescTable
 .rodata.APBPrescTable
                0x0800bb14        0x8 ./Core/Src/system_stm32f4xx.o
                0x0800bb14                APBPrescTable
                0x0800bb1c                        . = ALIGN (0x4)

.ARM.extab      0x0800bb1c        0x0
                0x0800bb1c                        . = ALIGN (0x4)
 *(.ARM.extab* .gnu.linkonce.armextab.*)
                0x0800bb1c                        . = ALIGN (0x4)

.ARM            0x0800bb1c        0x8
                0x0800bb1c                        . = ALIGN (0x4)
                0x0800bb1c                        __exidx_start = .
 *(.ARM.exidx*)
 .ARM.exidx     0x0800bb1c        0x8 C:/ST/STM32CubeIDE_1.16.1/STM32CubeIDE/plugins/com.st.stm32cube.ide.mcu.externaltools.gnu-tools-for-stm32.12.3.rel1.win32_1.0.200.202406191623/tools/bin/../lib/gcc/arm-none-eabi/12.3.1/thumb/v7e-m+fp/hard\libgcc.a(_udivmoddi4.o)
                0x0800bb24                        __exidx_end = .
                0x0800bb24                        . = ALIGN (0x4)

.preinit_array  0x0800bb24        0x0
                0x0800bb24                        . = ALIGN (0x4)
                0x0800bb24                        PROVIDE (__preinit_array_start = .)
 *(.preinit_array*)
                0x0800bb24                        PROVIDE (__preinit_array_end = .)
                0x0800bb24                        . = ALIGN (0x4)

.init_array     0x0800bb24        0x4
                0x0800bb24                        . = ALIGN (0x4)
                0x0800bb24                        PROVIDE (__init_array_start = .)
 *(SORT_BY_NAME(.init_array.*))
 *(.init_array*)
 .init_array    0x0800bb24        0x4 C:/ST/STM32CubeIDE_1.16.1/STM32CubeIDE/plugins/com.st.stm32cube.ide.mcu.externaltools.gnu-tools-for-stm32.12.3.rel1.win32_1.0.200.202406191623/tools/bin/../lib/gcc/arm-none-eabi/12.3.1/thumb/v7e-m+fp/hard/crtbegin.o
                0x0800bb28                        PROVIDE (__init_array_end = .)
                0x0800bb28                        . = ALIGN (0x4)

.fini_array     0x0800bb28        0x4
                0x0800bb28                        . = ALIGN (0x4)
                [!provide]                        PROVIDE (__fini_array_start = .)
 *(SORT_BY_NAME(.fini_array.*))
 *(.fini_array*)
 .fini_array    0x0800bb28        0x4 C:/ST/STM32CubeIDE_1.16.1/STM32CubeIDE/plugins/com.st.stm32cube.ide.mcu.externaltools.gnu-tools-for-stm32.12.3.rel1.win32_1.0.200.202406191623/tools/bin/../lib/gcc/arm-none-eabi/12.3.1/thumb/v7e-m+fp/hard/crtbegin.o
                [!provide]                        PROVIDE (__fini_array_end = .)
                0x0800bb2c                        . = ALIGN (0x4)
                0x0800bb2c                        _sidata = LOADADDR (.data)

.rel.dyn        0x0800bb2c        0x0
 .rel.iplt      0x0800bb2c        0x0 C:/ST/STM32CubeIDE_1.16.1/STM32CubeIDE/plugins/com.st.stm32cube.ide.mcu.externaltools.gnu-tools-for-stm32.12.3.rel1.win32_1.0.200.202406191623/tools/bin/../lib/gcc/arm-none-eabi/12.3.1/thumb/v7e-m+fp/hard/crtbegin.o

.data           0x20000000      0x104 load address 0x0800bb2c
                0x20000000                        . = ALIGN (0x4)
                0x20000000                        _sdata = .
 *(.data)
 *(.data*)
 .data.SystemCoreClock
                0x20000000        0x4 ./Core/Src/system_stm32f4xx.o
                0x20000000                SystemCoreClock
 .data.uwTickPrio
                0x20000004        0x4 ./Drivers/STM32F4xx_HAL_Driver/Src/stm32f4xx_hal.o
                0x20000004                uwTickPrio
 .data.uwTickFreq
                0x20000008        0x1 ./Drivers/STM32F4xx_HAL_Driver/Src/stm32f4xx_hal.o
                0x20000008                uwTickFreq
 *fill*         0x20000009        0x3 
 .data.uxTopUsedPriority
                0x2000000c        0x4 ./FreeRTOS/Source/tasks.o
                0x2000000c                uxTopUsedPriority
 .data.uxCriticalNesting
                0x20000010        0x4 ./FreeRTOS/Source/portable/GCC/ARM_CM4F/port.o
 .data.USBD_CDC_DeviceQualifierDesc
                0x20000014        0xa ./Middlewares/ST/STM32_USB_Device_Library/Class/CDC/Src/usbd_cdc.o
 *fill*         0x2000001e        0x2 
 .data.USBD_CDC
                0x20000020       0x38 ./Middlewares/ST/STM32_USB_Device_Library/Class/CDC/Src/usbd_cdc.o
                0x20000020                USBD_CDC
 .data.USBD_CDC_CfgDesc
                0x20000058       0x43 ./Middlewares/ST/STM32_USB_Device_Library/Class/CDC/Src/usbd_cdc.o
 .data.CDCInEpAdd
                0x2000009b        0x1 ./Middlewares/ST/STM32_USB_Device_Library/Class/CDC/Src/usbd_cdc.o
 .data.CDCOutEpAdd
                0x2000009c        0x1 ./Middlewares/ST/STM32_USB_Device_Library/Class/CDC/Src/usbd_cdc.o
 .data.CDCCmdEpAdd
                0x2000009d        0x1 ./Middlewares/ST/STM32_USB_Device_Library/Class/CDC/Src/usbd_cdc.o
 *fill*         0x2000009e        0x2 
 .data.USBD_Interface_fops_FS
                0x200000a0       0x14 ./USB_DEVICE/App/usbd_cdc_if.o
                0x200000a0                USBD_Interface_fops_FS
 .data.FS_Desc  0x200000b4       0x1c ./USB_DEVICE/App/usbd_desc.o
                0x200000b4                FS_Desc
 .data.USBD_FS_DeviceDesc
                0x200000d0       0x12 ./USB_DEVICE/App/usbd_desc.o
                0x200000d0                USBD_FS_DeviceDesc
 *fill*         0x200000e2        0x2 
 .data.USBD_LangIDDesc
                0x200000e4        0x4 ./USB_DEVICE/App/usbd_desc.o
                0x200000e4                USBD_LangIDDesc
 .data.USBD_StringSerial
                0x200000e8       0x1a ./USB_DEVICE/App/usbd_desc.o
                0x200000e8                USBD_StringSerial
 *(.RamFunc)
 *(.RamFunc*)
                0x20000104                        . = ALIGN (0x4)
 *fill*         0x20000102        0x2 
                0x20000104                        _edata = .

.igot.plt       0x20000104        0x0 load address 0x0800bc30
 .igot.plt      0x20000104        0x0 C:/ST/STM32CubeIDE_1.16.1/STM32CubeIDE/plugins/com.st.stm32cube.ide.mcu.externaltools.gnu-tools-for-stm32.12.3.rel1.win32_1.0.200.202406191623/tools/bin/../lib/gcc/arm-none-eabi/12.3.1/thumb/v7e-m+fp/hard/crtbegin.o
                0x20000104                        . = ALIGN (0x4)

.bss            0x20000104    0x14b2c load address 0x0800bc30
                0x20000104                        _sbss = .
                0x20000104                        __bss_start__ = _sbss
 *(.bss)
 .bss           0x20000104       0x1c C:/ST/STM32CubeIDE_1.16.1/STM32CubeIDE/plugins/com.st.stm32cube.ide.mcu.externaltools.gnu-tools-for-stm32.12.3.rel1.win32_1.0.200.202406191623/tools/bin/../lib/gcc/arm-none-eabi/12.3.1/thumb/v7e-m+fp/hard/crtbegin.o
 *(.bss*)
 .bss.hi2c1     0x20000120       0x54 ./Core/Src/main.o
                0x20000120                hi2c1
 .bss.hi2s2     0x20000174       0x48 ./Core/Src/main.o
                0x20000174                hi2s2
 .bss.hi2s3     0x200001bc       0x48 ./Core/Src/main.o
                0x200001bc                hi2s3
 .bss.hspi1     0x20000204       0x58 ./Core/Src/main.o
                0x20000204                hspi1
 .bss.htim5     0x2000025c       0x48 ./Core/Src/stm32f4xx_hal_timebase_tim.o
                0x2000025c                htim5
 .bss.uwTick    0x200002a4        0x4 ./Drivers/STM32F4xx_HAL_Driver/Src/stm32f4xx_hal.o
                0x200002a4                uwTick
 .bss.xQueueRegistry
                0x200002a8       0x40 ./FreeRTOS/Source/queue.o
                0x200002a8                xQueueRegistry
 .bss.pxCurrentTCB
                0x200002e8        0x4 ./FreeRTOS/Source/tasks.o
                0x200002e8                pxCurrentTCB
 .bss.pxReadyTasksLists
                0x200002ec       0x64 ./FreeRTOS/Source/tasks.o
 .bss.xDelayedTaskList1
                0x20000350       0x14 ./FreeRTOS/Source/tasks.o
 .bss.xDelayedTaskList2
                0x20000364       0x14 ./FreeRTOS/Source/tasks.o
 .bss.pxDelayedTaskList
                0x20000378        0x4 ./FreeRTOS/Source/tasks.o
 .bss.pxOverflowDelayedTaskList
                0x2000037c        0x4 ./FreeRTOS/Source/tasks.o
 .bss.xPendingReadyList
                0x20000380       0x14 ./FreeRTOS/Source/tasks.o
 .bss.xTasksWaitingTermination
                0x20000394       0x14 ./FreeRTOS/Source/tasks.o
 .bss.uxDeletedTasksWaitingCleanUp
                0x200003a8        0x4 ./FreeRTOS/Source/tasks.o
 .bss.xSuspendedTaskList
                0x200003ac       0x14 ./FreeRTOS/Source/tasks.o
 .bss.uxCurrentNumberOfTasks
                0x200003c0        0x4 ./FreeRTOS/Source/tasks.o
 .bss.xTickCount
                0x200003c4        0x4 ./FreeRTOS/Source/tasks.o
 .bss.uxTopReadyPriority
                0x200003c8        0x4 ./FreeRTOS/Source/tasks.o
 .bss.xSchedulerRunning
                0x200003cc        0x4 ./FreeRTOS/Source/tasks.o
 .bss.xPendedTicks
                0x200003d0        0x4 ./FreeRTOS/Source/tasks.o
 .bss.xYieldPending
                0x200003d4        0x4 ./FreeRTOS/Source/tasks.o
 .bss.xNumOfOverflows
                0x200003d8        0x4 ./FreeRTOS/Source/tasks.o
 .bss.uxTaskNumber
                0x200003dc        0x4 ./FreeRTOS/Source/tasks.o
 .bss.xNextTaskUnblockTime
                0x200003e0        0x4 ./FreeRTOS/Source/tasks.o
 .bss.xIdleTaskHandle
                0x200003e4        0x4 ./FreeRTOS/Source/tasks.o
 .bss.uxSchedulerSuspended
                0x200003e8        0x4 ./FreeRTOS/Source/tasks.o
 .bss.xActiveTimerList1
                0x200003ec       0x14 ./FreeRTOS/Source/timers.o
 .bss.xActiveTimerList2
                0x20000400       0x14 ./FreeRTOS/Source/timers.o
 .bss.pxCurrentTimerList
                0x20000414        0x4 ./FreeRTOS/Source/timers.o
 .bss.pxOverflowTimerList
                0x20000418        0x4 ./FreeRTOS/Source/timers.o
 .bss.xTimerQueue
                0x2000041c        0x4 ./FreeRTOS/Source/timers.o
 .bss.xTimerTaskHandle
                0x20000420        0x4 ./FreeRTOS/Source/timers.o
 .bss.xLastTime.0
                0x20000424        0x4 ./FreeRTOS/Source/timers.o
 .bss.ucMaxSysCallPriority
                0x20000428        0x1 ./FreeRTOS/Source/portable/GCC/ARM_CM4F/port.o
 *fill*         0x20000429        0x3 
 .bss.ulMaxPRIGROUPValue
                0x2000042c        0x4 ./FreeRTOS/Source/portable/GCC/ARM_CM4F/port.o
 .bss.ucHeap    0x20000430    0x12c00 ./FreeRTOS/Source/portable/MemMang/heap_4.o
 .bss.xStart    0x20013030        0x8 ./FreeRTOS/Source/portable/MemMang/heap_4.o
 .bss.pxEnd     0x20013038        0x4 ./FreeRTOS/Source/portable/MemMang/heap_4.o
 .bss.xFreeBytesRemaining
                0x2001303c        0x4 ./FreeRTOS/Source/portable/MemMang/heap_4.o
 .bss.xMinimumEverFreeBytesRemaining
                0x20013040        0x4 ./FreeRTOS/Source/portable/MemMang/heap_4.o
 .bss.xNumberOfSuccessfulAllocations
                0x20013044        0x4 ./FreeRTOS/Source/portable/MemMang/heap_4.o
 .bss.xNumberOfSuccessfulFrees
                0x20013048        0x4 ./FreeRTOS/Source/portable/MemMang/heap_4.o
 .bss.cfgidx.0  0x2001304c        0x1 ./Middlewares/ST/STM32_USB_Device_Library/Core/Src/usbd_ctlreq.o
 *fill*         0x2001304d        0x3 
 .bss.hUsbDeviceFS
                0x20013050      0x2dc ./USB_DEVICE/App/usb_device.o
                0x20013050                hUsbDeviceFS
 .bss.UserRxBufferFS
                0x2001332c      0x800 ./USB_DEVICE/App/usbd_cdc_if.o
                0x2001332c                UserRxBufferFS
 .bss.UserTxBufferFS
                0x20013b2c      0x800 ./USB_DEVICE/App/usbd_cdc_if.o
                0x20013b2c                UserTxBufferFS
 .bss.USBD_StrDesc
                0x2001432c      0x200 ./USB_DEVICE/App/usbd_desc.o
                0x2001432c                USBD_StrDesc
 .bss.hpcd_USB_OTG_FS
                0x2001452c      0x4e4 ./USB_DEVICE/Target/usbd_conf.o
                0x2001452c                hpcd_USB_OTG_FS
 .bss.mem.0     0x20014a10      0x220 ./USB_DEVICE/Target/usbd_conf.o
 *(COMMON)
                0x20014c30                        . = ALIGN (0x4)
                0x20014c30                        _ebss = .
                0x20014c30                        __bss_end__ = _ebss

._user_heap_stack
                0x20014c30      0x600 load address 0x0800bc30
                0x20014c30                        . = ALIGN (0x8)
                0x20014c30                        PROVIDE (end = .)
                [!provide]                        PROVIDE (_end = .)
                0x20014e30                        . = (. + _Min_Heap_Size)
 *fill*         0x20014c30      0x200 
                0x20015230                        . = (. + _Min_Stack_Size)
 *fill*         0x20014e30      0x400 
                0x20015230                        . = ALIGN (0x8)

/DISCARD/
 libc.a(*)
 libm.a(*)
 libgcc.a(*)

.ARM.attributes
                0x00000000       0x30
 *(.ARM.attributes)
 .ARM.attributes
                0x00000000       0x22 C:/ST/STM32CubeIDE_1.16.1/STM32CubeIDE/plugins/com.st.stm32cube.ide.mcu.externaltools.gnu-tools-for-stm32.12.3.rel1.win32_1.0.200.202406191623/tools/bin/../lib/gcc/arm-none-eabi/12.3.1/thumb/v7e-m+fp/hard/crti.o
 .ARM.attributes
                0x00000022       0x34 C:/ST/STM32CubeIDE_1.16.1/STM32CubeIDE/plugins/com.st.stm32cube.ide.mcu.externaltools.gnu-tools-for-stm32.12.3.rel1.win32_1.0.200.202406191623/tools/bin/../lib/gcc/arm-none-eabi/12.3.1/thumb/v7e-m+fp/hard/crtbegin.o
 .ARM.attributes
                0x00000056       0x34 ./Core/Src/main.o
 .ARM.attributes
                0x0000008a       0x34 ./Core/Src/stm32f4xx_hal_msp.o
 .ARM.attributes
                0x000000be       0x34 ./Core/Src/stm32f4xx_hal_timebase_tim.o
 .ARM.attributes
                0x000000f2       0x34 ./Core/Src/stm32f4xx_it.o
 .ARM.attributes
                0x00000126       0x34 ./Core/Src/system_stm32f4xx.o
 .ARM.attributes
                0x0000015a       0x21 ./Core/Startup/startup_stm32f411vetx.o
 .ARM.attributes
                0x0000017b       0x34 ./Drivers/STM32F4xx_HAL_Driver/Src/stm32f4xx_hal.o
 .ARM.attributes
                0x000001af       0x34 ./Drivers/STM32F4xx_HAL_Driver/Src/stm32f4xx_hal_cortex.o
 .ARM.attributes
                0x000001e3       0x34 ./Drivers/STM32F4xx_HAL_Driver/Src/stm32f4xx_hal_gpio.o
 .ARM.attributes
                0x00000217       0x34 ./Drivers/STM32F4xx_HAL_Driver/Src/stm32f4xx_hal_i2c.o
 .ARM.attributes
                0x0000024b       0x34 ./Drivers/STM32F4xx_HAL_Driver/Src/stm32f4xx_hal_i2s.o
 .ARM.attributes
                0x0000027f       0x34 ./Drivers/STM32F4xx_HAL_Driver/Src/stm32f4xx_hal_i2s_ex.o
 .ARM.attributes
                0x000002b3       0x34 ./Drivers/STM32F4xx_HAL_Driver/Src/stm32f4xx_hal_pcd.o
 .ARM.attributes
                0x000002e7       0x34 ./Drivers/STM32F4xx_HAL_Driver/Src/stm32f4xx_hal_pcd_ex.o
 .ARM.attributes
                0x0000031b       0x34 ./Drivers/STM32F4xx_HAL_Driver/Src/stm32f4xx_hal_rcc.o
 .ARM.attributes
                0x0000034f       0x34 ./Drivers/STM32F4xx_HAL_Driver/Src/stm32f4xx_hal_rcc_ex.o
 .ARM.attributes
                0x00000383       0x34 ./Drivers/STM32F4xx_HAL_Driver/Src/stm32f4xx_hal_spi.o
 .ARM.attributes
                0x000003b7       0x34 ./Drivers/STM32F4xx_HAL_Driver/Src/stm32f4xx_hal_tim.o
 .ARM.attributes
                0x000003eb       0x34 ./Drivers/STM32F4xx_HAL_Driver/Src/stm32f4xx_hal_tim_ex.o
 .ARM.attributes
                0x0000041f       0x34 ./Drivers/STM32F4xx_HAL_Driver/Src/stm32f4xx_ll_usb.o
 .ARM.attributes
                0x00000453       0x34 ./FreeRTOS/Source/list.o
 .ARM.attributes
                0x00000487       0x34 ./FreeRTOS/Source/queue.o
 .ARM.attributes
                0x000004bb       0x34 ./FreeRTOS/Source/tasks.o
 .ARM.attributes
                0x000004ef       0x34 ./FreeRTOS/Source/timers.o
 .ARM.attributes
                0x00000523       0x34 ./FreeRTOS/Source/portable/GCC/ARM_CM4F/port.o
 .ARM.attributes
                0x00000557       0x34 ./FreeRTOS/Source/portable/MemMang/heap_4.o
 .ARM.attributes
                0x0000058b       0x34 ./Middlewares/ST/STM32_USB_Device_Library/Class/CDC/Src/usbd_cdc.o
 .ARM.attributes
                0x000005bf       0x34 ./Middlewares/ST/STM32_USB_Device_Library/Core/Src/usbd_core.o
 .ARM.attributes
                0x000005f3       0x34 ./Middlewares/ST/STM32_USB_Device_Library/Core/Src/usbd_ctlreq.o
 .ARM.attributes
                0x00000627       0x34 ./Middlewares/ST/STM32_USB_Device_Library/Core/Src/usbd_ioreq.o
 .ARM.attributes
                0x0000065b       0x34 ./USB_DEVICE/App/usb_device.o
 .ARM.attributes
                0x0000068f       0x34 ./USB_DEVICE/App/usbd_cdc_if.o
 .ARM.attributes
                0x000006c3       0x34 ./USB_DEVICE/App/usbd_desc.o
 .ARM.attributes
                0x000006f7       0x34 ./USB_DEVICE/Target/usbd_conf.o
 .ARM.attributes
                0x0000072b       0x34 C:/ST/STM32CubeIDE_1.16.1/STM32CubeIDE/plugins/com.st.stm32cube.ide.mcu.externaltools.gnu-tools-for-stm32.12.3.rel1.win32_1.0.200.202406191623/tools/bin/../lib/gcc/arm-none-eabi/12.3.1/../../../../arm-none-eabi/lib/thumb/v7e-m+fp/hard\libc_nano.a(libc_a-memset.o)
 .ARM.attributes
                0x0000075f       0x34 C:/ST/STM32CubeIDE_1.16.1/STM32CubeIDE/plugins/com.st.stm32cube.ide.mcu.externaltools.gnu-tools-for-stm32.12.3.rel1.win32_1.0.200.202406191623/tools/bin/../lib/gcc/arm-none-eabi/12.3.1/../../../../arm-none-eabi/lib/thumb/v7e-m+fp/hard\libc_nano.a(libc_a-init.o)
 .ARM.attributes
                0x00000793       0x34 C:/ST/STM32CubeIDE_1.16.1/STM32CubeIDE/plugins/com.st.stm32cube.ide.mcu.externaltools.gnu-tools-for-stm32.12.3.rel1.win32_1.0.200.202406191623/tools/bin/../lib/gcc/arm-none-eabi/12.3.1/../../../../arm-none-eabi/lib/thumb/v7e-m+fp/hard\libc_nano.a(libc_a-memcpy-stub.o)
 .ARM.attributes
                0x000007c7       0x22 C:/ST/STM32CubeIDE_1.16.1/STM32CubeIDE/plugins/com.st.stm32cube.ide.mcu.externaltools.gnu-tools-for-stm32.12.3.rel1.win32_1.0.200.202406191623/tools/bin/../lib/gcc/arm-none-eabi/12.3.1/thumb/v7e-m+fp/hard\libgcc.a(_aeabi_uldivmod.o)
 .ARM.attributes
                0x000007e9       0x34 C:/ST/STM32CubeIDE_1.16.1/STM32CubeIDE/plugins/com.st.stm32cube.ide.mcu.externaltools.gnu-tools-for-stm32.12.3.rel1.win32_1.0.200.202406191623/tools/bin/../lib/gcc/arm-none-eabi/12.3.1/thumb/v7e-m+fp/hard\libgcc.a(_udivmoddi4.o)
 .ARM.attributes
                0x0000081d       0x22 C:/ST/STM32CubeIDE_1.16.1/STM32CubeIDE/plugins/com.st.stm32cube.ide.mcu.externaltools.gnu-tools-for-stm32.12.3.rel1.win32_1.0.200.202406191623/tools/bin/../lib/gcc/arm-none-eabi/12.3.1/thumb/v7e-m+fp/hard\libgcc.a(_dvmd_tls.o)
 .ARM.attributes
                0x0000083f       0x22 C:/ST/STM32CubeIDE_1.16.1/STM32CubeIDE/plugins/com.st.stm32cube.ide.mcu.externaltools.gnu-tools-for-stm32.12.3.rel1.win32_1.0.200.202406191623/tools/bin/../lib/gcc/arm-none-eabi/12.3.1/thumb/v7e-m+fp/hard/crtn.o
OUTPUT(PRIM-FreeRTOS.elf elf32-littlearm)
LOAD linker stubs
LOAD C:/ST/STM32CubeIDE_1.16.1/STM32CubeIDE/plugins/com.st.stm32cube.ide.mcu.externaltools.gnu-tools-for-stm32.12.3.rel1.win32_1.0.200.202406191623/tools/bin/../lib/gcc/arm-none-eabi/12.3.1/../../../../arm-none-eabi/lib/thumb/v7e-m+fp/hard\libc.a
LOAD C:/ST/STM32CubeIDE_1.16.1/STM32CubeIDE/plugins/com.st.stm32cube.ide.mcu.externaltools.gnu-tools-for-stm32.12.3.rel1.win32_1.0.200.202406191623/tools/bin/../lib/gcc/arm-none-eabi/12.3.1/../../../../arm-none-eabi/lib/thumb/v7e-m+fp/hard\libm.a
LOAD C:/ST/STM32CubeIDE_1.16.1/STM32CubeIDE/plugins/com.st.stm32cube.ide.mcu.externaltools.gnu-tools-for-stm32.12.3.rel1.win32_1.0.200.202406191623/tools/bin/../lib/gcc/arm-none-eabi/12.3.1/thumb/v7e-m+fp/hard\libgcc.a

.debug_info     0x00000000    0x1f0bc
 .debug_info    0x00000000     0x192a ./Core/Src/main.o
 .debug_info    0x0000192a      0xf28 ./Core/Src/stm32f4xx_hal_msp.o
 .debug_info    0x00002852      0xb83 ./Core/Src/stm32f4xx_hal_timebase_tim.o
 .debug_info    0x000033d5      0xb84 ./Core/Src/stm32f4xx_it.o
 .debug_info    0x00003f59      0x53e ./Core/Src/system_stm32f4xx.o
 .debug_info    0x00004497       0x30 ./Core/Startup/startup_stm32f411vetx.o
 .debug_info    0x000044c7      0x8c4 ./Drivers/STM32F4xx_HAL_Driver/Src/stm32f4xx_hal.o
 .debug_info    0x00004d8b      0xcfc ./Drivers/STM32F4xx_HAL_Driver/Src/stm32f4xx_hal_cortex.o
 .debug_info    0x00005a87      0x6f9 ./Drivers/STM32F4xx_HAL_Driver/Src/stm32f4xx_hal_gpio.o
 .debug_info    0x00006180     0x2426 ./Drivers/STM32F4xx_HAL_Driver/Src/stm32f4xx_hal_i2c.o
 .debug_info    0x000085a6      0xdfd ./Drivers/STM32F4xx_HAL_Driver/Src/stm32f4xx_hal_i2s.o
 .debug_info    0x000093a3      0xaa4 ./Drivers/STM32F4xx_HAL_Driver/Src/stm32f4xx_hal_i2s_ex.o
 .debug_info    0x00009e47     0x1577 ./Drivers/STM32F4xx_HAL_Driver/Src/stm32f4xx_hal_pcd.o
 .debug_info    0x0000b3be      0x6ea ./Drivers/STM32F4xx_HAL_Driver/Src/stm32f4xx_hal_pcd_ex.o
 .debug_info    0x0000baa8      0x8f0 ./Drivers/STM32F4xx_HAL_Driver/Src/stm32f4xx_hal_rcc.o
 .debug_info    0x0000c398      0x5a1 ./Drivers/STM32F4xx_HAL_Driver/Src/stm32f4xx_hal_rcc_ex.o
 .debug_info    0x0000c939     0x1530 ./Drivers/STM32F4xx_HAL_Driver/Src/stm32f4xx_hal_spi.o
 .debug_info    0x0000de69     0x2996 ./Drivers/STM32F4xx_HAL_Driver/Src/stm32f4xx_hal_tim.o
 .debug_info    0x000107ff     0x14d4 ./Drivers/STM32F4xx_HAL_Driver/Src/stm32f4xx_hal_tim_ex.o
 .debug_info    0x00011cd3     0x1993 ./Drivers/STM32F4xx_HAL_Driver/Src/stm32f4xx_ll_usb.o
 .debug_info    0x00013666      0x2af ./FreeRTOS/Source/list.o
 .debug_info    0x00013915     0x184f ./FreeRTOS/Source/queue.o
 .debug_info    0x00015164     0x2401 ./FreeRTOS/Source/tasks.o
 .debug_info    0x00017565      0xe20 ./FreeRTOS/Source/timers.o
 .debug_info    0x00018385      0x4e1 ./FreeRTOS/Source/portable/GCC/ARM_CM4F/port.o
 .debug_info    0x00018866      0x523 ./FreeRTOS/Source/portable/MemMang/heap_4.o
 .debug_info    0x00018d89     0x12a3 ./Middlewares/ST/STM32_USB_Device_Library/Class/CDC/Src/usbd_cdc.o
 .debug_info    0x0001a02c      0xe05 ./Middlewares/ST/STM32_USB_Device_Library/Core/Src/usbd_core.o
 .debug_info    0x0001ae31      0xade ./Middlewares/ST/STM32_USB_Device_Library/Core/Src/usbd_ctlreq.o
 .debug_info    0x0001b90f      0x755 ./Middlewares/ST/STM32_USB_Device_Library/Core/Src/usbd_ioreq.o
 .debug_info    0x0001c064      0x701 ./USB_DEVICE/App/usb_device.o
 .debug_info    0x0001c765      0x8fa ./USB_DEVICE/App/usbd_cdc_if.o
 .debug_info    0x0001d05f      0x458 ./USB_DEVICE/App/usbd_desc.o
 .debug_info    0x0001d4b7     0x1c05 ./USB_DEVICE/Target/usbd_conf.o

.debug_abbrev   0x00000000     0x4e35
 .debug_abbrev  0x00000000      0x350 ./Core/Src/main.o
 .debug_abbrev  0x00000350      0x1ed ./Core/Src/stm32f4xx_hal_msp.o
 .debug_abbrev  0x0000053d      0x207 ./Core/Src/stm32f4xx_hal_timebase_tim.o
 .debug_abbrev  0x00000744      0x1d6 ./Core/Src/stm32f4xx_it.o
 .debug_abbrev  0x0000091a      0x11a ./Core/Src/system_stm32f4xx.o
 .debug_abbrev  0x00000a34       0x24 ./Core/Startup/startup_stm32f411vetx.o
 .debug_abbrev  0x00000a58      0x24b ./Drivers/STM32F4xx_HAL_Driver/Src/stm32f4xx_hal.o
 .debug_abbrev  0x00000ca3      0x31d ./Drivers/STM32F4xx_HAL_Driver/Src/stm32f4xx_hal_cortex.o
 .debug_abbrev  0x00000fc0      0x1d3 ./Drivers/STM32F4xx_HAL_Driver/Src/stm32f4xx_hal_gpio.o
 .debug_abbrev  0x00001193      0x2bc ./Drivers/STM32F4xx_HAL_Driver/Src/stm32f4xx_hal_i2c.o
 .debug_abbrev  0x0000144f      0x265 ./Drivers/STM32F4xx_HAL_Driver/Src/stm32f4xx_hal_i2s.o
 .debug_abbrev  0x000016b4      0x285 ./Drivers/STM32F4xx_HAL_Driver/Src/stm32f4xx_hal_i2s_ex.o
 .debug_abbrev  0x00001939      0x2b6 ./Drivers/STM32F4xx_HAL_Driver/Src/stm32f4xx_hal_pcd.o
 .debug_abbrev  0x00001bef      0x1da ./Drivers/STM32F4xx_HAL_Driver/Src/stm32f4xx_hal_pcd_ex.o
 .debug_abbrev  0x00001dc9      0x2b6 ./Drivers/STM32F4xx_HAL_Driver/Src/stm32f4xx_hal_rcc.o
 .debug_abbrev  0x0000207f      0x1b2 ./Drivers/STM32F4xx_HAL_Driver/Src/stm32f4xx_hal_rcc_ex.o
 .debug_abbrev  0x00002231      0x276 ./Drivers/STM32F4xx_HAL_Driver/Src/stm32f4xx_hal_spi.o
 .debug_abbrev  0x000024a7      0x28b ./Drivers/STM32F4xx_HAL_Driver/Src/stm32f4xx_hal_tim.o
 .debug_abbrev  0x00002732      0x296 ./Drivers/STM32F4xx_HAL_Driver/Src/stm32f4xx_hal_tim_ex.o
 .debug_abbrev  0x000029c8      0x2b3 ./Drivers/STM32F4xx_HAL_Driver/Src/stm32f4xx_ll_usb.o
 .debug_abbrev  0x00002c7b       0xf5 ./FreeRTOS/Source/list.o
 .debug_abbrev  0x00002d70      0x323 ./FreeRTOS/Source/queue.o
 .debug_abbrev  0x00003093      0x37e ./FreeRTOS/Source/tasks.o
 .debug_abbrev  0x00003411      0x2cb ./FreeRTOS/Source/timers.o
 .debug_abbrev  0x000036dc      0x25a ./FreeRTOS/Source/portable/GCC/ARM_CM4F/port.o
 .debug_abbrev  0x00003936      0x256 ./FreeRTOS/Source/portable/MemMang/heap_4.o
 .debug_abbrev  0x00003b8c      0x2d2 ./Middlewares/ST/STM32_USB_Device_Library/Class/CDC/Src/usbd_cdc.o
 .debug_abbrev  0x00003e5e      0x27c ./Middlewares/ST/STM32_USB_Device_Library/Core/Src/usbd_core.o
 .debug_abbrev  0x000040da      0x26f ./Middlewares/ST/STM32_USB_Device_Library/Core/Src/usbd_ctlreq.o
 .debug_abbrev  0x00004349      0x19a ./Middlewares/ST/STM32_USB_Device_Library/Core/Src/usbd_ioreq.o
 .debug_abbrev  0x000044e3      0x195 ./USB_DEVICE/App/usb_device.o
 .debug_abbrev  0x00004678      0x29d ./USB_DEVICE/App/usbd_cdc_if.o
 .debug_abbrev  0x00004915      0x1e1 ./USB_DEVICE/App/usbd_desc.o
 .debug_abbrev  0x00004af6      0x33f ./USB_DEVICE/Target/usbd_conf.o

.debug_aranges  0x00000000     0x1cd8
 .debug_aranges
                0x00000000       0xb0 ./Core/Src/main.o
 .debug_aranges
                0x000000b0       0x50 ./Core/Src/stm32f4xx_hal_msp.o
 .debug_aranges
                0x00000100       0x30 ./Core/Src/stm32f4xx_hal_timebase_tim.o
 .debug_aranges
                0x00000130       0x58 ./Core/Src/stm32f4xx_it.o
 .debug_aranges
                0x00000188       0x28 ./Core/Src/system_stm32f4xx.o
 .debug_aranges
                0x000001b0       0x28 ./Core/Startup/startup_stm32f411vetx.o
 .debug_aranges
                0x000001d8       0xf0 ./Drivers/STM32F4xx_HAL_Driver/Src/stm32f4xx_hal.o
 .debug_aranges
                0x000002c8      0x130 ./Drivers/STM32F4xx_HAL_Driver/Src/stm32f4xx_hal_cortex.o
 .debug_aranges
                0x000003f8       0x58 ./Drivers/STM32F4xx_HAL_Driver/Src/stm32f4xx_hal_gpio.o
 .debug_aranges
                0x00000450      0x2a8 ./Drivers/STM32F4xx_HAL_Driver/Src/stm32f4xx_hal_i2c.o
 .debug_aranges
                0x000006f8      0x108 ./Drivers/STM32F4xx_HAL_Driver/Src/stm32f4xx_hal_i2s.o
 .debug_aranges
                0x00000800       0x88 ./Drivers/STM32F4xx_HAL_Driver/Src/stm32f4xx_hal_i2s_ex.o
 .debug_aranges
                0x00000888      0x148 ./Drivers/STM32F4xx_HAL_Driver/Src/stm32f4xx_hal_pcd.o
 .debug_aranges
                0x000009d0       0x38 ./Drivers/STM32F4xx_HAL_Driver/Src/stm32f4xx_hal_pcd_ex.o
 .debug_aranges
                0x00000a08       0x88 ./Drivers/STM32F4xx_HAL_Driver/Src/stm32f4xx_hal_rcc.o
 .debug_aranges
                0x00000a90       0x50 ./Drivers/STM32F4xx_HAL_Driver/Src/stm32f4xx_hal_rcc_ex.o
 .debug_aranges
                0x00000ae0      0x1d0 ./Drivers/STM32F4xx_HAL_Driver/Src/stm32f4xx_hal_spi.o
 .debug_aranges
                0x00000cb0      0x3d0 ./Drivers/STM32F4xx_HAL_Driver/Src/stm32f4xx_hal_tim.o
 .debug_aranges
                0x00001080      0x168 ./Drivers/STM32F4xx_HAL_Driver/Src/stm32f4xx_hal_tim_ex.o
 .debug_aranges
                0x000011e8      0x1a0 ./Drivers/STM32F4xx_HAL_Driver/Src/stm32f4xx_ll_usb.o
 .debug_aranges
                0x00001388       0x40 ./FreeRTOS/Source/list.o
 .debug_aranges
                0x000013c8      0x130 ./FreeRTOS/Source/queue.o
 .debug_aranges
                0x000014f8      0x1f8 ./FreeRTOS/Source/tasks.o
 .debug_aranges
                0x000016f0       0xe8 ./FreeRTOS/Source/timers.o
 .debug_aranges
                0x000017d8       0x80 ./FreeRTOS/Source/portable/GCC/ARM_CM4F/port.o
 .debug_aranges
                0x00001858       0x60 ./FreeRTOS/Source/portable/MemMang/heap_4.o
 .debug_aranges
                0x000018b8       0x90 ./Middlewares/ST/STM32_USB_Device_Library/Class/CDC/Src/usbd_cdc.o
 .debug_aranges
                0x00001948       0xd8 ./Middlewares/ST/STM32_USB_Device_Library/Core/Src/usbd_core.o
 .debug_aranges
                0x00001a20       0x90 ./Middlewares/ST/STM32_USB_Device_Library/Core/Src/usbd_ctlreq.o
 .debug_aranges
                0x00001ab0       0x50 ./Middlewares/ST/STM32_USB_Device_Library/Core/Src/usbd_ioreq.o
 .debug_aranges
                0x00001b00       0x20 ./USB_DEVICE/App/usb_device.o
 .debug_aranges
                0x00001b20       0x48 ./USB_DEVICE/App/usbd_cdc_if.o
 .debug_aranges
                0x00001b68       0x60 ./USB_DEVICE/App/usbd_desc.o
 .debug_aranges
                0x00001bc8      0x110 ./USB_DEVICE/Target/usbd_conf.o

.debug_rnglists
                0x00000000     0x1644
 .debug_rnglists
                0x00000000       0x82 ./Core/Src/main.o
 .debug_rnglists
                0x00000082       0x3a ./Core/Src/stm32f4xx_hal_msp.o
 .debug_rnglists
                0x000000bc       0x20 ./Core/Src/stm32f4xx_hal_timebase_tim.o
 .debug_rnglists
                0x000000dc       0x3d ./Core/Src/stm32f4xx_it.o
 .debug_rnglists
                0x00000119       0x1a ./Core/Src/system_stm32f4xx.o
 .debug_rnglists
                0x00000133       0x19 ./Core/Startup/startup_stm32f411vetx.o
 .debug_rnglists
                0x0000014c       0xaf ./Drivers/STM32F4xx_HAL_Driver/Src/stm32f4xx_hal.o
 .debug_rnglists
                0x000001fb       0xe0 ./Drivers/STM32F4xx_HAL_Driver/Src/stm32f4xx_hal_cortex.o
 .debug_rnglists
                0x000002db       0x3f ./Drivers/STM32F4xx_HAL_Driver/Src/stm32f4xx_hal_gpio.o
 .debug_rnglists
                0x0000031a      0x23c ./Drivers/STM32F4xx_HAL_Driver/Src/stm32f4xx_hal_i2c.o
 .debug_rnglists
                0x00000556       0xcc ./Drivers/STM32F4xx_HAL_Driver/Src/stm32f4xx_hal_i2s.o
 .debug_rnglists
                0x00000622       0x6a ./Drivers/STM32F4xx_HAL_Driver/Src/stm32f4xx_hal_i2s_ex.o
 .debug_rnglists
                0x0000068c       0xfa ./Drivers/STM32F4xx_HAL_Driver/Src/stm32f4xx_hal_pcd.o
 .debug_rnglists
                0x00000786       0x26 ./Drivers/STM32F4xx_HAL_Driver/Src/stm32f4xx_hal_pcd_ex.o
 .debug_rnglists
                0x000007ac       0x66 ./Drivers/STM32F4xx_HAL_Driver/Src/stm32f4xx_hal_rcc.o
 .debug_rnglists
                0x00000812       0x3c ./Drivers/STM32F4xx_HAL_Driver/Src/stm32f4xx_hal_rcc_ex.o
 .debug_rnglists
                0x0000084e      0x16f ./Drivers/STM32F4xx_HAL_Driver/Src/stm32f4xx_hal_spi.o
 .debug_rnglists
                0x000009bd      0x31a ./Drivers/STM32F4xx_HAL_Driver/Src/stm32f4xx_hal_tim.o
 .debug_rnglists
                0x00000cd7      0x125 ./Drivers/STM32F4xx_HAL_Driver/Src/stm32f4xx_hal_tim_ex.o
 .debug_rnglists
                0x00000dfc      0x147 ./Drivers/STM32F4xx_HAL_Driver/Src/stm32f4xx_ll_usb.o
 .debug_rnglists
                0x00000f43       0x2b ./FreeRTOS/Source/list.o
 .debug_rnglists
                0x00000f6e       0xec ./FreeRTOS/Source/queue.o
 .debug_rnglists
                0x0000105a      0x195 ./FreeRTOS/Source/tasks.o
 .debug_rnglists
                0x000011ef       0xad ./FreeRTOS/Source/timers.o
 .debug_rnglists
                0x0000129c       0x5d ./FreeRTOS/Source/portable/GCC/ARM_CM4F/port.o
 .debug_rnglists
                0x000012f9       0x48 ./FreeRTOS/Source/portable/MemMang/heap_4.o
 .debug_rnglists
                0x00001341       0x6c ./Middlewares/ST/STM32_USB_Device_Library/Class/CDC/Src/usbd_cdc.o
 .debug_rnglists
                0x000013ad       0xa1 ./Middlewares/ST/STM32_USB_Device_Library/Core/Src/usbd_core.o
 .debug_rnglists
                0x0000144e       0x6e ./Middlewares/ST/STM32_USB_Device_Library/Core/Src/usbd_ctlreq.o
 .debug_rnglists
                0x000014bc       0x37 ./Middlewares/ST/STM32_USB_Device_Library/Core/Src/usbd_ioreq.o
 .debug_rnglists
                0x000014f3       0x13 ./USB_DEVICE/App/usb_device.o
 .debug_rnglists
                0x00001506       0x32 ./USB_DEVICE/App/usbd_cdc_if.o
 .debug_rnglists