Archive member included to satisfy reference by file (symbol)

C:/ST/STM32CubeIDE_1.16.1/STM32CubeIDE/plugins/com.st.stm32cube.ide.mcu.externaltools.gnu-tools-for-stm32.12.3.rel1.win32_1.0.200.202406191623/tools/bin/../lib/gcc/arm-none-eabi/12.3.1/../../../../arm-none-eabi/lib/thumb/v7e-m+fp/hard\libc_nano.a(libc_a-exit.o)
                              C:/ST/STM32CubeIDE_1.16.1/STM32CubeIDE/plugins/com.st.stm32cube.ide.mcu.externaltools.gnu-tools-for-stm32.12.3.rel1.win32_1.0.200.202406191623/tools/bin/../lib/gcc/arm-none-eabi/12.3.1/../../../../arm-none-eabi/lib/thumb/v7e-m+fp/hard/crt0.o (exit)
C:/ST/STM32CubeIDE_1.16.1/STM32CubeIDE/plugins/com.st.stm32cube.ide.mcu.externaltools.gnu-tools-for-stm32.12.3.rel1.win32_1.0.200.202406191623/tools/bin/../lib/gcc/arm-none-eabi/12.3.1/../../../../arm-none-eabi/lib/thumb/v7e-m+fp/hard\libc_nano.a(libc_a-findfp.o)
                              C:/ST/STM32CubeIDE_1.16.1/STM32CubeIDE/plugins/com.st.stm32cube.ide.mcu.externaltools.gnu-tools-for-stm32.12.3.rel1.win32_1.0.200.202406191623/tools/bin/../lib/gcc/arm-none-eabi/12.3.1/../../../../arm-none-eabi/lib/thumb/v7e-m+fp/hard\libc_nano.a(libc_a-exit.o) (__stdio_exit_handler)
C:/ST/STM32CubeIDE_1.16.1/STM32CubeIDE/plugins/com.st.stm32cube.ide.mcu.externaltools.gnu-tools-for-stm32.12.3.rel1.win32_1.0.200.202406191623/tools/bin/../lib/gcc/arm-none-eabi/12.3.1/../../../../arm-none-eabi/lib/thumb/v7e-m+fp/hard\libc_nano.a(libc_a-fwalk.o)
                              C:/ST/STM32CubeIDE_1.16.1/STM32CubeIDE/plugins/com.st.stm32cube.ide.mcu.externaltools.gnu-tools-for-stm32.12.3.rel1.win32_1.0.200.202406191623/tools/bin/../lib/gcc/arm-none-eabi/12.3.1/../../../../arm-none-eabi/lib/thumb/v7e-m+fp/hard\libc_nano.a(libc_a-findfp.o) (_fwalk_sglue)
C:/ST/STM32CubeIDE_1.16.1/STM32CubeIDE/plugins/com.st.stm32cube.ide.mcu.externaltools.gnu-tools-for-stm32.12.3.rel1.win32_1.0.200.202406191623/tools/bin/../lib/gcc/arm-none-eabi/12.3.1/../../../../arm-none-eabi/lib/thumb/v7e-m+fp/hard\libc_nano.a(libc_a-stdio.o)
                              C:/ST/STM32CubeIDE_1.16.1/STM32CubeIDE/plugins/com.st.stm32cube.ide.mcu.externaltools.gnu-tools-for-stm32.12.3.rel1.win32_1.0.200.202406191623/tools/bin/../lib/gcc/arm-none-eabi/12.3.1/../../../../arm-none-eabi/lib/thumb/v7e-m+fp/hard\libc_nano.a(libc_a-findfp.o) (__sread)
C:/ST/STM32CubeIDE_1.16.1/STM32CubeIDE/plugins/com.st.stm32cube.ide.mcu.externaltools.gnu-tools-for-stm32.12.3.rel1.win32_1.0.200.202406191623/tools/bin/../lib/gcc/arm-none-eabi/12.3.1/../../../../arm-none-eabi/lib/thumb/v7e-m+fp/hard\libc_nano.a(libc_a-memset.o)
                              C:/ST/STM32CubeIDE_1.16.1/STM32CubeIDE/plugins/com.st.stm32cube.ide.mcu.externaltools.gnu-tools-for-stm32.12.3.rel1.win32_1.0.200.202406191623/tools/bin/../lib/gcc/arm-none-eabi/12.3.1/../../../../arm-none-eabi/lib/thumb/v7e-m+fp/hard/crt0.o (memset)
C:/ST/STM32CubeIDE_1.16.1/STM32CubeIDE/plugins/com.st.stm32cube.ide.mcu.externaltools.gnu-tools-for-stm32.12.3.rel1.win32_1.0.200.202406191623/tools/bin/../lib/gcc/arm-none-eabi/12.3.1/../../../../arm-none-eabi/lib/thumb/v7e-m+fp/hard\libc_nano.a(libc_a-closer.o)
                              C:/ST/STM32CubeIDE_1.16.1/STM32CubeIDE/plugins/com.st.stm32cube.ide.mcu.externaltools.gnu-tools-for-stm32.12.3.rel1.win32_1.0.200.202406191623/tools/bin/../lib/gcc/arm-none-eabi/12.3.1/../../../../arm-none-eabi/lib/thumb/v7e-m+fp/hard\libc_nano.a(libc_a-stdio.o) (_close_r)
C:/ST/STM32CubeIDE_1.16.1/STM32CubeIDE/plugins/com.st.stm32cube.ide.mcu.externaltools.gnu-tools-for-stm32.12.3.rel1.win32_1.0.200.202406191623/tools/bin/../lib/gcc/arm-none-eabi/12.3.1/../../../../arm-none-eabi/lib/thumb/v7e-m+fp/hard\libc_nano.a(libc_a-reent.o)
                              C:/ST/STM32CubeIDE_1.16.1/STM32CubeIDE/plugins/com.st.stm32cube.ide.mcu.externaltools.gnu-tools-for-stm32.12.3.rel1.win32_1.0.200.202406191623/tools/bin/../lib/gcc/arm-none-eabi/12.3.1/../../../../arm-none-eabi/lib/thumb/v7e-m+fp/hard\libc_nano.a(libc_a-closer.o) (errno)
C:/ST/STM32CubeIDE_1.16.1/STM32CubeIDE/plugins/com.st.stm32cube.ide.mcu.externaltools.gnu-tools-for-stm32.12.3.rel1.win32_1.0.200.202406191623/tools/bin/../lib/gcc/arm-none-eabi/12.3.1/../../../../arm-none-eabi/lib/thumb/v7e-m+fp/hard\libc_nano.a(libc_a-impure.o)
                              C:/ST/STM32CubeIDE_1.16.1/STM32CubeIDE/plugins/com.st.stm32cube.ide.mcu.externaltools.gnu-tools-for-stm32.12.3.rel1.win32_1.0.200.202406191623/tools/bin/../lib/gcc/arm-none-eabi/12.3.1/../../../../arm-none-eabi/lib/thumb/v7e-m+fp/hard\libc_nano.a(libc_a-reent.o) (_impure_ptr)
C:/ST/STM32CubeIDE_1.16.1/STM32CubeIDE/plugins/com.st.stm32cube.ide.mcu.externaltools.gnu-tools-for-stm32.12.3.rel1.win32_1.0.200.202406191623/tools/bin/../lib/gcc/arm-none-eabi/12.3.1/../../../../arm-none-eabi/lib/thumb/v7e-m+fp/hard\libc_nano.a(libc_a-lseekr.o)
[...]
Memory Configuration

Name             Origin             Length             Attributes
RAM              0x20000000         0x00020000         xrw
FLASH            0x08000000         0x00080000         xr
*default*        0x00000000         0xffffffff

Linker script and memory map

LOAD C:/ST/STM32CubeIDE_1.16.1/STM32CubeIDE/plugins/com.st.stm32cube.ide.mcu.externaltools.gnu-tools-for-stm32.12.3.rel1.win32_1.0.200.202406191623/tools/bin/../lib/gcc/arm-none-eabi/12.3.1/thumb/v7e-m+fp/hard/crti.o
LOAD C:/ST/STM32CubeIDE_1.16.1/STM32CubeIDE/plugins/com.st.stm32cube.ide.mcu.externaltools.gnu-tools-for-stm32.12.3.rel1.win32_1.0.200.202406191623/tools/bin/../lib/gcc/arm-none-eabi/12.3.1/thumb/v7e-m+fp/hard/crtbegin.o
LOAD C:/ST/STM32CubeIDE_1.16.1/STM32CubeIDE/plugins/com.st.stm32cube.ide.mcu.externaltools.gnu-tools-for-stm32.12.3.rel1.win32_1.0.200.202406191623/tools/bin/../lib/gcc/arm-none-eabi/12.3.1/../../../../arm-none-eabi/lib/thumb/v7e-m+fp/hard/crt0.o
LOAD ./Core/Src/main.o
LOAD ./Core/Src/stm32f4xx_hal_msp.o
LOAD ./Core/Src/stm32f4xx_hal_timebase_tim.o
LOAD ./Core/Src/stm32f4xx_it.o
LOAD ./Core/Src/syscalls.o
LOAD ./Core/Src/system_stm32f4xx.o
LOAD ./Core/Startup/startup_stm32f411vetx.o
LOAD ./Drivers/STM32F4xx_HAL_Driver/Src/stm32f4xx_hal.o
LOAD ./Drivers/STM32F4xx_HAL_Driver/Src/stm32f4xx_hal_cortex.o
LOAD ./Drivers/STM32F4xx_HAL_Driver/Src/stm32f4xx_hal_dma.o
LOAD ./Drivers/STM32F4xx_HAL_Driver/Src/stm32f4xx_hal_dma_ex.o
LOAD ./Drivers/STM32F4xx_HAL_Driver/Src/stm32f4xx_hal_exti.o
LOAD ./Drivers/STM32F4xx_HAL_Driver/Src/stm32f4xx_hal_flash.o
LOAD ./Drivers/STM32F4xx_HAL_Driver/Src/stm32f4xx_hal_flash_ex.o
LOAD ./Drivers/STM32F4xx_HAL_Driver/Src/stm32f4xx_hal_flash_ramfunc.o
LOAD ./Drivers/STM32F4xx_HAL_Driver/Src/stm32f4xx_hal_gpio.o
LOAD ./Drivers/STM32F4xx_HAL_Driver/Src/stm32f4xx_hal_i2c.o
LOAD ./Drivers/STM32F4xx_HAL_Driver/Src/stm32f4xx_hal_i2c_ex.o
LOAD ./Drivers/STM32F4xx_HAL_Driver/Src/stm32f4xx_hal_i2s.o
LOAD ./Drivers/STM32F4xx_HAL_Driver/Src/stm32f4xx_hal_i2s_ex.o
LOAD ./Drivers/STM32F4xx_HAL_Driver/Src/stm32f4xx_hal_pcd.o
LOAD ./Drivers/STM32F4xx_HAL_Driver/Src/stm32f4xx_hal_pcd_ex.o
LOAD ./Drivers/STM32F4xx_HAL_Driver/Src/stm32f4xx_hal_pwr.o
LOAD ./Drivers/STM32F4xx_HAL_Driver/Src/stm32f4xx_hal_pwr_ex.o
LOAD ./Drivers/STM32F4xx_HAL_Driver/Src/stm32f4xx_hal_rcc.o
LOAD ./Drivers/STM32F4xx_HAL_Driver/Src/stm32f4xx_hal_rcc_ex.o
LOAD ./Drivers/STM32F4xx_HAL_Driver/Src/stm32f4xx_hal_spi.o
LOAD ./Drivers/STM32F4xx_HAL_Driver/Src/stm32f4xx_hal_tim.o
LOAD ./Drivers/STM32F4xx_HAL_Driver/Src/stm32f4xx_hal_tim_ex.o
LOAD ./Drivers/STM32F4xx_HAL_Driver/Src/stm32f4xx_ll_usb.o
LOAD ./FreeRTOS/Source/croutine.o
LOAD ./FreeRTOS/Source/event_groups.o
LOAD ./FreeRTOS/Source/list.o
LOAD ./FreeRTOS/Source/queue.o
LOAD ./FreeRTOS/Source/stream_buffer.o
LOAD ./FreeRTOS/Source/tasks.o
LOAD ./FreeRTOS/Source/timers.o
LOAD ./FreeRTOS/Source/portable/GCC/ARM_CM4F/port.o
LOAD ./FreeRTOS/Source/portable/MemMang/heap_4.o
LOAD ./Middlewares/ST/STM32_USB_Device_Library/Class/CDC/Src/usbd_cdc.o
LOAD ./Middlewares/ST/STM32_USB_Device_Library/Core/Src/usbd_core.o
LOAD ./Middlewares/ST/STM32_USB_Device_Library/Core/Src/usbd_ctlreq.o
LOAD ./Middlewares/ST/STM32_USB_Device_Library/Core/Src/usbd_ioreq.o
LOAD ./USB_DEVICE/App/usb_device.o
LOAD ./USB_DEVICE/App/usbd_cdc_if.o
LOAD ./USB_DEVICE/App/usbd_desc.o
LOAD ./USB_DEVICE/Target/usbd_conf.o
START GROUP
LOAD C:/ST/STM32CubeIDE_1.16.1/STM32CubeIDE/plugins/com.st.stm32cube.ide.mcu.externaltools.gnu-tools-for-stm32.12.3.rel1.win32_1.0.200.202406191623/tools/bin/../lib/gcc/arm-none-eabi/12.3.1/../../../../arm-none-eabi/lib/thumb/v7e-m+fp/hard\libc_nano.a
LOAD C:/ST/STM32CubeIDE_1.16.1/STM32CubeIDE/plugins/com.st.stm32cube.ide.mcu.externaltools.gnu-tools-for-stm32.12.3.rel1.win32_1.0.200.202406191623/tools/bin/../lib/gcc/arm-none-eabi/12.3.1/../../../../arm-none-eabi/lib/thumb/v7e-m+fp/hard\libm.a
END GROUP
START GROUP
LOAD C:/ST/STM32CubeIDE_1.16.1/STM32CubeIDE/plugins/com.st.stm32cube.ide.mcu.externaltools.gnu-tools-for-stm32.12.3.rel1.win32_1.0.200.202406191623/tools/bin/../lib/gcc/arm-none-eabi/12.3.1/thumb/v7e-m+fp/hard\libgcc.a
LOAD C:/ST/STM32CubeIDE_1.16.1/STM32CubeIDE/plugins/com.st.stm32cube.ide.mcu.externaltools.gnu-tools-for-stm32.12.3.rel1.win32_1.0.200.202406191623/tools/bin/../lib/gcc/arm-none-eabi/12.3.1/../../../../arm-none-eabi/lib/thumb/v7e-m+fp/hard\libc_nano.a
END GROUP
START GROUP
LOAD C:/ST/STM32CubeIDE_1.16.1/STM32CubeIDE/plugins/com.st.stm32cube.ide.mcu.externaltools.gnu-tools-for-stm32.12.3.rel1.win32_1.0.200.202406191623/tools/bin/../lib/gcc/arm-none-eabi/12.3.1/thumb/v7e-m+fp/hard\libgcc.a
LOAD C:/ST/STM32CubeIDE_1.16.1/STM32CubeIDE/plugins/com.st.stm32cube.ide.mcu.externaltools.gnu-tools-for-stm32.12.3.rel1.win32_1.0.200.202406191623/tools/bin/../lib/gcc/arm-none-eabi/12.3.1/../../../../arm-none-eabi/lib/thumb/v7e-m+fp/hard\libc_nano.a
LOAD C:/ST/STM32CubeIDE_1.16.1/STM32CubeIDE/plugins/com.st.stm32cube.ide.mcu.externaltools.gnu-tools-for-stm32.12.3.rel1.win32_1.0.200.202406191623/tools/bin/../lib/gcc/arm-none-eabi/12.3.1/../../../../arm-none-eabi/lib/thumb/v7e-m+fp/hard\libnosys.a
END GROUP
START GROUP
LOAD C:/ST/STM32CubeIDE_1.16.1/STM32CubeIDE/plugins/com.st.stm32cube.ide.mcu.externaltools.gnu-tools-for-stm32.12.3.rel1.win32_1.0.200.202406191623/tools/bin/../lib/gcc/arm-none-eabi/12.3.1/thumb/v7e-m+fp/hard\libgcc.a
LOAD C:/ST/STM32CubeIDE_1.16.1/STM32CubeIDE/plugins/com.st.stm32cube.ide.mcu.externaltools.gnu-tools-for-stm32.12.3.rel1.win32_1.0.200.202406191623/tools/bin/../lib/gcc/arm-none-eabi/12.3.1/../../../../arm-none-eabi/lib/thumb/v7e-m+fp/hard\libc_nano.a
LOAD C:/ST/STM32CubeIDE_1.16.1/STM32CubeIDE/plugins/com.st.stm32cube.ide.mcu.externaltools.gnu-tools-for-stm32.12.3.rel1.win32_1.0.200.202406191623/tools/bin/../lib/gcc/arm-none-eabi/12.3.1/../../../../arm-none-eabi/lib/thumb/v7e-m+fp/hard\libnosys.a
END GROUP
LOAD C:/ST/STM32CubeIDE_1.16.1/STM32CubeIDE/plugins/com.st.stm32cube.ide.mcu.externaltools.gnu-tools-for-stm32.12.3.rel1.win32_1.0.200.202406191623/tools/bin/../lib/gcc/arm-none-eabi/12.3.1/thumb/v7e-m+fp/hard/crtend.o
LOAD C:/ST/STM32CubeIDE_1.16.1/STM32CubeIDE/plugins/com.st.stm32cube.ide.mcu.externaltools.gnu-tools-for-stm32.12.3.rel1.win32_1.0.200.202406191623/tools/bin/../lib/gcc/arm-none-eabi/12.3.1/thumb/v7e-m+fp/hard/crtn.o
                0x20020000                        _estack = (ORIGIN (RAM) + LENGTH (RAM))
                0x00000200                        _Min_Heap_Size = 0x200
                0x00000400                        _Min_Stack_Size = 0x400

.isr_vector     0x08000000      0x198
                0x08000000                        . = ALIGN (0x4)
 *(.isr_vector)
 .isr_vector    0x08000000      0x198 ./Core/Startup/startup_stm32f411vetx.o
                0x08000000                g_pfnVectors
                0x08000198                        . = ALIGN (0x4)

.text           0x080001a0     0xe1a8
                0x080001a0                        . = ALIGN (0x4)
 *(.text)
 .text          0x080001a0       0x40 C:/ST/STM32CubeIDE_1.16.1/STM32CubeIDE/plugins/com.st.stm32cube.ide.mcu.externaltools.gnu-tools-for-stm32.12.3.rel1.win32_1.0.200.202406191623/tools/bin/../lib/gcc/arm-none-eabi/12.3.1/thumb/v7e-m+fp/hard/crtbegin.o
 .text          0x080001e0       0x10 C:/ST/STM32CubeIDE_1.16.1/STM32CubeIDE/plugins/com.st.stm32cube.ide.mcu.externaltools.gnu-tools-for-stm32.12.3.rel1.win32_1.0.200.202406191623/tools/bin/../lib/gcc/arm-none-eabi/12.3.1/../../../../arm-none-eabi/lib/thumb/v7e-m+fp/hard\libc_nano.a(libc_a-strlen.o)
                0x080001e0                strlen
 .text          0x080001f0       0x30 C:/ST/STM32CubeIDE_1.16.1/STM32CubeIDE/plugins/com.st.stm32cube.ide.mcu.externaltools.gnu-tools-for-stm32.12.3.rel1.win32_1.0.200.202406191623/tools/bin/../lib/gcc/arm-none-eabi/12.3.1/thumb/v7e-m+fp/hard\libgcc.a(_aeabi_uldivmod.o)
                0x080001f0                __aeabi_uldivmod
 .text          0x08000220      0x2bc C:/ST/STM32CubeIDE_1.16.1/STM32CubeIDE/plugins/com.st.stm32cube.ide.mcu.externaltools.gnu-tools-for-stm32.12.3.rel1.win32_1.0.200.202406191623/tools/bin/../lib/gcc/arm-none-eabi/12.3.1/thumb/v7e-m+fp/hard\libgcc.a(_udivmoddi4.o)
                0x08000220                __udivmoddi4
 .text          0x080004dc        0x4 C:/ST/STM32CubeIDE_1.16.1/STM32CubeIDE/plugins/com.st.stm32cube.ide.mcu.externaltools.gnu-tools-for-stm32.12.3.rel1.win32_1.0.200.202406191623/tools/bin/../lib/gcc/arm-none-eabi/12.3.1/thumb/v7e-m+fp/hard\libgcc.a(_dvmd_tls.o)
                0x080004dc                __aeabi_idiv0
                0x080004dc                __aeabi_ldiv0
 *(.text*)
 .text.i2c1_pisiRegister
                0x080004e0       0x44 ./Core/Src/main.o
                0x080004e0                i2c1_pisiRegister
 .text.i2c1_beriRegistre
                0x08000524       0x64 ./Core/Src/main.o
                0x08000524                i2c1_beriRegistre
 .text.initOrientation
                0x08000588       0x1c ./Core/Src/main.o
                0x08000588                initOrientation
 .text.spi1_beriRegister
                0x080005a4       0x58 ./Core/Src/main.o
                0x080005a4                spi1_beriRegister
 .text.spi1_pisiRegister
                0x080005fc       0x54 ./Core/Src/main.o
                0x080005fc                spi1_pisiRegister
 .text.spi1_beriRegistre
                0x08000650       0x74 ./Core/Src/main.o
                0x08000650                spi1_beriRegistre
 .text.initGyro
                0x080006c4       0x30 ./Core/Src/main.o
                0x080006c4                initGyro
 .text.initMutex
                0x080006f4       0x24 ./Core/Src/main.o
                0x080006f4                initMutex
 .text.getGyroData
                0x08000718       0xd4 ./Core/Src/main.o
                0x08000718                getGyroData
 .text.getAccelData
                0x080007ec       0xd4 ./Core/Src/main.o
                0x080007ec                getAccelData
 .text.sendData
                0x080008c0       0x64 ./Core/Src/main.o
                0x080008c0                sendData
 .text.update_pwm_brightness
                0x08000924       0x5e ./Core/Src/main.o
                0x08000924                update_pwm_brightness
 .text.checkDir
                0x08000982       0x46 ./Core/Src/main.o
                0x08000982                checkDir
 .text.GPIO_control
                0x080009c8      0x1d8 ./Core/Src/main.o
                0x080009c8                GPIO_control
 .text.main     0x08000ba0      0x130 ./Core/Src/main.o
                0x08000ba0                main
 .text.SystemClock_Config
                0x08000cd0       0xd0 ./Core/Src/main.o
                0x08000cd0                SystemClock_Config
 .text.PeriphCommonClock_Config
                0x08000da0       0x40 ./Core/Src/main.o
                0x08000da0                PeriphCommonClock_Config
 .text.MX_I2C1_Init
                0x08000de0       0x60 ./Core/Src/main.o
 .text.MX_I2S2_Init
                0x08000e40       0x5c ./Core/Src/main.o
 .text.MX_I2S3_Init
                0x08000e9c       0x60 ./Core/Src/main.o
 .text.MX_SPI1_Init
                0x08000efc       0x6c ./Core/Src/main.o
 .text.MX_TIM4_Init
                0x08000f68      0x130 ./Core/Src/main.o
 .text.MX_GPIO_Init
                0x08001098      0x1b0 ./Core/Src/main.o
 .text.HAL_TIM_PeriodElapsedCallback
                0x08001248       0x24 ./Core/Src/main.o
                0x08001248                HAL_TIM_PeriodElapsedCallback
 .text.Error_Handler
                0x0800126c        0xc ./Core/Src/main.o
                0x0800126c                Error_Handler
 .text.HAL_MspInit
                0x08001278       0x50 ./Core/Src/stm32f4xx_hal_msp.o
                0x08001278                HAL_MspInit
 .text.HAL_I2C_MspInit
                0x080012c8       0x90 ./Core/Src/stm32f4xx_hal_msp.o
                0x080012c8                HAL_I2C_MspInit
 .text.HAL_I2S_MspInit
                0x08001358      0x19c ./Core/Src/stm32f4xx_hal_msp.o
                0x08001358                HAL_I2S_MspInit
 .text.HAL_SPI_MspInit
                0x080014f4       0x90 ./Core/Src/stm32f4xx_hal_msp.o
                0x080014f4                HAL_SPI_MspInit
 .text.HAL_TIM_Base_MspInit
                0x08001584       0x44 ./Core/Src/stm32f4xx_hal_msp.o
                0x08001584                HAL_TIM_Base_MspInit
 .text.HAL_TIM_MspPostInit
                0x080015c8       0x74 ./Core/Src/stm32f4xx_hal_msp.o
                0x080015c8                HAL_TIM_MspPostInit
 .text.HAL_InitTick
                0x0800163c       0xf8 ./Core/Src/stm32f4xx_hal_timebase_tim.o
                0x0800163c                HAL_InitTick
 .text.NMI_Handler
                0x08001734        0x8 ./Core/Src/stm32f4xx_it.o
                0x08001734                NMI_Handler
 .text.HardFault_Handler
                0x0800173c        0x8 ./Core/Src/stm32f4xx_it.o
                0x0800173c                HardFault_Handler
 .text.MemManage_Handler
                0x08001744        0x8 ./Core/Src/stm32f4xx_it.o
                0x08001744                MemManage_Handler
 .text.BusFault_Handler
                0x0800174c        0x8 ./Core/Src/stm32f4xx_it.o
                0x0800174c                BusFault_Handler
 .text.UsageFault_Handler
                0x08001754        0x8 ./Core/Src/stm32f4xx_it.o
                0x08001754                UsageFault_Handler
 .text.DebugMon_Handler
                0x0800175c        0xe ./Core/Src/stm32f4xx_it.o
                0x0800175c                DebugMon_Handler
 *fill*         0x0800176a        0x2 
 .text.TIM5_IRQHandler
                0x0800176c       0x14 ./Core/Src/stm32f4xx_it.o
                0x0800176c                TIM5_IRQHandler
 .text.OTG_FS_IRQHandler
                0x08001780       0x14 ./Core/Src/stm32f4xx_it.o
                0x08001780                OTG_FS_IRQHandler
 .text.SystemInit
                0x08001794       0x24 ./Core/Src/system_stm32f4xx.o
                0x08001794                SystemInit
 .text.Reset_Handler
                0x080017b8       0x50 ./Core/Startup/startup_stm32f411vetx.o
                0x080017b8                Reset_Handler
 .text.Default_Handler
                0x08001808        0x2 ./Core/Startup/startup_stm32f411vetx.o
                0x08001808                RTC_Alarm_IRQHandler
                0x08001808                EXTI2_IRQHandler
                0x08001808                SPI4_IRQHandler
                0x08001808                TIM1_CC_IRQHandler
                0x08001808                DMA2_Stream5_IRQHandler
                0x08001808                DMA1_Stream5_IRQHandler
                0x08001808                PVD_IRQHandler
                0x08001808                SDIO_IRQHandler
                0x08001808                TAMP_STAMP_IRQHandler
                0x08001808                EXTI3_IRQHandler
                0x08001808                TIM1_UP_TIM10_IRQHandler
                0x08001808                I2C3_ER_IRQHandler
                0x08001808                EXTI0_IRQHandler
                0x08001808                I2C2_EV_IRQHandler
                0x08001808                DMA1_Stream2_IRQHandler
                0x08001808                FPU_IRQHandler
                0x08001808                DMA2_Stream2_IRQHandler
                0x08001808                SPI1_IRQHandler
                0x08001808                TIM1_BRK_TIM9_IRQHandler
                0x08001808                DMA2_Stream3_IRQHandler
                0x08001808                USART6_IRQHandler
                0x08001808                DMA2_Stream0_IRQHandler
                0x08001808                TIM4_IRQHandler
                0x08001808                I2C1_EV_IRQHandler
                0x08001808                DMA1_Stream6_IRQHandler
                0x08001808                DMA1_Stream1_IRQHandler
                0x08001808                TIM3_IRQHandler
                0x08001808                RCC_IRQHandler
                0x08001808                Default_Handler
                0x08001808                EXTI15_10_IRQHandler
                0x08001808                ADC_IRQHandler
                0x08001808                DMA1_Stream7_IRQHandler
                0x08001808                SPI5_IRQHandler
                0x08001808                DMA2_Stream7_IRQHandler
                0x08001808                I2C3_EV_IRQHandler
                0x08001808                EXTI9_5_IRQHandler
                0x08001808                RTC_WKUP_IRQHandler
                0x08001808                SPI2_IRQHandler
                0x08001808                DMA1_Stream0_IRQHandler
                0x08001808                EXTI4_IRQHandler
                0x08001808                WWDG_IRQHandler
                0x08001808                TIM2_IRQHandler
                0x08001808                OTG_FS_WKUP_IRQHandler
                0x08001808                TIM1_TRG_COM_TIM11_IRQHandler
                0x08001808                EXTI1_IRQHandler
                0x08001808                USART2_IRQHandler
                0x08001808                I2C2_ER_IRQHandler
                0x08001808                DMA2_Stream1_IRQHandler
                0x08001808                FLASH_IRQHandler
                0x08001808                DMA2_Stream4_IRQHandler
                0x08001808                USART1_IRQHandler
                0x08001808                SPI3_IRQHandler
                0x08001808                DMA1_Stream4_IRQHandler
                0x08001808                I2C1_ER_IRQHandler
                0x08001808                DMA2_Stream6_IRQHandler
                0x08001808                DMA1_Stream3_IRQHandler
 *fill*         0x0800180a        0x2 
 .text.HAL_Init
                0x0800180c       0x44 ./Drivers/STM32F4xx_HAL_Driver/Src/stm32f4xx_hal.o
                0x0800180c                HAL_Init
 .text.HAL_IncTick
                0x08001850       0x28 ./Drivers/STM32F4xx_HAL_Driver/Src/stm32f4xx_hal.o
                0x08001850                HAL_IncTick
 .text.HAL_GetTick
                0x08001878       0x18 ./Drivers/STM32F4xx_HAL_Driver/Src/stm32f4xx_hal.o
                0x08001878                HAL_GetTick
 .text.HAL_Delay
                0x08001890       0x48 ./Drivers/STM32F4xx_HAL_Driver/Src/stm32f4xx_hal.o
                0x08001890                HAL_Delay
 .text.__NVIC_SetPriorityGrouping
                0x080018d8       0x48 ./Drivers/STM32F4xx_HAL_Driver/Src/stm32f4xx_hal_cortex.o
 .text.__NVIC_GetPriorityGrouping
                0x08001920       0x1c ./Drivers/STM32F4xx_HAL_Driver/Src/stm32f4xx_hal_cortex.o
 .text.__NVIC_EnableIRQ
                0x0800193c       0x3c ./Drivers/STM32F4xx_HAL_Driver/Src/stm32f4xx_hal_cortex.o
 .text.__NVIC_SetPriority
                0x08001978       0x54 ./Drivers/STM32F4xx_HAL_Driver/Src/stm32f4xx_hal_cortex.o
 .text.NVIC_EncodePriority
                0x080019cc       0x66 ./Drivers/STM32F4xx_HAL_Driver/Src/stm32f4xx_hal_cortex.o
 .text.HAL_NVIC_SetPriorityGrouping
                0x08001a32       0x16 ./Drivers/STM32F4xx_HAL_Driver/Src/stm32f4xx_hal_cortex.o
                0x08001a32                HAL_NVIC_SetPriorityGrouping
 .text.HAL_NVIC_SetPriority
                0x08001a48       0x38 ./Drivers/STM32F4xx_HAL_Driver/Src/stm32f4xx_hal_cortex.o
                0x08001a48                HAL_NVIC_SetPriority
 .text.HAL_NVIC_EnableIRQ
                0x08001a80       0x1c ./Drivers/STM32F4xx_HAL_Driver/Src/stm32f4xx_hal_cortex.o
                0x08001a80                HAL_NVIC_EnableIRQ
 .text.HAL_GPIO_Init
                0x08001a9c      0x308 ./Drivers/STM32F4xx_HAL_Driver/Src/stm32f4xx_hal_gpio.o
                0x08001a9c                HAL_GPIO_Init
 .text.HAL_GPIO_WritePin
                0x08001da4       0x32 ./Drivers/STM32F4xx_HAL_Driver/Src/stm32f4xx_hal_gpio.o
                0x08001da4                HAL_GPIO_WritePin
 .text.HAL_GPIO_TogglePin
                0x08001dd6       0x34 ./Drivers/STM32F4xx_HAL_Driver/Src/stm32f4xx_hal_gpio.o
                0x08001dd6                HAL_GPIO_TogglePin
 *fill*         0x08001e0a        0x2 
 .text.HAL_I2C_Init
                0x08001e0c      0x288 ./Drivers/STM32F4xx_HAL_Driver/Src/stm32f4xx_hal_i2c.o
                0x08001e0c                HAL_I2C_Init
 .text.HAL_I2C_Mem_Write
                0x08002094      0x1f4 ./Drivers/STM32F4xx_HAL_Driver/Src/stm32f4xx_hal_i2c.o
                0x08002094                HAL_I2C_Mem_Write
 .text.HAL_I2C_Mem_Read
                0x08002288      0x464 ./Drivers/STM32F4xx_HAL_Driver/Src/stm32f4xx_hal_i2c.o
                0x08002288                HAL_I2C_Mem_Read
 .text.I2C_RequestMemoryWrite
                0x080026ec      0x12c ./Drivers/STM32F4xx_HAL_Driver/Src/stm32f4xx_hal_i2c.o
 .text.I2C_RequestMemoryRead
                0x08002818      0x1d0 ./Drivers/STM32F4xx_HAL_Driver/Src/stm32f4xx_hal_i2c.o
 .text.I2C_WaitOnFlagUntilTimeout
                0x080029e8       0xf4 ./Drivers/STM32F4xx_HAL_Driver/Src/stm32f4xx_hal_i2c.o
 .text.I2C_WaitOnMasterAddressFlagUntilTimeout
                0x08002adc      0x140 ./Drivers/STM32F4xx_HAL_Driver/Src/stm32f4xx_hal_i2c.o
 .text.I2C_WaitOnTXEFlagUntilTimeout
                0x08002c1c       0x90 ./Drivers/STM32F4xx_HAL_Driver/Src/stm32f4xx_hal_i2c.o
 .text.I2C_WaitOnBTFFlagUntilTimeout
                0x08002cac       0x90 ./Drivers/STM32F4xx_HAL_Driver/Src/stm32f4xx_hal_i2c.o
 .text.I2C_WaitOnRXNEFlagUntilTimeout
                0x08002d3c       0xba ./Drivers/STM32F4xx_HAL_Driver/Src/stm32f4xx_hal_i2c.o
 .text.I2C_IsAcknowledgeFailed
                0x08002df6       0x5e ./Drivers/STM32F4xx_HAL_Driver/Src/stm32f4xx_hal_i2c.o
 .text.HAL_I2S_Init
                0x08002e54      0x280 ./Drivers/STM32F4xx_HAL_Driver/Src/stm32f4xx_hal_i2s.o
                0x08002e54                HAL_I2S_Init
 .text.HAL_I2S_TxCpltCallback
                0x080030d4       0x14 ./Drivers/STM32F4xx_HAL_Driver/Src/stm32f4xx_hal_i2s.o
                0x080030d4                HAL_I2S_TxCpltCallback
 .text.HAL_I2S_RxCpltCallback
                0x080030e8       0x14 ./Drivers/STM32F4xx_HAL_Driver/Src/stm32f4xx_hal_i2s.o
                0x080030e8                HAL_I2S_RxCpltCallback
 .text.HAL_I2S_ErrorCallback
                0x080030fc       0x14 ./Drivers/STM32F4xx_HAL_Driver/Src/stm32f4xx_hal_i2s.o
                0x080030fc                HAL_I2S_ErrorCallback
 .text.I2S_Transmit_IT
                0x08003110       0x5c ./Drivers/STM32F4xx_HAL_Driver/Src/stm32f4xx_hal_i2s.o
 .text.I2S_Receive_IT
                0x0800316c       0x5e ./Drivers/STM32F4xx_HAL_Driver/Src/stm32f4xx_hal_i2s.o
 .text.I2S_IRQHandler
                0x080031ca      0x114 ./Drivers/STM32F4xx_HAL_Driver/Src/stm32f4xx_hal_i2s.o
 *fill*         0x080032de        0x2 
 .text.HAL_I2SEx_FullDuplex_IRQHandler
                0x080032e0      0x2a8 ./Drivers/STM32F4xx_HAL_Driver/Src/stm32f4xx_hal_i2s_ex.o
                0x080032e0                HAL_I2SEx_FullDuplex_IRQHandler
 .text.HAL_I2SEx_TxRxCpltCallback
                0x08003588       0x14 ./Drivers/STM32F4xx_HAL_Driver/Src/stm32f4xx_hal_i2s_ex.o
                0x08003588                HAL_I2SEx_TxRxCpltCallback
 .text.I2SEx_TxISR_I2S
                0x0800359c       0x62 ./Drivers/STM32F4xx_HAL_Driver/Src/stm32f4xx_hal_i2s_ex.o
 *fill*         0x080035fe        0x2 
 .text.I2SEx_TxISR_I2SExt
                0x08003600       0x98 ./Drivers/STM32F4xx_HAL_Driver/Src/stm32f4xx_hal_i2s_ex.o
 .text.I2SEx_RxISR_I2S
                0x08003698       0x64 ./Drivers/STM32F4xx_HAL_Driver/Src/stm32f4xx_hal_i2s_ex.o
 .text.I2SEx_RxISR_I2SExt
                0x080036fc       0x98 ./Drivers/STM32F4xx_HAL_Driver/Src/stm32f4xx_hal_i2s_ex.o
 .text.HAL_PCD_Init
                0x08003794      0x21e ./Drivers/STM32F4xx_HAL_Driver/Src/stm32f4xx_hal_pcd.o
                0x08003794                HAL_PCD_Init
 .text.HAL_PCD_Start
                0x080039b2       0x6a ./Drivers/STM32F4xx_HAL_Driver/Src/stm32f4xx_hal_pcd.o
                0x080039b2                HAL_PCD_Start
 .text.HAL_PCD_IRQHandler
                0x08003a1c      0x942 ./Drivers/STM32F4xx_HAL_Driver/Src/stm32f4xx_hal_pcd.o
                0x08003a1c                HAL_PCD_IRQHandler
 .text.HAL_PCD_SetAddress
                0x0800435e       0x48 ./Drivers/STM32F4xx_HAL_Driver/Src/stm32f4xx_hal_pcd.o
                0x0800435e                HAL_PCD_SetAddress
 .text.HAL_PCD_EP_Open
                0x080043a6       0xd4 ./Drivers/STM32F4xx_HAL_Driver/Src/stm32f4xx_hal_pcd.o
                0x080043a6                HAL_PCD_EP_Open
 .text.HAL_PCD_EP_Close
                0x0800447a       0x94 ./Drivers/STM32F4xx_HAL_Driver/Src/stm32f4xx_hal_pcd.o
                0x0800447a                HAL_PCD_EP_Close
 .text.HAL_PCD_EP_Receive
                0x0800450e       0x76 ./Drivers/STM32F4xx_HAL_Driver/Src/stm32f4xx_hal_pcd.o
                0x0800450e                HAL_PCD_EP_Receive
 .text.HAL_PCD_EP_GetRxCount
                0x08004584       0x30 ./Drivers/STM32F4xx_HAL_Driver/Src/stm32f4xx_hal_pcd.o
                0x08004584                HAL_PCD_EP_GetRxCount
 .text.HAL_PCD_EP_Transmit
                0x080045b4       0x74 ./Drivers/STM32F4xx_HAL_Driver/Src/stm32f4xx_hal_pcd.o
                0x080045b4                HAL_PCD_EP_Transmit
 .text.HAL_PCD_EP_SetStall
                0x08004628       0xc6 ./Drivers/STM32F4xx_HAL_Driver/Src/stm32f4xx_hal_pcd.o
                0x08004628                HAL_PCD_EP_SetStall
 .text.HAL_PCD_EP_ClrStall
                0x080046ee       0xac ./Drivers/STM32F4xx_HAL_Driver/Src/stm32f4xx_hal_pcd.o
                0x080046ee                HAL_PCD_EP_ClrStall
 .text.HAL_PCD_EP_Abort
                0x0800479a       0x62 ./Drivers/STM32F4xx_HAL_Driver/Src/stm32f4xx_hal_pcd.o
                0x0800479a                HAL_PCD_EP_Abort
 .text.PCD_WriteEmptyTxFifo
                0x080047fc      0x118 ./Drivers/STM32F4xx_HAL_Driver/Src/stm32f4xx_hal_pcd.o
 .text.PCD_EP_OutXfrComplete_int
                0x08004914      0x1d0 ./Drivers/STM32F4xx_HAL_Driver/Src/stm32f4xx_hal_pcd.o
 .text.PCD_EP_OutSetupPacket_int
                0x08004ae4       0x8c ./Drivers/STM32F4xx_HAL_Driver/Src/stm32f4xx_hal_pcd.o
 .text.HAL_PCDEx_SetTxFiFo
                0x08004b70       0x8e ./Drivers/STM32F4xx_HAL_Driver/Src/stm32f4xx_hal_pcd_ex.o
                0x08004b70                HAL_PCDEx_SetTxFiFo
 .text.HAL_PCDEx_SetRxFiFo
                0x08004bfe       0x22 ./Drivers/STM32F4xx_HAL_Driver/Src/stm32f4xx_hal_pcd_ex.o
                0x08004bfe                HAL_PCDEx_SetRxFiFo
 .text.HAL_PCDEx_LPM_Callback
                0x08004c20       0x18 ./Drivers/STM32F4xx_HAL_Driver/Src/stm32f4xx_hal_pcd_ex.o
                0x08004c20                HAL_PCDEx_LPM_Callback
 .text.HAL_RCC_OscConfig
                0x08004c38      0x4f0 ./Drivers/STM32F4xx_HAL_Driver/Src/stm32f4xx_hal_rcc.o
                0x08004c38                HAL_RCC_OscConfig
 .text.HAL_RCC_ClockConfig
                0x08005128      0x1cc ./Drivers/STM32F4xx_HAL_Driver/Src/stm32f4xx_hal_rcc.o
                0x08005128                HAL_RCC_ClockConfig
 .text.HAL_RCC_GetSysClockFreq
                0x080052f4      0x20c ./Drivers/STM32F4xx_HAL_Driver/Src/stm32f4xx_hal_rcc.o
                0x080052f4                HAL_RCC_GetSysClockFreq
 .text.HAL_RCC_GetHCLKFreq
                0x08005500       0x18 ./Drivers/STM32F4xx_HAL_Driver/Src/stm32f4xx_hal_rcc.o
                0x08005500                HAL_RCC_GetHCLKFreq
 .text.HAL_RCC_GetPCLK1Freq
                0x08005518       0x28 ./Drivers/STM32F4xx_HAL_Driver/Src/stm32f4xx_hal_rcc.o
                0x08005518                HAL_RCC_GetPCLK1Freq
 .text.HAL_RCC_GetClockConfig
                0x08005540       0x64 ./Drivers/STM32F4xx_HAL_Driver/Src/stm32f4xx_hal_rcc.o
                0x08005540                HAL_RCC_GetClockConfig
 .text.HAL_RCCEx_PeriphCLKConfig
                0x080055a4      0x1e0 ./Drivers/STM32F4xx_HAL_Driver/Src/stm32f4xx_hal_rcc_ex.o
                0x080055a4                HAL_RCCEx_PeriphCLKConfig
 .text.HAL_RCCEx_GetPeriphCLKFreq
                0x08005784       0xc4 ./Drivers/STM32F4xx_HAL_Driver/Src/stm32f4xx_hal_rcc_ex.o
                0x08005784                HAL_RCCEx_GetPeriphCLKFreq
 .text.HAL_SPI_Init
                0x08005848      0x112 ./Drivers/STM32F4xx_HAL_Driver/Src/stm32f4xx_hal_spi.o
                0x08005848                HAL_SPI_Init
 .text.HAL_SPI_Transmit
                0x0800595a      0x288 ./Drivers/STM32F4xx_HAL_Driver/Src/stm32f4xx_hal_spi.o
                0x0800595a                HAL_SPI_Transmit
 .text.HAL_SPI_Receive
                0x08005be2      0x232 ./Drivers/STM32F4xx_HAL_Driver/Src/stm32f4xx_hal_spi.o
                0x08005be2                HAL_SPI_Receive
 .text.HAL_SPI_TransmitReceive
                0x08005e14      0x352 ./Drivers/STM32F4xx_HAL_Driver/Src/stm32f4xx_hal_spi.o
                0x08005e14                HAL_SPI_TransmitReceive
 *fill*         0x08006166        0x2 
 .text.SPI_WaitFlagStateUntilTimeout
                0x08006168      0x110 ./Drivers/STM32F4xx_HAL_Driver/Src/stm32f4xx_hal_spi.o
 .text.SPI_EndRxTransaction
                0x08006278       0xca ./Drivers/STM32F4xx_HAL_Driver/Src/stm32f4xx_hal_spi.o
 *fill*         0x08006342        0x2 
 .text.SPI_EndRxTxTransaction
                0x08006344       0xa8 ./Drivers/STM32F4xx_HAL_Driver/Src/stm32f4xx_hal_spi.o
 .text.HAL_TIM_Base_Init
                0x080063ec       0x9e ./Drivers/STM32F4xx_HAL_Driver/Src/stm32f4xx_hal_tim.o
                0x080063ec                HAL_TIM_Base_Init
 *fill*         0x0800648a        0x2 
 .text.HAL_TIM_Base_Start
                0x0800648c       0xb4 ./Drivers/STM32F4xx_HAL_Driver/Src/stm32f4xx_hal_tim.o
                0x0800648c                HAL_TIM_Base_Start
 .text.HAL_TIM_Base_Start_IT
                0x08006540       0xc4 ./Drivers/STM32F4xx_HAL_Driver/Src/stm32f4xx_hal_tim.o
                0x08006540                HAL_TIM_Base_Start_IT
 .text.HAL_TIM_PWM_Init
                0x08006604       0x9e ./Drivers/STM32F4xx_HAL_Driver/Src/stm32f4xx_hal_tim.o
                0x08006604                HAL_TIM_PWM_Init
 .text.HAL_TIM_PWM_MspInit
                0x080066a2       0x14 ./Drivers/STM32F4xx_HAL_Driver/Src/stm32f4xx_hal_tim.o
                0x080066a2                HAL_TIM_PWM_MspInit
 *fill*         0x080066b6        0x2 
 .text.HAL_TIM_PWM_Start
                0x080066b8      0x160 ./Drivers/STM32F4xx_HAL_Driver/Src/stm32f4xx_hal_tim.o
                0x080066b8                HAL_TIM_PWM_Start
 .text.HAL_TIM_IRQHandler
                0x08006818      0x1e0 ./Drivers/STM32F4xx_HAL_Driver/Src/stm32f4xx_hal_tim.o
                0x08006818                HAL_TIM_IRQHandler
 .text.HAL_TIM_PWM_ConfigChannel
                0x080069f8      0x184 ./Drivers/STM32F4xx_HAL_Driver/Src/stm32f4xx_hal_tim.o
                0x080069f8                HAL_TIM_PWM_ConfigChannel
 .text.HAL_TIM_ConfigClockSource
                0x08006b7c      0x18e ./Drivers/STM32F4xx_HAL_Driver/Src/stm32f4xx_hal_tim.o
                0x08006b7c                HAL_TIM_ConfigClockSource
 .text.HAL_TIM_OC_DelayElapsedCallback
                0x08006d0a       0x14 ./Drivers/STM32F4xx_HAL_Driver/Src/stm32f4xx_hal_tim.o
                0x08006d0a                HAL_TIM_OC_DelayElapsedCallback
 .text.HAL_TIM_IC_CaptureCallback
                0x08006d1e       0x14 ./Drivers/STM32F4xx_HAL_Driver/Src/stm32f4xx_hal_tim.o
                0x08006d1e                HAL_TIM_IC_CaptureCallback
 .text.HAL_TIM_PWM_PulseFinishedCallback
                0x08006d32       0x14 ./Drivers/STM32F4xx_HAL_Driver/Src/stm32f4xx_hal_tim.o
                0x08006d32                HAL_TIM_PWM_PulseFinishedCallback
 .text.HAL_TIM_TriggerCallback
                0x08006d46       0x14 ./Drivers/STM32F4xx_HAL_Driver/Src/stm32f4xx_hal_tim.o
                0x08006d46                HAL_TIM_TriggerCallback
 *fill*         0x08006d5a        0x2 
 .text.TIM_Base_SetConfig
                0x08006d5c      0x118 ./Drivers/STM32F4xx_HAL_Driver/Src/stm32f4xx_hal_tim.o
                0x08006d5c                TIM_Base_SetConfig
 .text.TIM_OC1_SetConfig
                0x08006e74       0xcc ./Drivers/STM32F4xx_HAL_Driver/Src/stm32f4xx_hal_tim.o
 .text.TIM_OC2_SetConfig
                0x08006f40       0xd8 ./Drivers/STM32F4xx_HAL_Driver/Src/stm32f4xx_hal_tim.o
                0x08006f40                TIM_OC2_SetConfig
 .text.TIM_OC3_SetConfig
                0x08007018       0xd4 ./Drivers/STM32F4xx_HAL_Driver/Src/stm32f4xx_hal_tim.o
 .text.TIM_OC4_SetConfig
                0x080070ec       0xa0 ./Drivers/STM32F4xx_HAL_Driver/Src/stm32f4xx_hal_tim.o
 .text.TIM_TI1_ConfigInputStage
                0x0800718c       0x5e ./Drivers/STM32F4xx_HAL_Driver/Src/stm32f4xx_hal_tim.o
 .text.TIM_TI2_ConfigInputStage
                0x080071ea       0x60 ./Drivers/STM32F4xx_HAL_Driver/Src/stm32f4xx_hal_tim.o
 .text.TIM_ITRx_SetConfig
                0x0800724a       0x36 ./Drivers/STM32F4xx_HAL_Driver/Src/stm32f4xx_hal_tim.o
 .text.TIM_ETR_SetConfig
                0x08007280       0x40 ./Drivers/STM32F4xx_HAL_Driver/Src/stm32f4xx_hal_tim.o
                0x08007280                TIM_ETR_SetConfig
 .text.TIM_CCxChannelCmd
                0x080072c0       0x4a ./Drivers/STM32F4xx_HAL_Driver/Src/stm32f4xx_hal_tim.o
                0x080072c0                TIM_CCxChannelCmd
 *fill*         0x0800730a        0x2 
 .text.HAL_TIMEx_MasterConfigSynchronization
                0x0800730c       0xdc ./Drivers/STM32F4xx_HAL_Driver/Src/stm32f4xx_hal_tim_ex.o
                0x0800730c                HAL_TIMEx_MasterConfigSynchronization
 .text.HAL_TIMEx_CommutCallback
                0x080073e8       0x14 ./Drivers/STM32F4xx_HAL_Driver/Src/stm32f4xx_hal_tim_ex.o
                0x080073e8                HAL_TIMEx_CommutCallback
 .text.HAL_TIMEx_BreakCallback
                0x080073fc       0x14 ./Drivers/STM32F4xx_HAL_Driver/Src/stm32f4xx_hal_tim_ex.o
                0x080073fc                HAL_TIMEx_BreakCallback
 .text.USB_CoreInit
                0x08007410       0xc8 ./Drivers/STM32F4xx_HAL_Driver/Src/stm32f4xx_ll_usb.o
                0x08007410                USB_CoreInit
 .text.USB_SetTurnaroundTime
                0x080074d8      0x144 ./Drivers/STM32F4xx_HAL_Driver/Src/stm32f4xx_ll_usb.o
                0x080074d8                USB_SetTurnaroundTime
 .text.USB_EnableGlobalInt
                0x0800761c       0x22 ./Drivers/STM32F4xx_HAL_Driver/Src/stm32f4xx_ll_usb.o
                0x0800761c                USB_EnableGlobalInt
 .text.USB_DisableGlobalInt
                0x0800763e       0x22 ./Drivers/STM32F4xx_HAL_Driver/Src/stm32f4xx_ll_usb.o
                0x0800763e                USB_DisableGlobalInt
 .text.USB_SetCurrentMode
                0x08007660       0x98 ./Drivers/STM32F4xx_HAL_Driver/Src/stm32f4xx_ll_usb.o
                0x08007660                USB_SetCurrentMode
 .text.USB_DevInit
                0x080076f8      0x2c8 ./Drivers/STM32F4xx_HAL_Driver/Src/stm32f4xx_ll_usb.o
                0x080076f8                USB_DevInit
 .text.USB_FlushTxFifo
                0x080079c0       0x64 ./Drivers/STM32F4xx_HAL_Driver/Src/stm32f4xx_ll_usb.o
                0x080079c0                USB_FlushTxFifo
 .text.USB_FlushRxFifo
                0x08007a24       0x5c ./Drivers/STM32F4xx_HAL_Driver/Src/stm32f4xx_ll_usb.o
                0x08007a24                USB_FlushRxFifo
 .text.USB_SetDevSpeed
                0x08007a80       0x32 ./Drivers/STM32F4xx_HAL_Driver/Src/stm32f4xx_ll_usb.o
                0x08007a80                USB_SetDevSpeed
 .text.USB_GetDevSpeed
                0x08007ab2       0x4a ./Drivers/STM32F4xx_HAL_Driver/Src/stm32f4xx_ll_usb.o
                0x08007ab2                USB_GetDevSpeed
 .text.USB_ActivateEndpoint
                0x08007afc      0x10e ./Drivers/STM32F4xx_HAL_Driver/Src/stm32f4xx_ll_usb.o
                0x08007afc                USB_ActivateEndpoint
 *fill*         0x08007c0a        0x2 
 .text.USB_DeactivateEndpoint
                0x08007c0c      0x1b8 ./Drivers/STM32F4xx_HAL_Driver/Src/stm32f4xx_ll_usb.o
                0x08007c0c                USB_DeactivateEndpoint
 .text.USB_EPStartXfer
                0x08007dc4      0x53c ./Drivers/STM32F4xx_HAL_Driver/Src/stm32f4xx_ll_usb.o
                0x08007dc4                USB_EPStartXfer
 .text.USB_EPStopXfer
                0x08008300      0x154 ./Drivers/STM32F4xx_HAL_Driver/Src/stm32f4xx_ll_usb.o
                0x08008300                USB_EPStopXfer
 .text.USB_WritePacket
                0x08008454       0x7c ./Drivers/STM32F4xx_HAL_Driver/Src/stm32f4xx_ll_usb.o
                0x08008454                USB_WritePacket
 .text.USB_ReadPacket
                0x080084d0       0xb0 ./Drivers/STM32F4xx_HAL_Driver/Src/stm32f4xx_ll_usb.o
                0x080084d0                USB_ReadPacket
 .text.USB_EPSetStall
                0x08008580       0xdc ./Drivers/STM32F4xx_HAL_Driver/Src/stm32f4xx_ll_usb.o
                0x08008580                USB_EPSetStall
 .text.USB_EPClearStall
                0x0800865c       0xcc ./Drivers/STM32F4xx_HAL_Driver/Src/stm32f4xx_ll_usb.o
                0x0800865c                USB_EPClearStall
 .text.USB_SetDevAddress
                0x08008728       0x4c ./Drivers/STM32F4xx_HAL_Driver/Src/stm32f4xx_ll_usb.o
                0x08008728                USB_SetDevAddress
 .text.USB_DevConnect
                0x08008774       0x42 ./Drivers/STM32F4xx_HAL_Driver/Src/stm32f4xx_ll_usb.o
                0x08008774                USB_DevConnect
 .text.USB_DevDisconnect
                0x080087b6       0x42 ./Drivers/STM32F4xx_HAL_Driver/Src/stm32f4xx_ll_usb.o
                0x080087b6                USB_DevDisconnect
 .text.USB_ReadInterrupts
                0x080087f8       0x26 ./Drivers/STM32F4xx_HAL_Driver/Src/stm32f4xx_ll_usb.o
                0x080087f8                USB_ReadInterrupts
 .text.USB_ReadDevAllOutEpInterrupt
                0x0800881e       0x34 ./Drivers/STM32F4xx_HAL_Driver/Src/stm32f4xx_ll_usb.o
                0x0800881e                USB_ReadDevAllOutEpInterrupt
 .text.USB_ReadDevAllInEpInterrupt
                0x08008852       0x34 ./Drivers/STM32F4xx_HAL_Driver/Src/stm32f4xx_ll_usb.o
                0x08008852                USB_ReadDevAllInEpInterrupt
 .text.USB_ReadDevOutEPInterrupt
                0x08008886       0x3c ./Drivers/STM32F4xx_HAL_Driver/Src/stm32f4xx_ll_usb.o
                0x08008886                USB_ReadDevOutEPInterrupt
 .text.USB_ReadDevInEPInterrupt
                0x080088c2       0x5c ./Drivers/STM32F4xx_HAL_Driver/Src/stm32f4xx_ll_usb.o
                0x080088c2                USB_ReadDevInEPInterrupt
 .text.USB_GetMode
                0x0800891e       0x1c ./Drivers/STM32F4xx_HAL_Driver/Src/stm32f4xx_ll_usb.o
                0x0800891e                USB_GetMode
 .text.USB_ActivateSetup
                0x0800893a       0x46 ./Drivers/STM32F4xx_HAL_Driver/Src/stm32f4xx_ll_usb.o
                0x0800893a                USB_ActivateSetup
 .text.USB_EP0_OutStart
                0x08008980       0xbc ./Drivers/STM32F4xx_HAL_Driver/Src/stm32f4xx_ll_usb.o
                0x08008980                USB_EP0_OutStart
 .text.USB_CoreReset
                0x08008a3c       0x62 ./Drivers/STM32F4xx_HAL_Driver/Src/stm32f4xx_ll_usb.o
 .text.vListInitialise
                0x08008a9e       0x40 ./FreeRTOS/Source/list.o
                0x08008a9e                vListInitialise
 .text.vListInitialiseItem
                0x08008ade       0x1a ./FreeRTOS/Source/list.o
                0x08008ade                vListInitialiseItem
 .text.vListInsert
                0x08008af8       0x72 ./FreeRTOS/Source/list.o
                0x08008af8                vListInsert
 .text.uxListRemove
                0x08008b6a       0x54 ./FreeRTOS/Source/list.o
                0x08008b6a                uxListRemove
 *fill*         0x08008bbe        0x2 
 .text.xQueueGenericReset
                0x08008bc0      0x124 ./FreeRTOS/Source/queue.o
                0x08008bc0                xQueueGenericReset
 .text.xQueueGenericCreate
                0x08008ce4       0x9e ./FreeRTOS/Source/queue.o
                0x08008ce4                xQueueGenericCreate
 .text.prvInitialiseNewQueue
                0x08008d82       0x46 ./FreeRTOS/Source/queue.o
 .text.prvInitialiseMutex
                0x08008dc8       0x34 ./FreeRTOS/Source/queue.o
 .text.xQueueCreateMutex
                0x08008dfc       0x30 ./FreeRTOS/Source/queue.o
                0x08008dfc                xQueueCreateMutex
 .text.xQueueGenericSend
                0x08008e2c      0x204 ./FreeRTOS/Source/queue.o
                0x08008e2c                xQueueGenericSend
 .text.xQueueReceive
                0x08009030      0x1c4 ./FreeRTOS/Source/queue.o
                0x08009030                xQueueReceive
 .text.xQueueSemaphoreTake
                0x080091f4      0x200 ./FreeRTOS/Source/queue.o
                0x080091f4                xQueueSemaphoreTake
 .text.prvGetDisinheritPriorityAfterTimeout
                0x080093f4       0x30 ./FreeRTOS/Source/queue.o
 .text.prvCopyDataToQueue
                0x08009424       0xd4 ./FreeRTOS/Source/queue.o
 .text.prvCopyDataFromQueue
                0x080094f8       0x4c ./FreeRTOS/Source/queue.o
 .text.prvUnlockQueue
                0x08009544       0xa4 ./FreeRTOS/Source/queue.o
 .text.prvIsQueueEmpty
                0x080095e8       0x2c ./FreeRTOS/Source/queue.o
 .text.prvIsQueueFull
                0x08009614       0x30 ./FreeRTOS/Source/queue.o
 .text.vQueueAddToRegistry
                0x08009644       0xa0 ./FreeRTOS/Source/queue.o
                0x08009644                vQueueAddToRegistry
 .text.vQueueWaitForMessageRestricted
                0x080096e4       0x68 ./FreeRTOS/Source/queue.o
                0x080096e4                vQueueWaitForMessageRestricted
 .text.xTaskCreate
                0x0800974c       0x8c ./FreeRTOS/Source/tasks.o
                0x0800974c                xTaskCreate
 .text.prvInitialiseNewTask
                0x080097d8      0x120 ./FreeRTOS/Source/tasks.o
 .text.prvAddNewTaskToReadyList
                0x080098f8      0x12c ./FreeRTOS/Source/tasks.o
 .text.vTaskDelay
                0x08009a24       0x6c ./FreeRTOS/Source/tasks.o
                0x08009a24                vTaskDelay
 .text.vTaskStartScheduler
                0x08009a90       0xa4 ./FreeRTOS/Source/tasks.o
                0x08009a90                vTaskStartScheduler
 .text.vTaskSuspendAll
                0x08009b34       0x1c ./FreeRTOS/Source/tasks.o
                0x08009b34                vTaskSuspendAll
 .text.xTaskResumeAll
                0x08009b50      0x1f8 ./FreeRTOS/Source/tasks.o
                0x08009b50                xTaskResumeAll
 .text.xTaskGetTickCount
                0x08009d48       0x20 ./FreeRTOS/Source/tasks.o
                0x08009d48                xTaskGetTickCount
 .text.xTaskIncrementTick
                0x08009d68      0x230 ./FreeRTOS/Source/tasks.o
                0x08009d68                xTaskIncrementTick
 .text.vTaskSwitchContext
                0x08009f98       0xb8 ./FreeRTOS/Source/tasks.o
                0x08009f98                vTaskSwitchContext
 .text.vTaskPlaceOnEventList
                0x0800a050       0x4c ./FreeRTOS/Source/tasks.o
                0x0800a050                vTaskPlaceOnEventList
 .text.vTaskPlaceOnEventListRestricted
                0x0800a09c       0x8c ./FreeRTOS/Source/tasks.o
                0x0800a09c                vTaskPlaceOnEventListRestricted
 .text.xTaskRemoveFromEventList
                0x0800a128      0x1b0 ./FreeRTOS/Source/tasks.o
                0x0800a128                xTaskRemoveFromEventList
 .text.vTaskInternalSetTimeOutState
                0x0800a2d8       0x2c ./FreeRTOS/Source/tasks.o
                0x0800a2d8                vTaskInternalSetTimeOutState
 .text.xTaskCheckForTimeOut
                0x0800a304       0xd0 ./FreeRTOS/Source/tasks.o
                0x0800a304                xTaskCheckForTimeOut
 .text.vTaskMissedYield
                0x0800a3d4       0x18 ./FreeRTOS/Source/tasks.o
                0x0800a3d4                vTaskMissedYield
 .text.prvIdleTask
                0x0800a3ec       0x30 ./FreeRTOS/Source/tasks.o
 .text.prvInitialiseTaskLists
                0x0800a41c       0x80 ./FreeRTOS/Source/tasks.o
 .text.prvCheckTasksWaitingTermination
                0x0800a49c       0x5c ./FreeRTOS/Source/tasks.o
 .text.prvDeleteTCB
                0x0800a4f8       0x20 ./FreeRTOS/Source/tasks.o
 .text.prvResetNextTaskUnblockTime
                0x0800a518       0x38 ./FreeRTOS/Source/tasks.o
 .text.xTaskGetSchedulerState
                0x0800a550       0x3c ./FreeRTOS/Source/tasks.o
                0x0800a550                xTaskGetSchedulerState
 .text.xTaskPriorityInherit
                0x0800a58c      0x13c ./FreeRTOS/Source/tasks.o
                0x0800a58c                xTaskPriorityInherit
 .text.xTaskPriorityDisinherit
                0x0800a6c8      0x14c ./FreeRTOS/Source/tasks.o
                0x0800a6c8                xTaskPriorityDisinherit
 .text.vTaskPriorityDisinheritAfterTimeout
                0x0800a814      0x174 ./FreeRTOS/Source/tasks.o
                0x0800a814                vTaskPriorityDisinheritAfterTimeout
 .text.pvTaskIncrementMutexHeldCount
                0x0800a988       0x28 ./FreeRTOS/Source/tasks.o
                0x0800a988                pvTaskIncrementMutexHeldCount
 .text.prvAddCurrentTaskToDelayedList
                0x0800a9b0      0x100 ./FreeRTOS/Source/tasks.o
 .text.xTimerCreateTimerTask
                0x0800aab0       0x68 ./FreeRTOS/Source/timers.o
                0x0800aab0                xTimerCreateTimerTask
 .text.prvReloadTimer
                0x0800ab18       0x42 ./FreeRTOS/Source/timers.o
 *fill*         0x0800ab5a        0x2 
 .text.prvProcessExpiredTimer
                0x0800ab5c       0x60 ./FreeRTOS/Source/timers.o
 .text.prvTimerTask
                0x0800abbc       0x26 ./FreeRTOS/Source/timers.o
 *fill*         0x0800abe2        0x2 
 .text.prvProcessTimerOrBlockTask
                0x0800abe4       0x9c ./FreeRTOS/Source/timers.o
 .text.prvGetNextExpireTime
                0x0800ac80       0x48 ./FreeRTOS/Source/timers.o
 .text.prvSampleTimeNow
                0x0800acc8       0x40 ./FreeRTOS/Source/timers.o
 .text.prvInsertTimerInActiveList
                0x0800ad08       0x84 ./FreeRTOS/Source/timers.o
 .text.prvProcessReceivedCommands
                0x0800ad8c      0x184 ./FreeRTOS/Source/timers.o
 .text.prvSwitchTimerLists
                0x0800af10       0x4c ./FreeRTOS/Source/timers.o
 .text.prvCheckForValidListAndQueue
                0x0800af5c       0x6c ./FreeRTOS/Source/timers.o
 .text.pxPortInitialiseStack
                0x0800afc8       0x68 ./FreeRTOS/Source/portable/GCC/ARM_CM4F/port.o
                0x0800afc8                pxPortInitialiseStack
 .text.prvTaskExitError
                0x0800b030       0x5c ./FreeRTOS/Source/portable/GCC/ARM_CM4F/port.o
 *fill*         0x0800b08c        0x4 
 .text.SVC_Handler
                0x0800b090       0x28 ./FreeRTOS/Source/portable/GCC/ARM_CM4F/port.o
                0x0800b090                SVC_Handler
 .text.prvPortStartFirstTask
                0x0800b0b8       0x2c ./FreeRTOS/Source/portable/GCC/ARM_CM4F/port.o
 .text.xPortStartScheduler
                0x0800b0e4      0x148 ./FreeRTOS/Source/portable/GCC/ARM_CM4F/port.o
                0x0800b0e4                xPortStartScheduler
 .text.vPortEnterCritical
                0x0800b22c       0x64 ./FreeRTOS/Source/portable/GCC/ARM_CM4F/port.o
                0x0800b22c                vPortEnterCritical
 .text.vPortExitCritical
                0x0800b290       0x54 ./FreeRTOS/Source/portable/GCC/ARM_CM4F/port.o
                0x0800b290                vPortExitCritical
 *fill*         0x0800b2e4        0xc 
 .text.PendSV_Handler
                0x0800b2f0       0x68 ./FreeRTOS/Source/portable/GCC/ARM_CM4F/port.o
                0x0800b2f0                PendSV_Handler
 .text.SysTick_Handler
                0x0800b358       0x44 ./FreeRTOS/Source/portable/GCC/ARM_CM4F/port.o
                0x0800b358                SysTick_Handler
 .text.vPortSetupTimerInterrupt
                0x0800b39c       0x48 ./FreeRTOS/Source/portable/GCC/ARM_CM4F/port.o
                0x0800b39c                vPortSetupTimerInterrupt
 .text.vPortEnableVFP
                0x0800b3e4       0x18 ./FreeRTOS/Source/portable/GCC/ARM_CM4F/port.o
 .text.pvPortMalloc
                0x0800b3fc      0x178 ./FreeRTOS/Source/portable/MemMang/heap_4.o
                0x0800b3fc                pvPortMalloc
 .text.vPortFree
                0x0800b574       0xbc ./FreeRTOS/Source/portable/MemMang/heap_4.o
                0x0800b574                vPortFree
 .text.prvHeapInit
                0x0800b630       0xb8 ./FreeRTOS/Source/portable/MemMang/heap_4.o
 .text.prvInsertBlockIntoFreeList
                0x0800b6e8       0xb4 ./FreeRTOS/Source/portable/MemMang/heap_4.o
 .text.USBD_CDC_Init
                0x0800b79c      0x1f0 ./Middlewares/ST/STM32_USB_Device_Library/Class/CDC/Src/usbd_cdc.o
 .text.USBD_CDC_DeInit
                0x0800b98c      0x104 ./Middlewares/ST/STM32_USB_Device_Library/Class/CDC/Src/usbd_cdc.o
 .text.USBD_CDC_Setup
                0x0800ba90      0x1b8 ./Middlewares/ST/STM32_USB_Device_Library/Class/CDC/Src/usbd_cdc.o
 .text.USBD_CDC_DataIn
                0x0800bc48       0xfe ./Middlewares/ST/STM32_USB_Device_Library/Class/CDC/Src/usbd_cdc.o
 .text.USBD_CDC_DataOut
                0x0800bd46       0x70 ./Middlewares/ST/STM32_USB_Device_Library/Class/CDC/Src/usbd_cdc.o
 .text.USBD_CDC_EP0_RxReady
                0x0800bdb6       0x74 ./Middlewares/ST/STM32_USB_Device_Library/Class/CDC/Src/usbd_cdc.o
 *fill*         0x0800be2a        0x2 
 .text.USBD_CDC_GetFSCfgDesc
                0x0800be2c       0x70 ./Middlewares/ST/STM32_USB_Device_Library/Class/CDC/Src/usbd_cdc.o
 .text.USBD_CDC_GetHSCfgDesc
                0x0800be9c       0x70 ./Middlewares/ST/STM32_USB_Device_Library/Class/CDC/Src/usbd_cdc.o
 .text.USBD_CDC_GetOtherSpeedCfgDesc
                0x0800bf0c       0x70 ./Middlewares/ST/STM32_USB_Device_Library/Class/CDC/Src/usbd_cdc.o
 .text.USBD_CDC_GetDeviceQualifierDescriptor
                0x0800bf7c       0x20 ./Middlewares/ST/STM32_USB_Device_Library/Class/CDC/Src/usbd_cdc.o
                0x0800bf7c                USBD_CDC_GetDeviceQualifierDescriptor
 .text.USBD_CDC_RegisterInterface
                0x0800bf9c       0x34 ./Middlewares/ST/STM32_USB_Device_Library/Class/CDC/Src/usbd_cdc.o
                0x0800bf9c                USBD_CDC_RegisterInterface
 .text.USBD_CDC_SetTxBuffer
                0x0800bfd0       0x44 ./Middlewares/ST/STM32_USB_Device_Library/Class/CDC/Src/usbd_cdc.o
                0x0800bfd0                USBD_CDC_SetTxBuffer
 .text.USBD_CDC_SetRxBuffer
                0x0800c014       0x3a ./Middlewares/ST/STM32_USB_Device_Library/Class/CDC/Src/usbd_cdc.o
                0x0800c014                USBD_CDC_SetRxBuffer
 *fill*         0x0800c04e        0x2 
 .text.USBD_CDC_TransmitPacket
                0x0800c050       0x80 ./Middlewares/ST/STM32_USB_Device_Library/Class/CDC/Src/usbd_cdc.o
                0x0800c050                USBD_CDC_TransmitPacket
 .text.USBD_CDC_ReceivePacket
                0x0800c0d0       0x6c ./Middlewares/ST/STM32_USB_Device_Library/Class/CDC/Src/usbd_cdc.o
                0x0800c0d0                USBD_CDC_ReceivePacket
 .text.USBD_Init
                0x0800c13c       0x60 ./Middlewares/ST/STM32_USB_Device_Library/Core/Src/usbd_core.o
                0x0800c13c                USBD_Init
 .text.USBD_RegisterClass
                0x0800c19c       0x6c ./Middlewares/ST/STM32_USB_Device_Library/Core/Src/usbd_core.o
                0x0800c19c                USBD_RegisterClass
 .text.USBD_Start
                0x0800c208       0x18 ./Middlewares/ST/STM32_USB_Device_Library/Core/Src/usbd_core.o
                0x0800c208                USBD_Start
 .text.USBD_RunTestMode
                0x0800c220       0x16 ./Middlewares/ST/STM32_USB_Device_Library/Core/Src/usbd_core.o
                0x0800c220                USBD_RunTestMode
 .text.USBD_SetClassConfig
                0x0800c236       0x38 ./Middlewares/ST/STM32_USB_Device_Library/Core/Src/usbd_core.o
                0x0800c236                USBD_SetClassConfig
 .text.USBD_ClrClassConfig
                0x0800c26e       0x34 ./Middlewares/ST/STM32_USB_Device_Library/Core/Src/usbd_core.o
                0x0800c26e                USBD_ClrClassConfig
 .text.USBD_LL_SetupStage
                0x0800c2a2       0xaa ./Middlewares/ST/STM32_USB_Device_Library/Core/Src/usbd_core.o
                0x0800c2a2                USBD_LL_SetupStage
 .text.USBD_LL_DataOutStage
                0x0800c34c      0x166 ./Middlewares/ST/STM32_USB_Device_Library/Core/Src/usbd_core.o
                0x0800c34c                USBD_LL_DataOutStage
 .text.USBD_LL_DataInStage
                0x0800c4b2      0x164 ./Middlewares/ST/STM32_USB_Device_Library/Core/Src/usbd_core.o
                0x0800c4b2                USBD_LL_DataInStage
 .text.USBD_LL_Reset
                0x0800c616       0xa4 ./Middlewares/ST/STM32_USB_Device_Library/Core/Src/usbd_core.o
                0x0800c616                USBD_LL_Reset
 .text.USBD_LL_SetSpeed
                0x0800c6ba       0x20 ./Middlewares/ST/STM32_USB_Device_Library/Core/Src/usbd_core.o
                0x0800c6ba                USBD_LL_SetSpeed
 .text.USBD_LL_Suspend
                0x0800c6da       0x38 ./Middlewares/ST/STM32_USB_Device_Library/Core/Src/usbd_core.o
                0x0800c6da                USBD_LL_Suspend
 .text.USBD_LL_Resume
                0x0800c712       0x30 ./Middlewares/ST/STM32_USB_Device_Library/Core/Src/usbd_core.o
                0x0800c712                USBD_LL_Resume
 .text.USBD_LL_SOF
                0x0800c742       0x40 ./Middlewares/ST/STM32_USB_Device_Library/Core/Src/usbd_core.o
                0x0800c742                USBD_LL_SOF
 .text.USBD_LL_IsoINIncomplete
                0x0800c782       0x64 ./Middlewares/ST/STM32_USB_Device_Library/Core/Src/usbd_core.o
                0x0800c782                USBD_LL_IsoINIncomplete
 .text.USBD_LL_IsoOUTIncomplete
                0x0800c7e6       0x64 ./Middlewares/ST/STM32_USB_Device_Library/Core/Src/usbd_core.o
                0x0800c7e6                USBD_LL_IsoOUTIncomplete
 .text.USBD_LL_DevConnected
                0x0800c84a       0x16 ./Middlewares/ST/STM32_USB_Device_Library/Core/Src/usbd_core.o
                0x0800c84a                USBD_LL_DevConnected
 .text.USBD_LL_DevDisconnected
                0x0800c860       0x46 ./Middlewares/ST/STM32_USB_Device_Library/Core/Src/usbd_core.o
                0x0800c860                USBD_LL_DevDisconnected
 .text.USBD_CoreFindIF
                0x0800c8a6       0x1a ./Middlewares/ST/STM32_USB_Device_Library/Core/Src/usbd_core.o
                0x0800c8a6                USBD_CoreFindIF
 .text.USBD_CoreFindEP
                0x0800c8c0       0x1a ./Middlewares/ST/STM32_USB_Device_Library/Core/Src/usbd_core.o
                0x0800c8c0                USBD_CoreFindEP
 .text.USBD_GetEpDesc
                0x0800c8da       0x70 ./Middlewares/ST/STM32_USB_Device_Library/Core/Src/usbd_core.o
                0x0800c8da                USBD_GetEpDesc
 .text.USBD_GetNextDesc
                0x0800c94a       0x38 ./Middlewares/ST/STM32_USB_Device_Library/Core/Src/usbd_core.o
                0x0800c94a                USBD_GetNextDesc
 .text.SWAPBYTE
                0x0800c982       0x3c ./Middlewares/ST/STM32_USB_Device_Library/Core/Src/usbd_ctlreq.o
 *fill*         0x0800c9be        0x2 
 .text.USBD_StdDevReq
                0x0800c9c0       0xe4 ./Middlewares/ST/STM32_USB_Device_Library/Core/Src/usbd_ctlreq.o
                0x0800c9c0                USBD_StdDevReq
 .text.USBD_StdItfReq
                0x0800caa4       0xd8 ./Middlewares/ST/STM32_USB_Device_Library/Core/Src/usbd_ctlreq.o
                0x0800caa4                USBD_StdItfReq
 .text.USBD_StdEPReq
                0x0800cb7c      0x33a ./Middlewares/ST/STM32_USB_Device_Library/Core/Src/usbd_ctlreq.o
                0x0800cb7c                USBD_StdEPReq
 *fill*         0x0800ceb6        0x2 
 .text.USBD_GetDescriptor
                0x0800ceb8      0x2d4 ./Middlewares/ST/STM32_USB_Device_Library/Core/Src/usbd_ctlreq.o
 .text.USBD_SetAddress
                0x0800d18c       0x88 ./Middlewares/ST/STM32_USB_Device_Library/Core/Src/usbd_ctlreq.o
 .text.USBD_SetConfig
                0x0800d214      0x154 ./Middlewares/ST/STM32_USB_Device_Library/Core/Src/usbd_ctlreq.o
 .text.USBD_GetConfig
                0x0800d368       0x6c ./Middlewares/ST/STM32_USB_Device_Library/Core/Src/usbd_ctlreq.o
 .text.USBD_GetStatus
                0x0800d3d4       0x68 ./Middlewares/ST/STM32_USB_Device_Library/Core/Src/usbd_ctlreq.o
 .text.USBD_SetFeature
                0x0800d43c       0x52 ./Middlewares/ST/STM32_USB_Device_Library/Core/Src/usbd_ctlreq.o
 .text.USBD_ClrFeature
                0x0800d48e       0x44 ./Middlewares/ST/STM32_USB_Device_Library/Core/Src/usbd_ctlreq.o
 .text.USBD_ParseSetupRequest
                0x0800d4d2       0x74 ./Middlewares/ST/STM32_USB_Device_Library/Core/Src/usbd_ctlreq.o
                0x0800d4d2                USBD_ParseSetupRequest
 .text.USBD_CtlError
                0x0800d546       0x22 ./Middlewares/ST/STM32_USB_Device_Library/Core/Src/usbd_ctlreq.o
                0x0800d546                USBD_CtlError
 .text.USBD_GetString
                0x0800d568       0xa4 ./Middlewares/ST/STM32_USB_Device_Library/Core/Src/usbd_ctlreq.o
                0x0800d568                USBD_GetString
 .text.USBD_GetLen
                0x0800d60c       0x34 ./Middlewares/ST/STM32_USB_Device_Library/Core/Src/usbd_ctlreq.o
 .text.USBD_CtlSendData
                0x0800d640       0x36 ./Middlewares/ST/STM32_USB_Device_Library/Core/Src/usbd_ioreq.o
                0x0800d640                USBD_CtlSendData
 .text.USBD_CtlContinueSendData
                0x0800d676       0x22 ./Middlewares/ST/STM32_USB_Device_Library/Core/Src/usbd_ioreq.o
                0x0800d676                USBD_CtlContinueSendData
 .text.USBD_CtlPrepareRx
                0x0800d698       0x3a ./Middlewares/ST/STM32_USB_Device_Library/Core/Src/usbd_ioreq.o
                0x0800d698                USBD_CtlPrepareRx
 .text.USBD_CtlContinueRx
                0x0800d6d2       0x22 ./Middlewares/ST/STM32_USB_Device_Library/Core/Src/usbd_ioreq.o
                0x0800d6d2                USBD_CtlContinueRx
 .text.USBD_CtlSendStatus
                0x0800d6f4       0x26 ./Middlewares/ST/STM32_USB_Device_Library/Core/Src/usbd_ioreq.o
                0x0800d6f4                USBD_CtlSendStatus
 .text.USBD_CtlReceiveStatus
                0x0800d71a       0x26 ./Middlewares/ST/STM32_USB_Device_Library/Core/Src/usbd_ioreq.o
                0x0800d71a                USBD_CtlReceiveStatus
 .text.MX_USB_DEVICE_Init
                0x0800d740       0x60 ./USB_DEVICE/App/usb_device.o
                0x0800d740                MX_USB_DEVICE_Init
 .text.parse_packet
                0x0800d7a0       0xc2 ./USB_DEVICE/App/usbd_cdc_if.o
                0x0800d7a0                parse_packet
 *fill*         0x0800d862        0x2 
 .text.CDC_Init_FS
                0x0800d864       0x28 ./USB_DEVICE/App/usbd_cdc_if.o
 .text.CDC_DeInit_FS
                0x0800d88c       0x10 ./USB_DEVICE/App/usbd_cdc_if.o
 .text.CDC_Control_FS
                0x0800d89c       0xbc ./USB_DEVICE/App/usbd_cdc_if.o
 .text.CDC_Receive_FS
                0x0800d958       0xa4 ./USB_DEVICE/App/usbd_cdc_if.o
 .text.CDC_Transmit_FS
                0x0800d9fc       0x4c ./USB_DEVICE/App/usbd_cdc_if.o
                0x0800d9fc                CDC_Transmit_FS
 .text.CDC_TransmitCplt_FS
                0x0800da48       0x22 ./USB_DEVICE/App/usbd_cdc_if.o
 *fill*         0x0800da6a        0x2 
 .text.USBD_FS_DeviceDescriptor
                0x0800da6c       0x24 ./USB_DEVICE/App/usbd_desc.o
                0x0800da6c                USBD_FS_DeviceDescriptor
 .text.USBD_FS_LangIDStrDescriptor
                0x0800da90       0x24 ./USB_DEVICE/App/usbd_desc.o
                0x0800da90                USBD_FS_LangIDStrDescriptor
 .text.USBD_FS_ProductStrDescriptor
                0x0800dab4       0x3c ./USB_DEVICE/App/usbd_desc.o
                0x0800dab4                USBD_FS_ProductStrDescriptor
 .text.USBD_FS_ManufacturerStrDescriptor
                0x0800daf0       0x28 ./USB_DEVICE/App/usbd_desc.o
                0x0800daf0                USBD_FS_ManufacturerStrDescriptor
 .text.USBD_FS_SerialStrDescriptor
                0x0800db18       0x24 ./USB_DEVICE/App/usbd_desc.o
                0x0800db18                USBD_FS_SerialStrDescriptor
 .text.USBD_FS_ConfigStrDescriptor
                0x0800db3c       0x3c ./USB_DEVICE/App/usbd_desc.o
                0x0800db3c                USBD_FS_ConfigStrDescriptor
 .text.USBD_FS_InterfaceStrDescriptor
                0x0800db78       0x3c ./USB_DEVICE/App/usbd_desc.o
                0x0800db78                USBD_FS_InterfaceStrDescriptor
 .text.Get_SerialNum
                0x0800dbb4       0x58 ./USB_DEVICE/App/usbd_desc.o
 .text.IntToUnicode
                0x0800dc0c       0x7e ./USB_DEVICE/App/usbd_desc.o
 *fill*         0x0800dc8a        0x2 
 .text.HAL_PCD_MspInit
                0x0800dc8c       0xc4 ./USB_DEVICE/Target/usbd_conf.o
                0x0800dc8c                HAL_PCD_MspInit
 .text.HAL_PCD_SetupStageCallback
                0x0800dd50       0x24 ./USB_DEVICE/Target/usbd_conf.o
                0x0800dd50                HAL_PCD_SetupStageCallback
 .text.HAL_PCD_DataOutStageCallback
                0x0800dd74       0x36 ./USB_DEVICE/Target/usbd_conf.o
                0x0800dd74                HAL_PCD_DataOutStageCallback
 .text.HAL_PCD_DataInStageCallback
                0x0800ddaa       0x34 ./USB_DEVICE/Target/usbd_conf.o
                0x0800ddaa                HAL_PCD_DataInStageCallback
 .text.HAL_PCD_SOFCallback
                0x0800ddde       0x1c ./USB_DEVICE/Target/usbd_conf.o
                0x0800ddde                HAL_PCD_SOFCallback
 .text.HAL_PCD_ResetCallback
                0x0800ddfa       0x3c ./USB_DEVICE/Target/usbd_conf.o
                0x0800ddfa                HAL_PCD_ResetCallback
 *fill*         0x0800de36        0x2 
 .text.HAL_PCD_SuspendCallback
                0x0800de38       0x4c ./USB_DEVICE/Target/usbd_conf.o
                0x0800de38                HAL_PCD_SuspendCallback
 .text.HAL_PCD_ResumeCallback
                0x0800de84       0x1c ./USB_DEVICE/Target/usbd_conf.o
                0x0800de84                HAL_PCD_ResumeCallback
 .text.HAL_PCD_ISOOUTIncompleteCallback
                0x0800dea0       0x24 ./USB_DEVICE/Target/usbd_conf.o
                0x0800dea0                HAL_PCD_ISOOUTIncompleteCallback
 .text.HAL_PCD_ISOINIncompleteCallback
                0x0800dec4       0x24 ./USB_DEVICE/Target/usbd_conf.o
                0x0800dec4                HAL_PCD_ISOINIncompleteCallback
 .text.HAL_PCD_ConnectCallback
                0x0800dee8       0x1c ./USB_DEVICE/Target/usbd_conf.o
                0x0800dee8                HAL_PCD_ConnectCallback
 .text.HAL_PCD_DisconnectCallback
                0x0800df04       0x1c ./USB_DEVICE/Target/usbd_conf.o
                0x0800df04                HAL_PCD_DisconnectCallback
 .text.USBD_LL_Init
                0x0800df20       0x98 ./USB_DEVICE/Target/usbd_conf.o
                0x0800df20                USBD_LL_Init
 .text.USBD_LL_Start
                0x0800dfb8       0x36 ./USB_DEVICE/Target/usbd_conf.o
                0x0800dfb8                USBD_LL_Start
 .text.USBD_LL_OpenEP
                0x0800dfee       0x4c ./USB_DEVICE/Target/usbd_conf.o
                0x0800dfee                USBD_LL_OpenEP
 .text.USBD_LL_CloseEP
                0x0800e03a       0x3e ./USB_DEVICE/Target/usbd_conf.o
                0x0800e03a                USBD_LL_CloseEP
 .text.USBD_LL_StallEP
                0x0800e078       0x3e ./USB_DEVICE/Target/usbd_conf.o
                0x0800e078                USBD_LL_StallEP
 .text.USBD_LL_ClearStallEP
                0x0800e0b6       0x3e ./USB_DEVICE/Target/usbd_conf.o
                0x0800e0b6                USBD_LL_ClearStallEP
 .text.USBD_LL_IsStallEP
                0x0800e0f4       0x58 ./USB_DEVICE/Target/usbd_conf.o
                0x0800e0f4                USBD_LL_IsStallEP
 .text.USBD_LL_SetUSBAddress
                0x0800e14c       0x3e ./USB_DEVICE/Target/usbd_conf.o
                0x0800e14c                USBD_LL_SetUSBAddress
 .text.USBD_LL_Transmit
                0x0800e18a       0x42 ./USB_DEVICE/Target/usbd_conf.o
                0x0800e18a                USBD_LL_Transmit
 .text.USBD_LL_PrepareReceive
                0x0800e1cc       0x42 ./USB_DEVICE/Target/usbd_conf.o
                0x0800e1cc                USBD_LL_PrepareReceive
 .text.USBD_LL_GetRxDataSize
                0x0800e20e       0x26 ./USB_DEVICE/Target/usbd_conf.o
                0x0800e20e                USBD_LL_GetRxDataSize
 .text.USBD_static_malloc
                0x0800e234       0x1c ./USB_DEVICE/Target/usbd_conf.o
                0x0800e234                USBD_static_malloc
 .text.USBD_static_free
                0x0800e250       0x14 ./USB_DEVICE/Target/usbd_conf.o
                0x0800e250                USBD_static_free
 .text.USBD_Get_USB_Status
                0x0800e264       0x58 ./USB_DEVICE/Target/usbd_conf.o
                0x0800e264                USBD_Get_USB_Status
 .text.memset   0x0800e2bc       0x10 C:/ST/STM32CubeIDE_1.16.1/STM32CubeIDE/plugins/com.st.stm32cube.ide.mcu.externaltools.gnu-tools-for-stm32.12.3.rel1.win32_1.0.200.202406191623/tools/bin/../lib/gcc/arm-none-eabi/12.3.1/../../../../arm-none-eabi/lib/thumb/v7e-m+fp/hard\libc_nano.a(libc_a-memset.o)
                0x0800e2bc                memset
 .text.__libc_init_array
                0x0800e2cc       0x48 C:/ST/STM32CubeIDE_1.16.1/STM32CubeIDE/plugins/com.st.stm32cube.ide.mcu.externaltools.gnu-tools-for-stm32.12.3.rel1.win32_1.0.200.202406191623/tools/bin/../lib/gcc/arm-none-eabi/12.3.1/../../../../arm-none-eabi/lib/thumb/v7e-m+fp/hard\libc_nano.a(libc_a-init.o)
                0x0800e2cc                __libc_init_array
 .text.memcpy   0x0800e314       0x1c C:/ST/STM32CubeIDE_1.16.1/STM32CubeIDE/plugins/com.st.stm32cube.ide.mcu.externaltools.gnu-tools-for-stm32.12.3.rel1.win32_1.0.200.202406191623/tools/bin/../lib/gcc/arm-none-eabi/12.3.1/../../../../arm-none-eabi/lib/thumb/v7e-m+fp/hard\libc_nano.a(libc_a-memcpy-stub.o)
                0x0800e314                memcpy
 *(.glue_7)
 .glue_7        0x0800e330        0x0 linker stubs
 *(.glue_7t)
 .glue_7t       0x0800e330        0x0 linker stubs
 *(.eh_frame)
 .eh_frame      0x0800e330        0x0 C:/ST/STM32CubeIDE_1.16.1/STM32CubeIDE/plugins/com.st.stm32cube.ide.mcu.externaltools.gnu-tools-for-stm32.12.3.rel1.win32_1.0.200.202406191623/tools/bin/../lib/gcc/arm-none-eabi/12.3.1/thumb/v7e-m+fp/hard/crtbegin.o
 *(.init)
 .init          0x0800e330        0x4 C:/ST/STM32CubeIDE_1.16.1/STM32CubeIDE/plugins/com.st.stm32cube.ide.mcu.externaltools.gnu-tools-for-stm32.12.3.rel1.win32_1.0.200.202406191623/tools/bin/../lib/gcc/arm-none-eabi/12.3.1/thumb/v7e-m+fp/hard/crti.o
                0x0800e330                _init
 .init          0x0800e334        0x8 C:/ST/STM32CubeIDE_1.16.1/STM32CubeIDE/plugins/com.st.stm32cube.ide.mcu.externaltools.gnu-tools-for-stm32.12.3.rel1.win32_1.0.200.202406191623/tools/bin/../lib/gcc/arm-none-eabi/12.3.1/thumb/v7e-m+fp/hard/crtn.o
 *(.fini)
 .fini          0x0800e33c        0x4 C:/ST/STM32CubeIDE_1.16.1/STM32CubeIDE/plugins/com.st.stm32cube.ide.mcu.externaltools.gnu-tools-for-stm32.12.3.rel1.win32_1.0.200.202406191623/tools/bin/../lib/gcc/arm-none-eabi/12.3.1/thumb/v7e-m+fp/hard/crti.o
                0x0800e33c                _fini
 .fini          0x0800e340        0x8 C:/ST/STM32CubeIDE_1.16.1/STM32CubeIDE/plugins/com.st.stm32cube.ide.mcu.externaltools.gnu-tools-for-stm32.12.3.rel1.win32_1.0.200.202406191623/tools/bin/../lib/gcc/arm-none-eabi/12.3.1/thumb/v7e-m+fp/hard/crtn.o
                0x0800e348                        . = ALIGN (0x4)
                0x0800e348                        _etext = .

.vfp11_veneer   0x0800e348        0x0
 .vfp11_veneer  0x0800e348        0x0 linker stubs

.v4_bx          0x0800e348        0x0
 .v4_bx         0x0800e348        0x0 linker stubs

.iplt           0x0800e348        0x0
 .iplt          0x0800e348        0x0 C:/ST/STM32CubeIDE_1.16.1/STM32CubeIDE/plugins/com.st.stm32cube.ide.mcu.externaltools.gnu-tools-for-stm32.12.3.rel1.win32_1.0.200.202406191623/tools/bin/../lib/gcc/arm-none-eabi/12.3.1/thumb/v7e-m+fp/hard/crtbegin.o

.rodata         0x0800e348       0xc4
                0x0800e348                        . = ALIGN (0x4)
 *(.rodata)
 .rodata        0x0800e348       0x3c ./Core/Src/main.o
 .rodata        0x0800e384        0x5 ./FreeRTOS/Source/tasks.o
 *fill*         0x0800e389        0x3 
 .rodata        0x0800e38c        0xd ./FreeRTOS/Source/timers.o
 *fill*         0x0800e399        0x3 
 .rodata        0x0800e39c       0x16 ./USB_DEVICE/App/usbd_cdc_if.o
 *fill*         0x0800e3b2        0x2 
 .rodata        0x0800e3b4       0x3e ./USB_DEVICE/App/usbd_desc.o
 *(.rodata*)
 *fill*         0x0800e3f2        0x2 
 .rodata.AHBPrescTable
                0x0800e3f4       0x10 ./Core/Src/system_stm32f4xx.o
                0x0800e3f4                AHBPrescTable
 .rodata.APBPrescTable
                0x0800e404        0x8 ./Core/Src/system_stm32f4xx.o
                0x0800e404                APBPrescTable
                0x0800e40c                        . = ALIGN (0x4)

.ARM.extab      0x0800e40c        0x0
                0x0800e40c                        . = ALIGN (0x4)
 *(.ARM.extab* .gnu.linkonce.armextab.*)
                0x0800e40c                        . = ALIGN (0x4)

.ARM            0x0800e40c        0x8
                0x0800e40c                        . = ALIGN (0x4)
                0x0800e40c                        __exidx_start = .
 *(.ARM.exidx*)
 .ARM.exidx     0x0800e40c        0x8 C:/ST/STM32CubeIDE_1.16.1/STM32CubeIDE/plugins/com.st.stm32cube.ide.mcu.externaltools.gnu-tools-for-stm32.12.3.rel1.win32_1.0.200.202406191623/tools/bin/../lib/gcc/arm-none-eabi/12.3.1/../../../../arm-none-eabi/lib/thumb/v7e-m+fp/hard\libc_nano.a(libc_a-strlen.o)
 .ARM.exidx     0x0800e414        0x0 C:/ST/STM32CubeIDE_1.16.1/STM32CubeIDE/plugins/com.st.stm32cube.ide.mcu.externaltools.gnu-tools-for-stm32.12.3.rel1.win32_1.0.200.202406191623/tools/bin/../lib/gcc/arm-none-eabi/12.3.1/thumb/v7e-m+fp/hard\libgcc.a(_udivmoddi4.o)
                                  0x8 (size before relaxing)
                0x0800e414                        __exidx_end = .
                0x0800e414                        . = ALIGN (0x4)

.preinit_array  0x0800e414        0x0
                0x0800e414                        . = ALIGN (0x4)
                0x0800e414                        PROVIDE (__preinit_array_start = .)
 *(.preinit_array*)
                0x0800e414                        PROVIDE (__preinit_array_end = .)
                0x0800e414                        . = ALIGN (0x4)

.init_array     0x0800e414        0x4
                0x0800e414                        . = ALIGN (0x4)
                0x0800e414                        PROVIDE (__init_array_start = .)
 *(SORT_BY_NAME(.init_array.*))
 *(.init_array*)
 .init_array    0x0800e414        0x4 C:/ST/STM32CubeIDE_1.16.1/STM32CubeIDE/plugins/com.st.stm32cube.ide.mcu.externaltools.gnu-tools-for-stm32.12.3.rel1.win32_1.0.200.202406191623/tools/bin/../lib/gcc/arm-none-eabi/12.3.1/thumb/v7e-m+fp/hard/crtbegin.o
                0x0800e418                        PROVIDE (__init_array_end = .)
                0x0800e418                        . = ALIGN (0x4)

.fini_array     0x0800e418        0x4
                0x0800e418                        . = ALIGN (0x4)
                [!provide]                        PROVIDE (__fini_array_start = .)
 *(SORT_BY_NAME(.fini_array.*))
 *(.fini_array*)
 .fini_array    0x0800e418        0x4 C:/ST/STM32CubeIDE_1.16.1/STM32CubeIDE/plugins/com.st.stm32cube.ide.mcu.externaltools.gnu-tools-for-stm32.12.3.rel1.win32_1.0.200.202406191623/tools/bin/../lib/gcc/arm-none-eabi/12.3.1/thumb/v7e-m+fp/hard/crtbegin.o
                [!provide]                        PROVIDE (__fini_array_end = .)
                0x0800e41c                        . = ALIGN (0x4)
                0x0800e41c                        _sidata = LOADADDR (.data)

.rel.dyn        0x0800e41c        0x0
 .rel.iplt      0x0800e41c        0x0 C:/ST/STM32CubeIDE_1.16.1/STM32CubeIDE/plugins/com.st.stm32cube.ide.mcu.externaltools.gnu-tools-for-stm32.12.3.rel1.win32_1.0.200.202406191623/tools/bin/../lib/gcc/arm-none-eabi/12.3.1/thumb/v7e-m+fp/hard/crtbegin.o

.data           0x20000000      0x104 load address 0x0800e41c
                0x20000000                        . = ALIGN (0x4)
                0x20000000                        _sdata = .
 *(.data)
 *(.data*)
 .data.SystemCoreClock
                0x20000000        0x4 ./Core/Src/system_stm32f4xx.o
                0x20000000                SystemCoreClock
 .data.uwTickPrio
                0x20000004        0x4 ./Drivers/STM32F4xx_HAL_Driver/Src/stm32f4xx_hal.o
                0x20000004                uwTickPrio
 .data.uwTickFreq
                0x20000008        0x1 ./Drivers/STM32F4xx_HAL_Driver/Src/stm32f4xx_hal.o
                0x20000008                uwTickFreq
 *fill*         0x20000009        0x3 
 .data.uxTopUsedPriority
                0x2000000c        0x4 ./FreeRTOS/Source/tasks.o
                0x2000000c                uxTopUsedPriority
 .data.uxCriticalNesting
                0x20000010        0x4 ./FreeRTOS/Source/portable/GCC/ARM_CM4F/port.o
 .data.USBD_CDC_DeviceQualifierDesc
                0x20000014        0xa ./Middlewares/ST/STM32_USB_Device_Library/Class/CDC/Src/usbd_cdc.o
 *fill*         0x2000001e        0x2 
 .data.USBD_CDC
                0x20000020       0x38 ./Middlewares/ST/STM32_USB_Device_Library/Class/CDC/Src/usbd_cdc.o
                0x20000020                USBD_CDC
 .data.USBD_CDC_CfgDesc
                0x20000058       0x43 ./Middlewares/ST/STM32_USB_Device_Library/Class/CDC/Src/usbd_cdc.o
 .data.CDCInEpAdd
                0x2000009b        0x1 ./Middlewares/ST/STM32_USB_Device_Library/Class/CDC/Src/usbd_cdc.o
 .data.CDCOutEpAdd
                0x2000009c        0x1 ./Middlewares/ST/STM32_USB_Device_Library/Class/CDC/Src/usbd_cdc.o
 .data.CDCCmdEpAdd
                0x2000009d        0x1 ./Middlewares/ST/STM32_USB_Device_Library/Class/CDC/Src/usbd_cdc.o
 *fill*         0x2000009e        0x2 
 .data.USBD_Interface_fops_FS
                0x200000a0       0x14 ./USB_DEVICE/App/usbd_cdc_if.o
                0x200000a0                USBD_Interface_fops_FS
 .data.FS_Desc  0x200000b4       0x1c ./USB_DEVICE/App/usbd_desc.o
                0x200000b4                FS_Desc
 .data.USBD_FS_DeviceDesc
                0x200000d0       0x12 ./USB_DEVICE/App/usbd_desc.o
                0x200000d0                USBD_FS_DeviceDesc
 *fill*         0x200000e2        0x2 
 .data.USBD_LangIDDesc
                0x200000e4        0x4 ./USB_DEVICE/App/usbd_desc.o
                0x200000e4                USBD_LangIDDesc
 .data.USBD_StringSerial
                0x200000e8       0x1a ./USB_DEVICE/App/usbd_desc.o
                0x200000e8                USBD_StringSerial
 *(.RamFunc)
 *(.RamFunc*)
                0x20000104                        . = ALIGN (0x4)
 *fill*         0x20000102        0x2 
                0x20000104                        _edata = .

.igot.plt       0x20000104        0x0 load address 0x0800e520
 .igot.plt      0x20000104        0x0 C:/ST/STM32CubeIDE_1.16.1/STM32CubeIDE/plugins/com.st.stm32cube.ide.mcu.externaltools.gnu-tools-for-stm32.12.3.rel1.win32_1.0.200.202406191623/tools/bin/../lib/gcc/arm-none-eabi/12.3.1/thumb/v7e-m+fp/hard/crtbegin.o
                0x20000104                        . = ALIGN (0x4)

.bss            0x20000104    0x14ba8 load address 0x0800e520
                0x20000104                        _sbss = .
                0x20000104                        __bss_start__ = _sbss
 *(.bss)
 .bss           0x20000104       0x1c C:/ST/STM32CubeIDE_1.16.1/STM32CubeIDE/plugins/com.st.stm32cube.ide.mcu.externaltools.gnu-tools-for-stm32.12.3.rel1.win32_1.0.200.202406191623/tools/bin/../lib/gcc/arm-none-eabi/12.3.1/thumb/v7e-m+fp/hard/crtbegin.o
 *(.bss*)
 .bss.hi2c1     0x20000120       0x54 ./Core/Src/main.o
                0x20000120                hi2c1
 .bss.hi2s2     0x20000174       0x48 ./Core/Src/main.o
                0x20000174                hi2s2
 .bss.hi2s3     0x200001bc       0x48 ./Core/Src/main.o
                0x200001bc                hi2s3
 .bss.hspi1     0x20000204       0x58 ./Core/Src/main.o
                0x20000204                hspi1
 .bss.htim4     0x2000025c       0x48 ./Core/Src/main.o
                0x2000025c                htim4
 .bss.currentMode
                0x200002a4        0x1 ./Core/Src/main.o
                0x200002a4                currentMode
 *fill*         0x200002a5        0x3 
 .bss.sharedSensorData
                0x200002a8        0xc ./Core/Src/main.o
                0x200002a8                sharedSensorData
 .bss.dataMutex
                0x200002b4        0x4 ./Core/Src/main.o
                0x200002b4                dataMutex
 .bss.sharedStatus
                0x200002b8        0x8 ./Core/Src/main.o
                0x200002b8                sharedStatus
 .bss.htim5     0x200002c0       0x48 ./Core/Src/stm32f4xx_hal_timebase_tim.o
                0x200002c0                htim5
 .bss.uwTick    0x20000308        0x4 ./Drivers/STM32F4xx_HAL_Driver/Src/stm32f4xx_hal.o
                0x20000308                uwTick
 .bss.xQueueRegistry
                0x2000030c       0x40 ./FreeRTOS/Source/queue.o
                0x2000030c                xQueueRegistry
 .bss.pxCurrentTCB
                0x2000034c        0x4 ./FreeRTOS/Source/tasks.o
                0x2000034c                pxCurrentTCB
 .bss.pxReadyTasksLists
                0x20000350       0x64 ./FreeRTOS/Source/tasks.o
 .bss.xDelayedTaskList1
                0x200003b4       0x14 ./FreeRTOS/Source/tasks.o
 .bss.xDelayedTaskList2
                0x200003c8       0x14 ./FreeRTOS/Source/tasks.o
 .bss.pxDelayedTaskList
                0x200003dc        0x4 ./FreeRTOS/Source/tasks.o
 .bss.pxOverflowDelayedTaskList
                0x200003e0        0x4 ./FreeRTOS/Source/tasks.o
 .bss.xPendingReadyList
                0x200003e4       0x14 ./FreeRTOS/Source/tasks.o
 .bss.xTasksWaitingTermination
                0x200003f8       0x14 ./FreeRTOS/Source/tasks.o
 .bss.uxDeletedTasksWaitingCleanUp
                0x2000040c        0x4 ./FreeRTOS/Source/tasks.o
 .bss.xSuspendedTaskList
                0x20000410       0x14 ./FreeRTOS/Source/tasks.o
 .bss.uxCurrentNumberOfTasks
                0x20000424        0x4 ./FreeRTOS/Source/tasks.o
 .bss.xTickCount
                0x20000428        0x4 ./FreeRTOS/Source/tasks.o
 .bss.uxTopReadyPriority
                0x2000042c        0x4 ./FreeRTOS/Source/tasks.o
 .bss.xSchedulerRunning
                0x20000430        0x4 ./FreeRTOS/Source/tasks.o
 .bss.xPendedTicks
                0x20000434        0x4 ./FreeRTOS/Source/tasks.o
 .bss.xYieldPending
                0x20000438        0x4 ./FreeRTOS/Source/tasks.o
 .bss.xNumOfOverflows
                0x2000043c        0x4 ./FreeRTOS/Source/tasks.o
 .bss.uxTaskNumber
                0x20000440        0x4 ./FreeRTOS/Source/tasks.o
 .bss.xNextTaskUnblockTime
                0x20000444        0x4 ./FreeRTOS/Source/tasks.o
 .bss.xIdleTaskHandle
                0x20000448        0x4 ./FreeRTOS/Source/tasks.o
 .bss.uxSchedulerSuspended
                0x2000044c        0x4 ./FreeRTOS/Source/tasks.o
 .bss.xActiveTimerList1
                0x20000450       0x14 ./FreeRTOS/Source/timers.o
 .bss.xActiveTimerList2
                0x20000464       0x14 ./FreeRTOS/Source/timers.o
 .bss.pxCurrentTimerList
                0x20000478        0x4 ./FreeRTOS/Source/timers.o
 .bss.pxOverflowTimerList
                0x2000047c        0x4 ./FreeRTOS/Source/timers.o
 .bss.xTimerQueue
                0x20000480        0x4 ./FreeRTOS/Source/timers.o
 .bss.xTimerTaskHandle
                0x20000484        0x4 ./FreeRTOS/Source/timers.o
 .bss.xLastTime.0
                0x20000488        0x4 ./FreeRTOS/Source/timers.o
 .bss.ucMaxSysCallPriority
                0x2000048c        0x1 ./FreeRTOS/Source/portable/GCC/ARM_CM4F/port.o
 *fill*         0x2000048d        0x3 
 .bss.ulMaxPRIGROUPValue
                0x20000490        0x4 ./FreeRTOS/Source/portable/GCC/ARM_CM4F/port.o
 .bss.ucHeap    0x20000494    0x12c00 ./FreeRTOS/Source/portable/MemMang/heap_4.o
 .bss.xStart    0x20013094        0x8 ./FreeRTOS/Source/portable/MemMang/heap_4.o
 .bss.pxEnd     0x2001309c        0x4 ./FreeRTOS/Source/portable/MemMang/heap_4.o
 .bss.xFreeBytesRemaining
                0x200130a0        0x4 ./FreeRTOS/Source/portable/MemMang/heap_4.o
 .bss.xMinimumEverFreeBytesRemaining
                0x200130a4        0x4 ./FreeRTOS/Source/portable/MemMang/heap_4.o
 .bss.xNumberOfSuccessfulAllocations
                0x200130a8        0x4 ./FreeRTOS/Source/portable/MemMang/heap_4.o
 .bss.xNumberOfSuccessfulFrees
                0x200130ac        0x4 ./FreeRTOS/Source/portable/MemMang/heap_4.o
 .bss.cfgidx.0  0x200130b0        0x1 ./Middlewares/ST/STM32_USB_Device_Library/Core/Src/usbd_ctlreq.o
 *fill*         0x200130b1        0x3 
 .bss.hUsbDeviceFS
                0x200130b4      0x2dc ./USB_DEVICE/App/usb_device.o
                0x200130b4                hUsbDeviceFS
 .bss.UserRxBufferFS
                0x20013390      0x800 ./USB_DEVICE/App/usbd_cdc_if.o
                0x20013390                UserRxBufferFS
 .bss.UserTxBufferFS
                0x20013b90      0x800 ./USB_DEVICE/App/usbd_cdc_if.o
                0x20013b90                UserTxBufferFS
 .bss.isDefined
                0x20014390        0x1 ./USB_DEVICE/App/usbd_cdc_if.o
                0x20014390                isDefined
 *fill*         0x20014391        0x3 
 .bss.recivedData
                0x20014394       0x14 ./USB_DEVICE/App/usbd_cdc_if.o
                0x20014394                recivedData
 .bss.USBD_StrDesc
                0x200143a8      0x200 ./USB_DEVICE/App/usbd_desc.o
                0x200143a8                USBD_StrDesc
 .bss.hpcd_USB_OTG_FS
                0x200145a8      0x4e4 ./USB_DEVICE/Target/usbd_conf.o
                0x200145a8                hpcd_USB_OTG_FS
 .bss.mem.0     0x20014a8c      0x220 ./USB_DEVICE/Target/usbd_conf.o
 *(COMMON)
                0x20014cac                        . = ALIGN (0x4)
                0x20014cac                        _ebss = .
                0x20014cac                        __bss_end__ = _ebss

._user_heap_stack
                0x20014cac      0x604 load address 0x0800e520
                0x20014cb0                        . = ALIGN (0x8)
 *fill*         0x20014cac        0x4 
                0x20014cb0                        PROVIDE (end = .)
                [!provide]                        PROVIDE (_end = .)
                0x20014eb0                        . = (. + _Min_Heap_Size)
 *fill*         0x20014cb0      0x200 
                0x200152b0                        . = (. + _Min_Stack_Size)
 *fill*         0x20014eb0      0x400 
                0x200152b0                        . = ALIGN (0x8)

/DISCARD/
 libc.a(*)
 libm.a(*)
 libgcc.a(*)

.ARM.attributes
                0x00000000       0x30
 *(.ARM.attributes)
 .ARM.attributes
                0x00000000       0x22 C:/ST/STM32CubeIDE_1.16.1/STM32CubeIDE/plugins/com.st.stm32cube.ide.mcu.externaltools.gnu-tools-for-stm32.12.3.rel1.win32_1.0.200.202406191623/tools/bin/../lib/gcc/arm-none-eabi/12.3.1/thumb/v7e-m+fp/hard/crti.o
 .ARM.attributes
                0x00000022       0x34 C:/ST/STM32CubeIDE_1.16.1/STM32CubeIDE/plugins/com.st.stm32cube.ide.mcu.externaltools.gnu-tools-for-stm32.12.3.rel1.win32_1.0.200.202406191623/tools/bin/../lib/gcc/arm-none-eabi/12.3.1/thumb/v7e-m+fp/hard/crtbegin.o
 .ARM.attributes
                0x00000056       0x34 ./Core/Src/main.o
 .ARM.attributes
                0x0000008a       0x34 ./Core/Src/stm32f4xx_hal_msp.o
 .ARM.attributes
                0x000000be       0x34 ./Core/Src/stm32f4xx_hal_timebase_tim.o
 .ARM.attributes
                0x000000f2       0x34 ./Core/Src/stm32f4xx_it.o
 .ARM.attributes
                0x00000126       0x34 ./Core/Src/system_stm32f4xx.o
 .ARM.attributes
                0x0000015a       0x21 ./Core/Startup/startup_stm32f411vetx.o
 .ARM.attributes
                0x0000017b       0x34 ./Drivers/STM32F4xx_HAL_Driver/Src/stm32f4xx_hal.o
 .ARM.attributes
                0x000001af       0x34 ./Drivers/STM32F4xx_HAL_Driver/Src/stm32f4xx_hal_cortex.o
 .ARM.attributes
                0x000001e3       0x34 ./Drivers/STM32F4xx_HAL_Driver/Src/stm32f4xx_hal_gpio.o
 .ARM.attributes
                0x00000217       0x34 ./Drivers/STM32F4xx_HAL_Driver/Src/stm32f4xx_hal_i2c.o
 .ARM.attributes
                0x0000024b       0x34 ./Drivers/STM32F4xx_HAL_Driver/Src/stm32f4xx_hal_i2s.o
 .ARM.attributes
                0x0000027f       0x34 ./Drivers/STM32F4xx_HAL_Driver/Src/stm32f4xx_hal_i2s_ex.o
 .ARM.attributes
                0x000002b3       0x34 ./Drivers/STM32F4xx_HAL_Driver/Src/stm32f4xx_hal_pcd.o
 .ARM.attributes
                0x000002e7       0x34 ./Drivers/STM32F4xx_HAL_Driver/Src/stm32f4xx_hal_pcd_ex.o
 .ARM.attributes
                0x0000031b       0x34 ./Drivers/STM32F4xx_HAL_Driver/Src/stm32f4xx_hal_rcc.o
 .ARM.attributes
                0x0000034f       0x34 ./Drivers/STM32F4xx_HAL_Driver/Src/stm32f4xx_hal_rcc_ex.o
 .ARM.attributes
                0x00000383       0x34 ./Drivers/STM32F4xx_HAL_Driver/Src/stm32f4xx_hal_spi.o
 .ARM.attributes
                0x000003b7       0x34 ./Drivers/STM32F4xx_HAL_Driver/Src/stm32f4xx_hal_tim.o
 .ARM.attributes
                0x000003eb       0x34 ./Drivers/STM32F4xx_HAL_Driver/Src/stm32f4xx_hal_tim_ex.o
 .ARM.attributes
                0x0000041f       0x34 ./Drivers/STM32F4xx_HAL_Driver/Src/stm32f4xx_ll_usb.o
 .ARM.attributes
                0x00000453       0x34 ./FreeRTOS/Source/list.o
 .ARM.attributes
                0x00000487       0x34 ./FreeRTOS/Source/queue.o
 .ARM.attributes
                0x000004bb       0x34 ./FreeRTOS/Source/tasks.o
 .ARM.attributes
                0x000004ef       0x34 ./FreeRTOS/Source/timers.o
 .ARM.attributes
                0x00000523       0x34 ./FreeRTOS/Source/portable/GCC/ARM_CM4F/port.o
 .ARM.attributes
                0x00000557       0x34 ./FreeRTOS/Source/portable/MemMang/heap_4.o
 .ARM.attributes
                0x0000058b       0x34 ./Middlewares/ST/STM32_USB_Device_Library/Class/CDC/Src/usbd_cdc.o
 .ARM.attributes
                0x000005bf       0x34 ./Middlewares/ST/STM32_USB_Device_Library/Core/Src/usbd_core.o
 .ARM.attributes
                0x000005f3       0x34 ./Middlewares/ST/STM32_USB_Device_Library/Core/Src/usbd_ctlreq.o
 .ARM.attributes
                0x00000627       0x34 ./Middlewares/ST/STM32_USB_Device_Library/Core/Src/usbd_ioreq.o
 .ARM.attributes
                0x0000065b       0x34 ./USB_DEVICE/App/usb_device.o
 .ARM.attributes
                0x0000068f       0x34 ./USB_DEVICE/App/usbd_cdc_if.o
 .ARM.attributes
                0x000006c3       0x34 ./USB_DEVICE/App/usbd_desc.o
 .ARM.attributes
                0x000006f7       0x34 ./USB_DEVICE/Target/usbd_conf.o
 .ARM.attributes
                0x0000072b       0x34 C:/ST/STM32CubeIDE_1.16.1/STM32CubeIDE/plugins/com.st.stm32cube.ide.mcu.externaltools.gnu-tools-for-stm32.12.3.rel1.win32_1.0.200.202406191623/tools/bin/../lib/gcc/arm-none-eabi/12.3.1/../../../../arm-none-eabi/lib/thumb/v7e-m+fp/hard\libc_nano.a(libc_a-memset.o)
 .ARM.attributes
                0x0000075f       0x34 C:/ST/STM32CubeIDE_1.16.1/STM32CubeIDE/plugins/com.st.stm32cube.ide.mcu.externaltools.gnu-tools-for-stm32.12.3.rel1.win32_1.0.200.202406191623/tools/bin/../lib/gcc/arm-none-eabi/12.3.1/../../../../arm-none-eabi/lib/thumb/v7e-m+fp/hard\libc_nano.a(libc_a-init.o)
 .ARM.attributes
                0x00000793       0x34 C:/ST/STM32CubeIDE_1.16.1/STM32CubeIDE/plugins/com.st.stm32cube.ide.mcu.externaltools.gnu-tools-for-stm32.12.3.rel1.win32_1.0.200.202406191623/tools/bin/../lib/gcc/arm-none-eabi/12.3.1/../../../../arm-none-eabi/lib/thumb/v7e-m+fp/hard\libc_nano.a(libc_a-memcpy-stub.o)
 .ARM.attributes
                0x000007c7       0x17 C:/ST/STM32CubeIDE_1.16.1/STM32CubeIDE/plugins/com.st.stm32cube.ide.mcu.externaltools.gnu-tools-for-stm32.12.3.rel1.win32_1.0.200.202406191623/tools/bin/../lib/gcc/arm-none-eabi/12.3.1/../../../../arm-none-eabi/lib/thumb/v7e-m+fp/hard\libc_nano.a(libc_a-strlen.o)
 .ARM.attributes
                0x000007de       0x22 C:/ST/STM32CubeIDE_1.16.1/STM32CubeIDE/plugins/com.st.stm32cube.ide.mcu.externaltools.gnu-tools-for-stm32.12.3.rel1.win32_1.0.200.202406191623/tools/bin/../lib/gcc/arm-none-eabi/12.3.1/thumb/v7e-m+fp/hard\libgcc.a(_aeabi_uldivmod.o)
 .ARM.attributes
                0x00000800       0x34 C:/ST/STM32CubeIDE_1.16.1/STM32CubeIDE/plugins/com.st.stm32cube.ide.mcu.externaltools.gnu-tools-for-stm32.12.3.rel1.win32_1.0.200.202406191623/tools/bin/../lib/gcc/arm-none-eabi/12.3.1/thumb/v7e-m+fp/hard\libgcc.a(_udivmoddi4.o)
 .ARM.attributes
                0x00000834       0x22 C:/ST/STM32CubeIDE_1.16.1/STM32CubeIDE/plugins/com.st.stm32cube.ide.mcu.externaltools.gnu-tools-for-stm32.12.3.rel1.win32_1.0.200.202406191623/tools/bin/../lib/gcc/arm-none-eabi/12.3.1/thumb/v7e-m+fp/hard\libgcc.a(_dvmd_tls.o)
 .ARM.attributes
                0x00000856       0x22 C:/ST/STM32CubeIDE_1.16.1/STM32CubeIDE/plugins/com.st.stm32cube.ide.mcu.externaltools.gnu-tools-for-stm32.12.3.rel1.win32_1.0.200.202406191623/tools/bin/../lib/gcc/arm-none-eabi/12.3.1/thumb/v7e-m+fp/hard/crtn.o
OUTPUT(PRIM-FreeRTOS.elf elf32-littlearm)
LOAD linker stubs
LOAD C:/ST/STM32CubeIDE_1.16.1/STM32CubeIDE/plugins/com.st.stm32cube.ide.mcu.externaltools.gnu-tools-for-stm32.12.3.rel1.win32_1.0.200.202406191623/tools/bin/../lib/gcc/arm-none-eabi/12.3.1/../../../../arm-none-eabi/lib/thumb/v7e-m+fp/hard\libc.a
LOAD C:/ST/STM32CubeIDE_1.16.1/STM32CubeIDE/plugins/com.st.stm32cube.ide.mcu.externaltools.gnu-tools-for-stm32.12.3.rel1.win32_1.0.200.202406191623/tools/bin/../lib/gcc/arm-none-eabi/12.3.1/../../../../arm-none-eabi/lib/thumb/v7e-m+fp/hard\libm.a
LOAD C:/ST/STM32CubeIDE_1.16.1/STM32CubeIDE/plugins/com.st.stm32cube.ide.mcu.externaltools.gnu-tools-for-stm32.12.3.rel1.win32_1.0.200.202406191623/tools/bin/../lib/gcc/arm-none-eabi/12.3.1/thumb/v7e-m+fp/hard\libgcc.a

.debug_info     0x00000000    0x1fe5d
 .debug_info    0x00000000     0x2021 ./Core/Src/main.o
 .debug_info    0x00002021     0x1353 ./Core/Src/stm32f4xx_hal_msp.o
 .debug_info    0x00003374      0xb83 ./Core/Src/stm32f4xx_hal_timebase_tim.o
 .debug_info    0x00003ef7      0xb84 ./Core/Src/stm32f4xx_it.o
 .debug_info    0x00004a7b      0x53e ./Core/Src/system_stm32f4xx.o
 .debug_info    0x00004fb9       0x30 ./Core/Startup/startup_stm32f411vetx.o
 .debug_info    0x00004fe9      0x8c4 ./Drivers/STM32F4xx_HAL_Driver/Src/stm32f4xx_hal.o
 .debug_info    0x000058ad      0xcfc ./Drivers/STM32F4xx_HAL_Driver/Src/stm32f4xx_hal_cortex.o
 .debug_info    0x000065a9      0x6f9 ./Drivers/STM32F4xx_HAL_Driver/Src/stm32f4xx_hal_gpio.o
 .debug_info    0x00006ca2     0x2426 ./Drivers/STM32F4xx_HAL_Driver/Src/stm32f4xx_hal_i2c.o
 .debug_info    0x000090c8      0xdfd ./Drivers/STM32F4xx_HAL_Driver/Src/stm32f4xx_hal_i2s.o
 .debug_info    0x00009ec5      0xaa4 ./Drivers/STM32F4xx_HAL_Driver/Src/stm32f4xx_hal_i2s_ex.o
 .debug_info    0x0000a969     0x1577 ./Drivers/STM32F4xx_HAL_Driver/Src/stm32f4xx_hal_pcd.o
 .debug_info    0x0000bee0      0x6ea ./Drivers/STM32F4xx_HAL_Driver/Src/stm32f4xx_hal_pcd_ex.o
 .debug_info    0x0000c5ca      0x8f0 ./Drivers/STM32F4xx_HAL_Driver/Src/stm32f4xx_hal_rcc.o
 .debug_info    0x0000ceba      0x5a1 ./Drivers/STM32F4xx_HAL_Driver/Src/stm32f4xx_hal_rcc_ex.o
 .debug_info    0x0000d45b     0x1530 ./Drivers/STM32F4xx_HAL_Driver/Src/stm32f4xx_hal_spi.o
 .debug_info    0x0000e98b     0x2996 ./Drivers/STM32F4xx_HAL_Driver/Src/stm32f4xx_hal_tim.o
 .debug_info    0x00011321     0x14d4 ./Drivers/STM32F4xx_HAL_Driver/Src/stm32f4xx_hal_tim_ex.o
 .debug_info    0x000127f5     0x1993 ./Drivers/STM32F4xx_HAL_Driver/Src/stm32f4xx_ll_usb.o
 .debug_info    0x00014188      0x2af ./FreeRTOS/Source/list.o
 .debug_info    0x00014437     0x184f ./FreeRTOS/Source/queue.o
 .debug_info    0x00015c86     0x2401 ./FreeRTOS/Source/tasks.o
 .debug_info    0x00018087      0xe20 ./FreeRTOS/Source/timers.o
 .debug_info    0x00018ea7      0x4e1 ./FreeRTOS/Source/portable/GCC/ARM_CM4F/port.o
 .debug_info    0x00019388      0x523 ./FreeRTOS/Source/portable/MemMang/heap_4.o
 .debug_info    0x000198ab     0x12a3 ./Middlewares/ST/STM32_USB_Device_Library/Class/CDC/Src/usbd_cdc.o
 .debug_info    0x0001ab4e      0xe05 ./Middlewares/ST/STM32_USB_Device_Library/Core/Src/usbd_core.o
 .debug_info    0x0001b953      0xade ./Middlewares/ST/STM32_USB_Device_Library/Core/Src/usbd_ctlreq.o
 .debug_info    0x0001c431      0x755 ./Middlewares/ST/STM32_USB_Device_Library/Core/Src/usbd_ioreq.o
 .debug_info    0x0001cb86      0x701 ./USB_DEVICE/App/usb_device.o
 .debug_info    0x0001d287      0xb79 ./USB_DEVICE/App/usbd_cdc_if.o
 .debug_info    0x0001de00      0x458 ./USB_DEVICE/App/usbd_desc.o
 .debug_info    0x0001e258     0x1c05 ./USB_DEVICE/Target/usbd_conf.o

.debug_abbrev   0x00000000     0x4f39
 .debug_abbrev  0x00000000      0x3b0 ./Core/Src/main.o
 .debug_abbrev  0x000003b0      0x21d ./Core/Src/stm32f4xx_hal_msp.o
 .debug_abbrev  0x000005cd      0x207 ./Core/Src/stm32f4xx_hal_timebase_tim.o
 .debug_abbrev  0x000007d4      0x1d6 ./Core/Src/stm32f4xx_it.o
 .debug_abbrev  0x000009aa      0x11a ./Core/Src/system_stm32f4xx.o
 .debug_abbrev  0x00000ac4       0x24 ./Core/Startup/startup_stm32f411vetx.o
 .debug_abbrev  0x00000ae8      0x24b ./Drivers/STM32F4xx_HAL_Driver/Src/stm32f4xx_hal.o
 .debug_abbrev  0x00000d33      0x31d ./Drivers/STM32F4xx_HAL_Driver/Src/stm32f4xx_hal_cortex.o
 .debug_abbrev  0x00001050      0x1d3 ./Drivers/STM32F4xx_HAL_Driver/Src/stm32f4xx_hal_gpio.o
 .debug_abbrev  0x00001223      0x2bc ./Drivers/STM32F4xx_HAL_Driver/Src/stm32f4xx_hal_i2c.o