../Core/Src/main.c:122:9:i2c1_pisiRegister	32	static
../Core/Src/main.c:127:19:i2c1_beriRegistre	40	static
../Core/Src/main.c:136:6:initOrientation	8	static
../Core/Src/main.c:142:9:spi1_beriRegister	32	static
../Core/Src/main.c:152:6:spi1_pisiRegister	24	static
../Core/Src/main.c:160:19:spi1_beriRegistre	24	static
../Core/Src/main.c:170:6:initGyro	16	static
../Core/Src/main.c:179:6:initMutex	8	static
../Core/Src/main.c:186:6:getGyroData	24	static
../Core/Src/main.c:214:6:getAccelData	24	static
../Core/Src/main.c:242:6:sendData	48	static
../Core/Src/main.c:265:6:update_pwm_brightness	32	static
../Core/Src/main.c:271:6:checkDir	16	static
../Core/Src/main.c:278:6:debug_tx	24	static
../Core/Src/main.c:289:6:GPIO_control	32	static
../Core/Src/main.c:354:6:buttonInterupt	24	static
../Core/Src/main.c:374:5:main	24	static
../Core/Src/main.c:465:6:SystemClock_Config	88	static
../Core/Src/main.c:510:6:PeriphCommonClock_Config	32	static
../Core/Src/main.c:531:13:MX_I2C1_Init	8	static
../Core/Src/main.c:565:13:MX_I2S2_Init	8	static
../Core/Src/main.c:599:13:MX_I2S3_Init	8	static
../Core/Src/main.c:633:13:MX_SPI1_Init	8	static
../Core/Src/main.c:671:13:MX_TIM4_Init	64	static
../Core/Src/main.c:742:13:MX_GPIO_Init	56	static
../Core/Src/main.c:826:6:HAL_TIM_PeriodElapsedCallback	16	static
../Core/Src/main.c:843:6:Error_Handler	4	static,ignoring_inline_asm
