../Core/Src/main.c:93:9:i2c1_pisiRegister	32	static
../Core/Src/main.c:98:6:i2c1_beriRegistre	32	static
../Core/Src/main.c:105:6:initOrientation	8	static
../Core/Src/main.c:111:9:spi1_beriRegister	32	static
../Core/Src/main.c:121:6:spi1_pisiRegister	24	static
../Core/Src/main.c:129:6:spi1_beriRegistre	16	static
../Core/Src/main.c:137:6:initGyro	16	static
../Core/Src/main.c:146:6:initMutex	8	static
../Core/Src/main.c:153:6:sendDataGyro	24	static
../Core/Src/main.c:167:6:sendDataAccelerometer	24	static
../Core/Src/main.c:180:6:update_pwm_brightness	32	static
../Core/Src/main.c:186:6:checkDir	16	static
../Core/Src/main.c:193:6:GPIO_control	32	static
../Core/Src/main.c:236:5:main	24	static
../Core/Src/main.c:335:6:SystemClock_Config	88	static
../Core/Src/main.c:380:6:PeriphCommonClock_Config	32	static
../Core/Src/main.c:401:13:MX_I2C1_Init	8	static
../Core/Src/main.c:435:13:MX_I2S2_Init	8	static
../Core/Src/main.c:469:13:MX_I2S3_Init	8	static
../Core/Src/main.c:503:13:MX_SPI1_Init	8	static
../Core/Src/main.c:541:13:MX_TIM4_Init	64	static
../Core/Src/main.c:608:13:MX_GPIO_Init	56	static
../Core/Src/main.c:692:6:HAL_TIM_PeriodElapsedCallback	16	static
../Core/Src/main.c:709:6:Error_Handler	4	static,ignoring_inline_asm
